<html>
<body>
<pre>
<h1>µVision Build Log</h1>
<h2>Tool Versions:</h2>
IDE-Version: ¦ÌVision V5.43.1.0
Copyright (C) 2025 ARM Ltd and ARM Germany GmbH. All rights reserved.
License Information: s electronic, 1, LIC=3UURY-I1FN1-SGU7K-ZGVMR-K4DUT-Q1S3Z
 
Tool Versions:
Toolchain:       MDK-ARM Professional  Version: 5.43.0.0
Toolchain Path:  C:\Keil_v5\ARM\ARMCC\Bin
C Compiler:      Armcc.exe V5.06 update 7 (build 960)
Assembler:       Armasm.exe V5.06 update 7 (build 960)
Linker/Locator:  ArmLink.exe V5.06 update 7 (build 960)
Library Manager: ArmAr.exe V5.06 update 7 (build 960)
Hex Converter:   FromElf.exe V5.06 update 7 (build 960)
CPU DLL:         SARMCM3.DLL V5.43.0.0
Dialog DLL:      DCM.DLL V1.17.5.0
Target DLL:      STLink\ST-LINKIII-KEIL_SWO.dll V3.3.1.0
Dialog DLL:      TCM.DLL V1.56.6.0
 
<h2>Project:</h2>
e:\Desktop\XM\ELACO_StepMotor\Reference\zhjStepMotor\Firmware\StepMotorCtrl_42\MDK-ARM\StepMotorCtrl_42.uvprojx
Project File Date:  07/21/2026

<h2>Output:</h2>
*** Using Compiler 'V5.06 update 7 (build 960)', folder: 'C:\Keil_v5\ARM\ARMCC\Bin'
Build target 'StepMotorCtrl_42'
compiling encoder_calibrator.c...
..\User\ENCODER\encoder_calibrator.c(134): warning:  #223-D: function "printf" declared implicitly
          printf("Error: Direction zero\r\n");
..\User\ENCODER\encoder_calibrator.c(144): warning:  #223-D: function "printf" declared implicitly
              printf("Error: Continuity large, i=%d\r\n", i);
..\User\ENCODER\encoder_calibrator.c(149): warning:  #223-D: function "printf" declared implicitly
              printf("Error: Continuity small, i=%d\r\n", i);
..\User\ENCODER\encoder_calibrator.c(154): warning:  #223-D: function "printf" declared implicitly
              printf("Error: Zero delta, i=%d\r\n", i);
..\User\ENCODER\encoder_calibrator.c(159): warning:  #223-D: function "printf" declared implicitly
              printf("Error: Direction mismatch, i=%d\r\n", i);
..\User\ENCODER\encoder_calibrator.c(177): warning:  #223-D: function "printf" declared implicitly
          printf("Error: Phase step, num=%lu\r\n", step_num);
..\User\ENCODER\encoder_calibrator.c(180): warning:  #223-D: function "printf" declared implicitly
          printf("CheckData PASS, rcd_x=%ld, rcd_y=%ld\r\n", rcd_x, rcd_y);
..\User\ENCODER\encoder_calibrator.c(315): warning:  #223-D: function "printf" declared implicitly
  		printf("GenerateTable done, result_num=%lu, cali_table[0]=%u\r\n", result_num, cali_table[0]);
..\User\ENCODER\encoder_calibrator.c(484): warning:  #223-D: function "printf" declared implicitly
      printf("Flash check: [0]=%u, [1]=%u, [2]=%u\r\n", p[0], p[1], p[2]);
..\User\ENCODER\encoder_calibrator.c: 9 warnings, 0 errors
linking...
Program Size: Code=25856 RO-data=2408 RW-data=420 ZI-data=3012  
FromELF: creating hex file...
"StepMotorCtrl_42\StepMotorCtrl_42.axf" - 0 Error(s), 9 Warning(s).

<h2>Software Packages used:</h2>

Package Vendor: ARM
                https://www.keil.com/pack/ARM.CMSIS.6.1.0.pack
                ARM::CMSIS@6.1.0
                CMSIS (Common Microcontroller Software Interface Standard)
   * Component: CORE Version: 6.1.0

Package Vendor: Keil
                http://www.keil.com/pack/Keil.STM32F1xx_DFP.2.2.0.pack
                Keil::STM32F1xx_DFP@2.2.0
                STMicroelectronics STM32F1 Series Device Support, Drivers and Examples

<h2>Collection of Component include folders:</h2>
  ./RTE/_StepMotorCtrl_42
  C:/Users/electronic/AppData/Local/Arm/Packs/ARM/CMSIS/6.1.0/CMSIS/Core/Include
  C:/Users/electronic/AppData/Local/Arm/Packs/Keil/STM32F1xx_DFP/2.2.0/Device/Include

<h2>Collection of Component Files used:</h2>

   * Component: ARM::CMSIS:CORE@6.1.0
      Include file:  CMSIS/Core/Include/tz_context.h
Build Time Elapsed:  00:00:04
</pre>
</body>
</html>
