Component: ARM Compiler 5.06 update 7 (build 960) Tool: armlink [4d3601]

==============================================================================

Section Cross References

    startup_stm32f103xe.o(STACK) refers (Special) to heapauxi.o(.text) for __use_two_region_memory
    startup_stm32f103xe.o(HEAP) refers (Special) to heapauxi.o(.text) for __use_two_region_memory
    startup_stm32f103xe.o(RESET) refers (Special) to heapauxi.o(.text) for __use_two_region_memory
    startup_stm32f103xe.o(RESET) refers to startup_stm32f103xe.o(STACK) for __initial_sp
    startup_stm32f103xe.o(RESET) refers to startup_stm32f103xe.o(.text) for Reset_Handler
    startup_stm32f103xe.o(RESET) refers to stm32f1xx_it.o(i.NMI_Handler) for NMI_Handler
    startup_stm32f103xe.o(RESET) refers to stm32f1xx_it.o(i.HardFault_Handler) for HardFault_Handler
    startup_stm32f103xe.o(RESET) refers to stm32f1xx_it.o(i.MemManage_Handler) for MemManage_Handler
    startup_stm32f103xe.o(RESET) refers to stm32f1xx_it.o(i.BusFault_Handler) for BusFault_Handler
    startup_stm32f103xe.o(RESET) refers to stm32f1xx_it.o(i.UsageFault_Handler) for UsageFault_Handler
    startup_stm32f103xe.o(RESET) refers to stm32f1xx_it.o(i.SVC_Handler) for SVC_Handler
    startup_stm32f103xe.o(RESET) refers to stm32f1xx_it.o(i.DebugMon_Handler) for DebugMon_Handler
    startup_stm32f103xe.o(RESET) refers to stm32f1xx_it.o(i.PendSV_Handler) for PendSV_Handler
    startup_stm32f103xe.o(RESET) refers to stm32f1xx_it.o(i.SysTick_Handler) for SysTick_Handler
    startup_stm32f103xe.o(RESET) refers to stm32f1xx_it.o(i.DMA1_Channel1_IRQHandler) for DMA1_Channel1_IRQHandler
    startup_stm32f103xe.o(RESET) refers to stm32f1xx_it.o(i.DMA1_Channel2_IRQHandler) for DMA1_Channel2_IRQHandler
    startup_stm32f103xe.o(RESET) refers to stm32f1xx_it.o(i.DMA1_Channel3_IRQHandler) for DMA1_Channel3_IRQHandler
    startup_stm32f103xe.o(RESET) refers to stm32f1xx_it.o(i.DMA1_Channel4_IRQHandler) for DMA1_Channel4_IRQHandler
    startup_stm32f103xe.o(RESET) refers to stm32f1xx_it.o(i.DMA1_Channel5_IRQHandler) for DMA1_Channel5_IRQHandler
    startup_stm32f103xe.o(RESET) refers to stm32f1xx_it.o(i.USB_HP_CAN1_TX_IRQHandler) for USB_HP_CAN1_TX_IRQHandler
    startup_stm32f103xe.o(RESET) refers to stm32f1xx_it.o(i.USB_LP_CAN1_RX0_IRQHandler) for USB_LP_CAN1_RX0_IRQHandler
    startup_stm32f103xe.o(RESET) refers to stm32f1xx_it.o(i.CAN1_RX1_IRQHandler) for CAN1_RX1_IRQHandler
    startup_stm32f103xe.o(RESET) refers to stm32f1xx_it.o(i.CAN1_SCE_IRQHandler) for CAN1_SCE_IRQHandler
    startup_stm32f103xe.o(RESET) refers to stm32f1xx_it.o(i.TIM1_UP_IRQHandler) for TIM1_UP_IRQHandler
    startup_stm32f103xe.o(RESET) refers to stm32f1xx_it.o(i.TIM3_IRQHandler) for TIM3_IRQHandler
    startup_stm32f103xe.o(RESET) refers to stm32f1xx_it.o(i.TIM4_IRQHandler) for TIM4_IRQHandler
    startup_stm32f103xe.o(RESET) refers to stm32f1xx_it.o(i.USART1_IRQHandler) for USART1_IRQHandler
    startup_stm32f103xe.o(RESET) refers to stm32f1xx_it.o(i.USART3_IRQHandler) for USART3_IRQHandler
    startup_stm32f103xe.o(.text) refers (Special) to heapauxi.o(.text) for __use_two_region_memory
    startup_stm32f103xe.o(.text) refers to system_stm32f1xx.o(i.SystemInit) for SystemInit
    startup_stm32f103xe.o(.text) refers to __main.o(!!!main) for __main
    startup_stm32f103xe.o(.text) refers to startup_stm32f103xe.o(HEAP) for Heap_Mem
    startup_stm32f103xe.o(.text) refers to startup_stm32f103xe.o(STACK) for Stack_Mem
    main.o(i.SystemClock_Config) refers to rt_memclr_w.o(.text) for __aeabi_memclr4
    main.o(i.SystemClock_Config) refers to stm32f1xx_hal_rcc.o(i.HAL_RCC_OscConfig) for HAL_RCC_OscConfig
    main.o(i.SystemClock_Config) refers to stm32f1xx_hal_rcc.o(i.HAL_RCC_ClockConfig) for HAL_RCC_ClockConfig
    main.o(i.SystemClock_Config) refers to stm32f1xx_hal_rcc_ex.o(i.HAL_RCCEx_PeriphCLKConfig) for HAL_RCCEx_PeriphCLKConfig
    main.o(i.main) refers to stm32f1xx_hal.o(i.HAL_Init) for HAL_Init
    main.o(i.main) refers to main.o(i.SystemClock_Config) for SystemClock_Config
    main.o(i.main) refers to gpio.o(i.MX_GPIO_Init) for MX_GPIO_Init
    main.o(i.main) refers to dma.o(i.MX_DMA_Init) for MX_DMA_Init
    main.o(i.main) refers to adc.o(i.MX_ADC1_Init) for MX_ADC1_Init
    main.o(i.main) refers to can.o(i.MX_CAN_Init) for MX_CAN_Init
    main.o(i.main) refers to spi.o(i.MX_SPI1_Init) for MX_SPI1_Init
    main.o(i.main) refers to tim.o(i.MX_TIM1_Init) for MX_TIM1_Init
    main.o(i.main) refers to tim.o(i.MX_TIM2_Init) for MX_TIM2_Init
    main.o(i.main) refers to tim.o(i.MX_TIM4_Init) for MX_TIM4_Init
    main.o(i.main) refers to usart.o(i.MX_USART1_UART_Init) for MX_USART1_UART_Init
    main.o(i.main) refers to usart.o(i.MX_USART3_UART_Init) for MX_USART3_UART_Init
    main.o(i.main) refers to tim.o(i.MX_TIM3_Init) for MX_TIM3_Init
    main.o(i.main) refers to elaco_main.o(i.USR_Main_Init) for USR_Main_Init
[...]
    TIM7_IRQHandler                          0x0800021b   Thumb Code     0  startup_stm32f103xe.o(.text)
    TIM8_BRK_IRQHandler                      0x0800021b   Thumb Code     0  startup_stm32f103xe.o(.text)
    TIM8_CC_IRQHandler                       0x0800021b   Thumb Code     0  startup_stm32f103xe.o(.text)
    TIM8_TRG_COM_IRQHandler                  0x0800021b   Thumb Code     0  startup_stm32f103xe.o(.text)
    TIM8_UP_IRQHandler                       0x0800021b   Thumb Code     0  startup_stm32f103xe.o(.text)
    UART4_IRQHandler                         0x0800021b   Thumb Code     0  startup_stm32f103xe.o(.text)
    UART5_IRQHandler                         0x0800021b   Thumb Code     0  startup_stm32f103xe.o(.text)
    USART2_IRQHandler                        0x0800021b   Thumb Code     0  startup_stm32f103xe.o(.text)
    USBWakeUp_IRQHandler                     0x0800021b   Thumb Code     0  startup_stm32f103xe.o(.text)
    WWDG_IRQHandler                          0x0800021b   Thumb Code     0  startup_stm32f103xe.o(.text)
    __user_initial_stackheap                 0x0800021d   Thumb Code     0  startup_stm32f103xe.o(.text)
    __aeabi_llsr                             0x08000241   Thumb Code     0  llushr.o(.text)
    _ll_ushift_r                             0x08000241   Thumb Code    38  llushr.o(.text)
    __2printf                                0x08000269   Thumb Code    20  noretval__2printf.o(.text)
    _printf_pre_padding                      0x08000281   Thumb Code    44  _printf_pad.o(.text)
    _printf_post_padding                     0x080002ad   Thumb Code    34  _printf_pad.o(.text)
    _printf_int_dec                          0x080002d1   Thumb Code   104  _printf_dec.o(.text)
    __printf                                 0x08000349   Thumb Code   352  __printf_ss_wp.o(.text)
    setvbuf                                  0x080004a9   Thumb Code    70  setvbuf.o(.text)
    __aeabi_memcpy4                          0x080004ef   Thumb Code     0  rt_memcpy_w.o(.text)
    __aeabi_memcpy8                          0x080004ef   Thumb Code     0  rt_memcpy_w.o(.text)
    __rt_memcpy_w                            0x080004ef   Thumb Code   100  rt_memcpy_w.o(.text)
    _memcpy_lastbytes_aligned                0x08000537   Thumb Code     0  rt_memcpy_w.o(.text)
    __aeabi_memclr4                          0x08000553   Thumb Code     0  rt_memclr_w.o(.text)
    __aeabi_memclr8                          0x08000553   Thumb Code     0  rt_memclr_w.o(.text)
    __rt_memclr_w                            0x08000553   Thumb Code    78  rt_memclr_w.o(.text)
    _memset_w                                0x08000557   Thumb Code     0  rt_memclr_w.o(.text)
    __use_two_region_memory                  0x080005a1   Thumb Code     2  heapauxi.o(.text)
    __rt_heap_escrow                         0x080005a3   Thumb Code     2  heapauxi.o(.text)
    __rt_heap_expand                         0x080005a5   Thumb Code     2  heapauxi.o(.text)
    _printf_int_common                       0x080005a7   Thumb Code   178  _printf_intcommon.o(.text)
    __lib_sel_fp_printf                      0x08000659   Thumb Code     2  _printf_fp_dec.o(.text)
    _printf_fp_dec_real                      0x0800080b   Thumb Code   620  _printf_fp_dec.o(.text)
    _printf_char_file                        0x08000a79   Thumb Code    32  _printf_char_file.o(.text)
    _initio                                  0x08000a9d   Thumb Code   210  initio.o(.text)
    _terminateio                             0x08000b6f   Thumb Code    56  initio.o(.text)
    _sys_open                                0x08000bd5   Thumb Code    20  sys_io.o(.text)
    _sys_close                               0x08000be9   Thumb Code    12  sys_io.o(.text)
    _sys_write                               0x08000bf5   Thumb Code    16  sys_io.o(.text)
    _sys_read                                0x08000c05   Thumb Code    14  sys_io.o(.text)
    _sys_istty                               0x08000c13   Thumb Code    12  sys_io.o(.text)
    _sys_seek                                0x08000c1f   Thumb Code    14  sys_io.o(.text)
    _sys_ensure                              0x08000c2d   Thumb Code     2  sys_io.o(.text)
    _sys_flen                                0x08000c2f   Thumb Code    12  sys_io.o(.text)
    __rt_locale                              0x08000c3d   Thumb Code     8  rt_locale_intlibspace.o(.text)
    free                                     0x08000c45   Thumb Code    78  h1_free.o(.text)
    _ll_udiv10                               0x08000c93   Thumb Code   138  lludiv10.o(.text)
    _printf_char_common                      0x08000d27   Thumb Code    32  _printf_char_common.o(.text)
    _printf_fp_infnan                        0x08000d4d   Thumb Code   112  _printf_fp_infnan.o(.text)
    _btod_etento                             0x08000dcd   Thumb Code   224  bigflt0.o(.text)
    ferror                                   0x08000eb1   Thumb Code     8  ferror.o(.text)
    freopen                                  0x08000eb9   Thumb Code   158  fopen.o(.text)
    fopen                                    0x08000f57   Thumb Code    74  fopen.o(.text)
    _fclose_internal                         0x08000fa5   Thumb Code    76  fclose.o(.text)
    fclose                                   0x08000fa5   Thumb Code     0  fclose.o(.text)
    __rt_SIGRTRED                            0x08000ff1   Thumb Code    14  defsig_rtred_outer.o(.text)
    __user_libspace                          0x08001001   Thumb Code     8  libspace.o(.text)
    __user_perproc_libspace                  0x08001001   Thumb Code     0  libspace.o(.text)
    __user_perthread_libspace                0x08001001   Thumb Code     0  libspace.o(.text)
    __I$use$semihosting                      0x08001009   Thumb Code     0  use_no_semi.o(.text)
    __use_no_semihosting_swi                 0x08001009   Thumb Code     2  use_no_semi.o(.text)
    __semihosting_library_function           0x0800100b   Thumb Code     0  indicate_semi.o(.text)
    __user_setup_stackheap                   0x0800100b   Thumb Code    74  sys_stackheap_outer.o(.text)
    __rt_heap_descriptor                     0x08001055   Thumb Code     8  rt_heap_descriptor_intlibspace.o(.text)
    __use_no_heap                            0x0800105d   Thumb Code     2  hguard.o(.text)
    __heap$guard                             0x0800105f   Thumb Code     2  hguard.o(.text)
    _terminate_user_alloc                    0x08001061   Thumb Code     2  init_alloc.o(.text)
    _init_user_alloc                         0x08001063   Thumb Code     2  init_alloc.o(.text)
    __Heap_Full                              0x08001065   Thumb Code    34  init_alloc.o(.text)
    __Heap_Broken                            0x08001087   Thumb Code     6  init_alloc.o(.text)
    _init_alloc                              0x0800108d   Thumb Code    94  init_alloc.o(.text)
    malloc                                   0x080010eb   Thumb Code    94  h1_alloc.o(.text)
    _fseek                                   0x08001149   Thumb Code   242  fseek.o(.text)
    fseek                                    0x08001149   Thumb Code     0  fseek.o(.text)
    _seterr                                  0x08001241   Thumb Code    20  stdio.o(.text)
    _writebuf                                0x08001255   Thumb Code    84  stdio.o(.text)
    _fflush                                  0x080012a9   Thumb Code    70  stdio.o(.text)
    _deferredlazyseek                        0x080012ef   Thumb Code    60  stdio.o(.text)
    exit                                     0x08001331   Thumb Code    18  exit.o(.text)
    __sig_exit                               0x08001343   Thumb Code    10  defsig_exit.o(.text)
    __rt_SIGRTRED_inner                      0x0800134d   Thumb Code    14  defsig_rtred_inner.o(.text)
    strlen                                   0x08001381   Thumb Code    62  strlen.o(.text)
    strcmp                                   0x080013c1   Thumb Code   128  strcmpv7m.o(.text)
    _sys_exit                                0x08001441   Thumb Code     8  sys_exit.o(.text)
    __Heap_Initialize                        0x0800144d   Thumb Code    10  h1_init.o(.text)
    __Heap_DescSize                          0x08001457   Thumb Code     4  h1_init.o(.text)
    __Heap_ProvideMemory                     0x0800145b   Thumb Code    52  h1_extend.o(.text)
    _ftell_internal                          0x0800148f   Thumb Code    66  ftell.o(.text)
    ftell                                    0x0800148f   Thumb Code     0  ftell.o(.text)
    __default_signal_display                 0x080014d1   Thumb Code    50  defsig_general.o(.text)
    __rt_SIGRTMEM                            0x08001503   Thumb Code    14  defsig_rtmem_outer.o(.text)
    _ttywrch                                 0x08001511   Thumb Code    14  sys_wrch.o(.text)
    __aeabi_errno_addr                       0x08001521   Thumb Code     8  rt_errno_addr_intlibspace.o(.text)
    __errno$intlibspace                      0x08001521   Thumb Code     0  rt_errno_addr_intlibspace.o(.text)
    __rt_errno_addr$intlibspace              0x08001521   Thumb Code     0  rt_errno_addr_intlibspace.o(.text)
    __rt_SIGRTMEM_inner                      0x08001529   Thumb Code    22  defsig_rtmem_inner.o(.text)
    _btod_d2e                                0x08001579   Thumb Code    62  btod.o(CL$$btod_d2e)
    _d2e_denorm_low                          0x080015b7   Thumb Code    70  btod.o(CL$$btod_d2e_denorm_low)
    _d2e_norm_op1                            0x080015fd   Thumb Code    96  btod.o(CL$$btod_d2e_norm_op1)
    __btod_div_common                        0x0800165d   Thumb Code   696  btod.o(CL$$btod_div_common)
    _e2e                                     0x08001995   Thumb Code   220  btod.o(CL$$btod_e2e)
    _btod_ediv                               0x08001a71   Thumb Code    42  btod.o(CL$$btod_ediv)
    _btod_emul                               0x08001a9b   Thumb Code    42  btod.o(CL$$btod_emul)
    __btod_mult_common                       0x08001ac5   Thumb Code   580  btod.o(CL$$btod_mult_common)
    ADC_ConversionStop_Disable               0x08001d09   Thumb Code    86  stm32f1xx_hal_adc.o(i.ADC_ConversionStop_Disable)
    ADC_Enable                               0x08001d61   Thumb Code   114  stm32f1xx_hal_adc.o(i.ADC_Enable)
    BusFault_Handler                         0x08001ddd   Thumb Code     2  stm32f1xx_it.o(i.BusFault_Handler)
    CAN1_RX1_IRQHandler                      0x08001de1   Thumb Code     6  stm32f1xx_it.o(i.CAN1_RX1_IRQHandler)
    CAN1_SCE_IRQHandler                      0x08001ded   Thumb Code     6  stm32f1xx_it.o(i.CAN1_SCE_IRQHandler)
    DMA1_Channel1_IRQHandler                 0x08001df9   Thumb Code     6  stm32f1xx_it.o(i.DMA1_Channel1_IRQHandler)
    DMA1_Channel2_IRQHandler                 0x08001e05   Thumb Code     6  stm32f1xx_it.o(i.DMA1_Channel2_IRQHandler)
    DMA1_Channel3_IRQHandler                 0x08001e11   Thumb Code     6  stm32f1xx_it.o(i.DMA1_Channel3_IRQHandler)
    DMA1_Channel4_IRQHandler                 0x08001e1d   Thumb Code     6  stm32f1xx_it.o(i.DMA1_Channel4_IRQHandler)
    DMA1_Channel5_IRQHandler                 0x08001e29   Thumb Code     6  stm32f1xx_it.o(i.DMA1_Channel5_IRQHandler)
    DRV_Button_ReadPin                       0x08001e61   Thumb Code    36  ela_button_drv.o(i.DRV_Button_ReadPin)
    DRV_MT6816_Init                          0x08001e89   Thumb Code    10  ela_mt6816_drv.o(i.DRV_MT6816_Init)
    DRV_MT6816_SpiTransfer                   0x08001e99   Thumb Code    58  ela_mt6816_drv.o(i.DRV_MT6816_SpiTransfer)
    DRV_PowDet_ReadAdc                       0x08001edd   Thumb Code    44  ela_pow_det_drv.o(i.DRV_PowDet_ReadAdc)
    DRV_Stockfile_ErasePartition             0x08001f0d   Thumb Code    58  ela_stockfile_drv.o(i.DRV_Stockfile_ErasePartition)
    DRV_TB67H450_SetDireA                    0x08001f49   Thumb Code    42  ela_tb67h450_drv.o(i.DRV_TB67H450_SetDireA)
    DRV_TB67H450_SetDireB                    0x08001f79   Thumb Code    42  ela_tb67h450_drv.o(i.DRV_TB67H450_SetDireB)
    DRV_TB67H450_SetTwoCoilsCurrent          0x08001fa9   Thumb Code    16  ela_tb67h450_drv.o(i.DRV_TB67H450_SetTwoCoilsCurrent)
    DebugMon_Handler                         0x08001fbd   Thumb Code     2  stm32f1xx_it.o(i.DebugMon_Handler)
    Error_Handler                            0x08001fbf   Thumb Code     4  main.o(i.Error_Handler)
    FLASH_PageErase                          0x08001fe9   Thumb Code    28  stm32f1xx_hal_flash_ex.o(i.FLASH_PageErase)
    FLASH_WaitForLastOperation               0x08002085   Thumb Code    80  stm32f1xx_hal_flash.o(i.FLASH_WaitForLastOperation)
    HAL_ADC_ConfigChannel                    0x080020d9   Thumb Code   240  stm32f1xx_hal_adc.o(i.HAL_ADC_ConfigChannel)
    HAL_ADC_GetValue                         0x080021d5   Thumb Code     6  stm32f1xx_hal_adc.o(i.HAL_ADC_GetValue)
    HAL_ADC_Init                             0x080021dd   Thumb Code   272  stm32f1xx_hal_adc.o(i.HAL_ADC_Init)
    HAL_ADC_MspInit                          0x080022fd   Thumb Code   126  adc.o(i.HAL_ADC_MspInit)
    HAL_ADC_PollForConversion                0x08002391   Thumb Code   304  stm32f1xx_hal_adc.o(i.HAL_ADC_PollForConversion)
    HAL_ADC_Start                            0x080024cd   Thumb Code   184  stm32f1xx_hal_adc.o(i.HAL_ADC_Start)
    HAL_ADC_Stop                             0x0800258d   Thumb Code    52  stm32f1xx_hal_adc.o(i.HAL_ADC_Stop)
    HAL_CAN_ErrorCallback                    0x080025c1   Thumb Code     2  stm32f1xx_hal_can.o(i.HAL_CAN_ErrorCallback)
    HAL_CAN_IRQHandler                       0x080025c3   Thumb Code   508  stm32f1xx_hal_can.o(i.HAL_CAN_IRQHandler)
    HAL_CAN_Init                             0x080027bf   Thumb Code   282  stm32f1xx_hal_can.o(i.HAL_CAN_Init)
    HAL_CAN_MspInit                          0x080028d9   Thumb Code   160  can.o(i.HAL_CAN_MspInit)
    HAL_CAN_RxFifo0FullCallback              0x08002985   Thumb Code     2  stm32f1xx_hal_can.o(i.HAL_CAN_RxFifo0FullCallback)
    HAL_CAN_RxFifo0MsgPendingCallback        0x08002987   Thumb Code     2  stm32f1xx_hal_can.o(i.HAL_CAN_RxFifo0MsgPendingCallback)
    HAL_CAN_RxFifo1FullCallback              0x08002989   Thumb Code     2  stm32f1xx_hal_can.o(i.HAL_CAN_RxFifo1FullCallback)
    HAL_CAN_RxFifo1MsgPendingCallback        0x0800298b   Thumb Code     2  stm32f1xx_hal_can.o(i.HAL_CAN_RxFifo1MsgPendingCallback)
    HAL_CAN_SleepCallback                    0x0800298d   Thumb Code     2  stm32f1xx_hal_can.o(i.HAL_CAN_SleepCallback)
    HAL_CAN_TxMailbox0AbortCallback          0x0800298f   Thumb Code     2  stm32f1xx_hal_can.o(i.HAL_CAN_TxMailbox0AbortCallback)
    HAL_CAN_TxMailbox0CompleteCallback       0x08002991   Thumb Code     2  stm32f1xx_hal_can.o(i.HAL_CAN_TxMailbox0CompleteCallback)
    HAL_CAN_TxMailbox1AbortCallback          0x08002993   Thumb Code     2  stm32f1xx_hal_can.o(i.HAL_CAN_TxMailbox1AbortCallback)
    HAL_CAN_TxMailbox1CompleteCallback       0x08002995   Thumb Code     2  stm32f1xx_hal_can.o(i.HAL_CAN_TxMailbox1CompleteCallback)
    HAL_CAN_TxMailbox2AbortCallback          0x08002997   Thumb Code     2  stm32f1xx_hal_can.o(i.HAL_CAN_TxMailbox2AbortCallback)
    HAL_CAN_TxMailbox2CompleteCallback       0x08002999   Thumb Code     2  stm32f1xx_hal_can.o(i.HAL_CAN_TxMailbox2CompleteCallback)
    HAL_CAN_WakeUpFromRxMsgCallback          0x0800299b   Thumb Code     2  stm32f1xx_hal_can.o(i.HAL_CAN_WakeUpFromRxMsgCallback)
    HAL_DMA_Abort                            0x0800299d   Thumb Code    70  stm32f1xx_hal_dma.o(i.HAL_DMA_Abort)
    HAL_DMA_Abort_IT                         0x080029e5   Thumb Code   296  stm32f1xx_hal_dma.o(i.HAL_DMA_Abort_IT)
    HAL_DMA_IRQHandler                       0x08002b15   Thumb Code   552  stm32f1xx_hal_dma.o(i.HAL_DMA_IRQHandler)
    HAL_DMA_Init                             0x08002d5d   Thumb Code   112  stm32f1xx_hal_dma.o(i.HAL_DMA_Init)
    HAL_DMA_Start_IT                         0x08002dd9   Thumb Code   112  stm32f1xx_hal_dma.o(i.HAL_DMA_Start_IT)
    HAL_FLASHEx_Erase                        0x08002e49   Thumb Code   160  stm32f1xx_hal_flash_ex.o(i.HAL_FLASHEx_Erase)
    HAL_FLASH_Lock                           0x08002ef1   Thumb Code    14  stm32f1xx_hal_flash.o(i.HAL_FLASH_Lock)
    HAL_FLASH_Program                        0x08002f05   Thumb Code   120  stm32f1xx_hal_flash.o(i.HAL_FLASH_Program)
    HAL_FLASH_Unlock                         0x08002f85   Thumb Code    28  stm32f1xx_hal_flash.o(i.HAL_FLASH_Unlock)
    HAL_GPIO_Init                            0x08002fad   Thumb Code   462  stm32f1xx_hal_gpio.o(i.HAL_GPIO_Init)
    HAL_GPIO_ReadPin                         0x080031a5   Thumb Code    10  stm32f1xx_hal_gpio.o(i.HAL_GPIO_ReadPin)
    HAL_GPIO_WritePin                        0x080031af   Thumb Code    10  stm32f1xx_hal_gpio.o(i.HAL_GPIO_WritePin)
    HAL_GetTick                              0x080031b9   Thumb Code     6  stm32f1xx_hal.o(i.HAL_GetTick)
    HAL_IncTick                              0x080031c5   Thumb Code    12  stm32f1xx_hal.o(i.HAL_IncTick)
    HAL_Init                                 0x080031d5   Thumb Code    32  stm32f1xx_hal.o(i.HAL_Init)
    HAL_InitTick                             0x080031f9   Thumb Code    54  stm32f1xx_hal.o(i.HAL_InitTick)
    HAL_MspInit                              0x08003239   Thumb Code    52  stm32f1xx_hal_msp.o(i.HAL_MspInit)
    HAL_NVIC_EnableIRQ                       0x08003275   Thumb Code    26  stm32f1xx_hal_cortex.o(i.HAL_NVIC_EnableIRQ)
    HAL_NVIC_SetPriority                     0x08003291   Thumb Code    60  stm32f1xx_hal_cortex.o(i.HAL_NVIC_SetPriority)
    HAL_NVIC_SetPriorityGrouping             0x080032d1   Thumb Code    26  stm32f1xx_hal_cortex.o(i.HAL_NVIC_SetPriorityGrouping)
    HAL_RCCEx_GetPeriphCLKFreq               0x080032f5   Thumb Code   166  stm32f1xx_hal_rcc_ex.o(i.HAL_RCCEx_GetPeriphCLKFreq)
    HAL_RCCEx_PeriphCLKConfig                0x080033ad   Thumb Code   224  stm32f1xx_hal_rcc_ex.o(i.HAL_RCCEx_PeriphCLKConfig)
    HAL_RCC_ClockConfig                      0x08003499   Thumb Code   280  stm32f1xx_hal_rcc.o(i.HAL_RCC_ClockConfig)
    HAL_RCC_GetPCLK1Freq                     0x080035c5   Thumb Code    20  stm32f1xx_hal_rcc.o(i.HAL_RCC_GetPCLK1Freq)
    HAL_RCC_GetPCLK2Freq                     0x080035e5   Thumb Code    20  stm32f1xx_hal_rcc.o(i.HAL_RCC_GetPCLK2Freq)
    HAL_RCC_GetSysClockFreq                  0x08003605   Thumb Code    58  stm32f1xx_hal_rcc.o(i.HAL_RCC_GetSysClockFreq)
    HAL_RCC_OscConfig                        0x08003651   Thumb Code   778  stm32f1xx_hal_rcc.o(i.HAL_RCC_OscConfig)
    HAL_SPI_Init                             0x08003971   Thumb Code   178  stm32f1xx_hal_spi.o(i.HAL_SPI_Init)
    HAL_SPI_MspInit                          0x08003a25   Thumb Code    98  spi.o(i.HAL_SPI_MspInit)
    HAL_SPI_TransmitReceive                  0x08003a95   Thumb Code   496  stm32f1xx_hal_spi.o(i.HAL_SPI_TransmitReceive)
    HAL_SYSTICK_Config                       0x08003c85   Thumb Code    40  stm32f1xx_hal_cortex.o(i.HAL_SYSTICK_Config)
    HAL_TIMEx_BreakCallback                  0x08003cad   Thumb Code     2  stm32f1xx_hal_tim_ex.o(i.HAL_TIMEx_BreakCallback)
    HAL_TIMEx_CommutCallback                 0x08003caf   Thumb Code     2  stm32f1xx_hal_tim_ex.o(i.HAL_TIMEx_CommutCallback)
    HAL_TIMEx_MasterConfigSynchronization    0x08003cb1   Thumb Code   104  stm32f1xx_hal_tim_ex.o(i.HAL_TIMEx_MasterConfigSynchronization)
    HAL_TIM_Base_Init                        0x08003d2d   Thumb Code    90  stm32f1xx_hal_tim.o(i.HAL_TIM_Base_Init)
    HAL_TIM_Base_MspInit                     0x08003d89   Thumb Code   144  tim.o(i.HAL_TIM_Base_MspInit)
    HAL_TIM_Base_Start_IT                    0x08003e29   Thumb Code    88  stm32f1xx_hal_tim.o(i.HAL_TIM_Base_Start_IT)
    HAL_TIM_ConfigClockSource                0x08003e95   Thumb Code   220  stm32f1xx_hal_tim.o(i.HAL_TIM_ConfigClockSource)
    HAL_TIM_IC_CaptureCallback               0x08003f71   Thumb Code     2  stm32f1xx_hal_tim.o(i.HAL_TIM_IC_CaptureCallback)
    HAL_TIM_IRQHandler                       0x08003f73   Thumb Code   304  stm32f1xx_hal_tim.o(i.HAL_TIM_IRQHandler)
    HAL_TIM_MspPostInit                      0x080040a5   Thumb Code    82  tim.o(i.HAL_TIM_MspPostInit)
    HAL_TIM_OC_DelayElapsedCallback          0x08004105   Thumb Code     2  stm32f1xx_hal_tim.o(i.HAL_TIM_OC_DelayElapsedCallback)
    HAL_TIM_PWM_ConfigChannel                0x08004107   Thumb Code   204  stm32f1xx_hal_tim.o(i.HAL_TIM_PWM_ConfigChannel)
    HAL_TIM_PWM_Init                         0x080041d3   Thumb Code    90  stm32f1xx_hal_tim.o(i.HAL_TIM_PWM_Init)
    HAL_TIM_PWM_MspInit                      0x0800422d   Thumb Code     2  stm32f1xx_hal_tim.o(i.HAL_TIM_PWM_MspInit)
    HAL_TIM_PWM_PulseFinishedCallback        0x0800422f   Thumb Code     2  stm32f1xx_hal_tim.o(i.HAL_TIM_PWM_PulseFinishedCallback)
    HAL_TIM_PWM_Start                        0x08004231   Thumb Code   160  stm32f1xx_hal_tim.o(i.HAL_TIM_PWM_Start)
    HAL_TIM_PeriodElapsedCallback            0x080042e5   Thumb Code    22  elaco_main.o(i.HAL_TIM_PeriodElapsedCallback)
    HAL_TIM_TriggerCallback                  0x08004305   Thumb Code     2  stm32f1xx_hal_tim.o(i.HAL_TIM_TriggerCallback)
    HAL_UARTEx_RxEventCallback               0x08004307   Thumb Code     2  stm32f1xx_hal_uart.o(i.HAL_UARTEx_RxEventCallback)
    HAL_UART_ErrorCallback                   0x08004309   Thumb Code     2  stm32f1xx_hal_uart.o(i.HAL_UART_ErrorCallback)
    HAL_UART_IRQHandler                      0x0800430d   Thumb Code   616  stm32f1xx_hal_uart.o(i.HAL_UART_IRQHandler)
    HAL_UART_Init                            0x08004579   Thumb Code   100  stm32f1xx_hal_uart.o(i.HAL_UART_Init)
    HAL_UART_MspInit                         0x080045dd   Thumb Code   408  usart.o(i.HAL_UART_MspInit)
    HAL_UART_Receive_DMA                     0x08004795   Thumb Code    28  stm32f1xx_hal_uart.o(i.HAL_UART_Receive_DMA)
    HAL_UART_RxCpltCallback                  0x080047b1   Thumb Code     2  elaco_main.o(i.HAL_UART_RxCpltCallback)
    HAL_UART_RxHalfCpltCallback              0x080047b3   Thumb Code     2  stm32f1xx_hal_uart.o(i.HAL_UART_RxHalfCpltCallback)
    HAL_UART_Transmit                        0x080047b5   Thumb Code   160  stm32f1xx_hal_uart.o(i.HAL_UART_Transmit)
    HAL_UART_Transmit_DMA                    0x08004855   Thumb Code   106  stm32f1xx_hal_uart.o(i.HAL_UART_Transmit_DMA)
    HAL_UART_TxCpltCallback                  0x080048cd   Thumb Code    22  elaco_main.o(i.HAL_UART_TxCpltCallback)
    HAL_UART_TxHalfCpltCallback              0x080048ed   Thumb Code     2  stm32f1xx_hal_uart.o(i.HAL_UART_TxHalfCpltCallback)
    HardFault_Handler                        0x080048ef   Thumb Code     2  stm32f1xx_it.o(i.HardFault_Handler)
    MX_ADC1_Init                             0x080048f1   Thumb Code    68  adc.o(i.MX_ADC1_Init)
    MX_CAN_Init                              0x0800493d   Thumb Code    58  can.o(i.MX_CAN_Init)
    MX_DMA_Init                              0x08004981   Thumb Code   104  dma.o(i.MX_DMA_Init)
    MX_GPIO_Init                             0x080049ed   Thumb Code   224  gpio.o(i.MX_GPIO_Init)
    MX_SPI1_Init                             0x08004add   Thumb Code    68  spi.o(i.MX_SPI1_Init)
    MX_TIM1_Init                             0x08004b29   Thumb Code    98  tim.o(i.MX_TIM1_Init)
    MX_TIM2_Init                             0x08004b95   Thumb Code   160  tim.o(i.MX_TIM2_Init)
    MX_TIM3_Init                             0x08004c39   Thumb Code    94  tim.o(i.MX_TIM3_Init)
    MX_TIM4_Init                             0x08004ca1   Thumb Code    94  tim.o(i.MX_TIM4_Init)
    MX_USART1_UART_Init                      0x08004d09   Thumb Code    48  usart.o(i.MX_USART1_UART_Init)
    MX_USART3_UART_Init                      0x08004d41   Thumb Code    48  usart.o(i.MX_USART3_UART_Init)
    MemManage_Handler                        0x08004d79   Thumb Code     2  stm32f1xx_it.o(i.MemManage_Handler)
    NMI_Handler                              0x08004d7b   Thumb Code     2  stm32f1xx_it.o(i.NMI_Handler)
    PendSV_Handler                           0x08004d7d   Thumb Code     2  stm32f1xx_it.o(i.PendSV_Handler)
    SVC_Handler                              0x08004e6d   Thumb Code     2  stm32f1xx_it.o(i.SVC_Handler)
    SysTick_Handler                          0x08004e6f   Thumb Code     4  stm32f1xx_it.o(i.SysTick_Handler)
    SystemClock_Config                       0x08004e73   Thumb Code   122  main.o(i.SystemClock_Config)
    SystemInit                               0x08004eed   Thumb Code     2  system_stm32f1xx.o(i.SystemInit)
    TIM1_UP_IRQHandler                       0x08004ef1   Thumb Code     6  stm32f1xx_it.o(i.TIM1_UP_IRQHandler)
    TIM3_IRQHandler                          0x08004efd   Thumb Code     6  stm32f1xx_it.o(i.TIM3_IRQHandler)
    TIM4_IRQHandler                          0x08004f09   Thumb Code     6  stm32f1xx_it.o(i.TIM4_IRQHandler)
    TIM_Base_SetConfig                       0x08004f15   Thumb Code   134  stm32f1xx_hal_tim.o(i.TIM_Base_SetConfig)
    TIM_CCxChannelCmd                        0x08004fb1   Thumb Code    26  stm32f1xx_hal_tim.o(i.TIM_CCxChannelCmd)
    TIM_ETR_SetConfig                        0x08004fcb   Thumb Code    20  stm32f1xx_hal_tim.o(i.TIM_ETR_SetConfig)
    TIM_OC2_SetConfig                        0x08005051   Thumb Code    98  stm32f1xx_hal_tim.o(i.TIM_OC2_SetConfig)
    UART_Start_Receive_DMA                   0x080054e9   Thumb Code   130  stm32f1xx_hal_uart.o(i.UART_Start_Receive_DMA)
    USART1_IRQHandler                        0x080055ed   Thumb Code     6  stm32f1xx_it.o(i.USART1_IRQHandler)
    USART3_IRQHandler                        0x080055f9   Thumb Code    16  stm32f1xx_it.o(i.USART3_IRQHandler)
    USB_HP_CAN1_TX_IRQHandler                0x0800560d   Thumb Code     6  stm32f1xx_it.o(i.USB_HP_CAN1_TX_IRQHandler)
    USB_LP_CAN1_RX0_IRQHandler               0x08005619   Thumb Code     6  stm32f1xx_it.o(i.USB_LP_CAN1_RX0_IRQHandler)
    USR_Button_GetBothLong                   0x08005625   Thumb Code    18  ela_button_usr.o(i.USR_Button_GetBothLong)
    USR_Button_Init                          0x0800563d   Thumb Code    60  ela_button_usr.o(i.USR_Button_Init)
    USR_Button_Tick                          0x08005681   Thumb Code   190  ela_button_usr.o(i.USR_Button_Tick)
    USR_Calibration_Init                     0x08005749   Thumb Code    12  elaco_calibration_usr.o(i.USR_Calibration_Init)
    USR_Calibration_Proc                     0x08005759   Thumb Code   344  elaco_calibration_usr.o(i.USR_Calibration_Proc)
    USR_Calibration_Start                    0x080058c5   Thumb Code    48  elaco_calibration_usr.o(i.USR_Calibration_Start)
    USR_Calibration_TableDataValid           0x08005905   Thumb Code    26  elaco_calibration_usr.o(i.USR_Calibration_TableDataValid)
    USR_Calibration_TableGenerateProc        0x08005929   Thumb Code    54  elaco_calibration_usr.o(i.USR_Calibration_TableGenerateProc)
    USR_CycleCal_AvgArray                    0x08005965   Thumb Code    60  ela_cyclecal.o(i.USR_CycleCal_AvgArray)
    USR_CycleCal_AvgTwo                      0x080059a1   Thumb Code    34  ela_cyclecal.o(i.USR_CycleCal_AvgTwo)
    USR_CycleCal_Diff                        0x080059c3   Thumb Code    32  ela_cyclecal.o(i.USR_CycleCal_Diff)
    USR_CycleCal_Mod                         0x080059e3   Thumb Code    10  ela_cyclecal.o(i.USR_CycleCal_Mod)
    USR_MT6816_Init                          0x080059ed   Thumb Code    14  ela_mt6816_usr.o(i.USR_MT6816_Init)
    USR_MT6816_ReadAngle                     0x08005a01   Thumb Code    96  ela_mt6816_usr.o(i.USR_MT6816_ReadAngle)
    USR_Main_Init                            0x08005a65   Thumb Code   132  elaco_main.o(i.USR_Main_Init)
    USR_MotionRun_DemoPoll                   0x08005b51   Thumb Code    96  ela_motion_run_usr.o(i.USR_MotionRun_DemoPoll)
    USR_MotionRun_DemoStart                  0x08005bb9   Thumb Code    16  ela_motion_run_usr.o(i.USR_MotionRun_DemoStart)
    USR_MotionRun_GotoTarget                 0x08005bd1   Thumb Code    72  ela_motion_run_usr.o(i.USR_MotionRun_GotoTarget)
    USR_MotionRun_Init                       0x08005c4d   Thumb Code    32  ela_motion_run_usr.o(i.USR_MotionRun_Init)
    USR_MotionRun_Proc                       0x08005c71   Thumb Code   270  ela_motion_run_usr.o(i.USR_MotionRun_Proc)
    USR_PowDet_Init                          0x08005d89   Thumb Code     8  ela_pow_det_usr.o(i.USR_PowDet_Init)
    USR_PowDet_Tick                          0x08005d95   Thumb Code    64  ela_pow_det_usr.o(i.USR_PowDet_Tick)
    USR_Stockfile_Erase                      0x08005e09   Thumb Code     4  ela_stockfile_usr.o(i.USR_Stockfile_Erase)
    USR_Stockfile_Init                       0x08005e0d   Thumb Code    30  ela_stockfile_usr.o(i.USR_Stockfile_Init)
    USR_Stockfile_SeqWriteBegin              0x08005e35   Thumb Code    10  ela_stockfile_usr.o(i.USR_Stockfile_SeqWriteBegin)
    USR_Stockfile_SeqWriteEnd                0x08005e45   Thumb Code     4  ela_stockfile_usr.o(i.USR_Stockfile_SeqWriteEnd)
    USR_Stockfile_SeqWriteNext               0x08005e49   Thumb Code    24  ela_stockfile_usr.o(i.USR_Stockfile_SeqWriteNext)
    USR_TB67H450_SetFocCurrent               0x08005e65   Thumb Code   120  ela_tb67h450_usr.o(i.USR_TB67H450_SetFocCurrent)
    USR_UART3_DmaInit                        0x08005ee5   Thumb Code    54  ela_uart_usr.o(i.USR_UART3_DmaInit)
    USR_UART3_DmaRxIdleHandler               0x08005f2d   Thumb Code    90  ela_uart_usr.o(i.USR_UART3_DmaRxIdleHandler)
    USR_UART3_DmaTxContinue                  0x08005f99   Thumb Code    66  ela_uart_usr.o(i.USR_UART3_DmaTxContinue)
    USR_UART_PrintfInit                      0x08005fe9   Thumb Code    14  ela_uart_usr.o(i.USR_UART_PrintfInit)
    USR_UartQueue_Count                      0x08005ffd   Thumb Code     6  ela_uart_queue.o(i.USR_UartQueue_Count)
    USR_UartQueue_GetBuf                     0x08006003   Thumb Code    58  ela_uart_queue.o(i.USR_UartQueue_GetBuf)
    USR_UartQueue_Init                       0x0800603d   Thumb Code    16  ela_uart_queue.o(i.USR_UartQueue_Init)
    USR_UartQueue_PutBuf                     0x0800604d   Thumb Code    64  ela_uart_queue.o(i.USR_UartQueue_PutBuf)
    UsageFault_Handler                       0x0800608d   Thumb Code     2  stm32f1xx_it.o(i.UsageFault_Handler)
    __ARM_fpclassify                         0x0800608f   Thumb Code    40  fpclassify.o(i.__ARM_fpclassify)
    _is_digit                                0x080060d7   Thumb Code    14  __printf_wp.o(i._is_digit)
    fputc                                    0x0800638d   Thumb Code    20  ela_uart_drv.o(i.fputc)
    main                                     0x080063a5   Thumb Code    58  main.o(i.main)
    _get_lc_numeric                          0x08006435   Thumb Code    44  lc_numeric_c.o(locale$$code)
    __fpl_dcmp_Inf                           0x08006461   Thumb Code    24  dcmpi.o(x$fpl$dcmpinf)
    __aeabi_i2d                              0x08006479   Thumb Code     0  dflt_clz.o(x$fpl$dflt)
    _dflt                                    0x08006479   Thumb Code    46  dflt_clz.o(x$fpl$dflt)
    __aeabi_cdcmple                          0x080064a9   Thumb Code     0  dleqf.o(x$fpl$dleqf)
    _dcmple                                  0x080064a9   Thumb Code   120  dleqf.o(x$fpl$dleqf)
    __fpl_dcmple_InfNaN                      0x0800650b   Thumb Code     0  dleqf.o(x$fpl$dleqf)
    __fpl_dnaninf                            0x08006521   Thumb Code   156  dnaninf.o(x$fpl$dnaninf)
    __fpl_dretinf                            0x080065bd   Thumb Code    12  dretinf.o(x$fpl$dretinf)
    __aeabi_cdrcmple                         0x080065c9   Thumb Code     0  drleqf.o(x$fpl$drleqf)
    _drcmple                                 0x080065c9   Thumb Code   108  drleqf.o(x$fpl$drleqf)
    __aeabi_f2d                              0x08006635   Thumb Code     0  f2d.o(x$fpl$f2d)
    _f2d                                     0x08006635   Thumb Code    86  f2d.o(x$fpl$f2d)
    __aeabi_fdiv                             0x0800668d   Thumb Code     0  fdiv.o(x$fpl$fdiv)
    _fdiv                                    0x0800668d   Thumb Code   384  fdiv.o(x$fpl$fdiv)
    __aeabi_ui2f                             0x08006811   Thumb Code     0  fflt_clz.o(x$fpl$ffltu)
    _ffltu                                   0x08006811   Thumb Code    38  fflt_clz.o(x$fpl$ffltu)
    __aeabi_fmul                             0x08006839   Thumb Code     0  fmul.o(x$fpl$fmul)
    _fmul                                    0x08006839   Thumb Code   258  fmul.o(x$fpl$fmul)
    __fpl_fnaninf                            0x0800693b   Thumb Code   140  fnaninf.o(x$fpl$fnaninf)
    __fpl_fretinf                            0x080069c7   Thumb Code    10  fretinf.o(x$fpl$fretinf)
    _printf_fp_dec                           0x080069d1   Thumb Code     4  printf1.o(x$fpl$printf1)
    __I$use$fp                               0x080069d4   Number         0  usenofp.o(x$fpl$usenofp)
    AHBPrescTable                            0x080069f8   Data          16  system_stm32f1xx.o(.constdata)
    APBPrescTable                            0x08006a08   Data           8  system_stm32f1xx.o(.constdata)
    sin_form                                 0x08006a18   Data        2050  ela_sinform.o(.constdata)
    __stdin_name                             0x08007244   Data           4  sys_io.o(.constdata)
    __stdout_name                            0x08007248   Data           4  sys_io.o(.constdata)
    __stderr_name                            0x0800724c   Data           4  sys_io.o(.constdata)
    Region$$Table$$Base                      0x080072e4   Number         0  anon$$obj.o(Region$$Table)
    Region$$Table$$Limit                     0x08007304   Number         0  anon$$obj.o(Region$$Table)
    uwTickFreq                               0x20000000   Data           1  stm32f1xx_hal.o(.data)
    uwTickPrio                               0x20000004   Data           4  stm32f1xx_hal.o(.data)
    uwTick                                   0x20000008   Data           4  stm32f1xx_hal.o(.data)
    SystemCoreClock                          0x2000000c   Data           4  system_stm32f1xx.o(.data)
    g_cali_table                             0x20000014   Data           4  elaco_calibration_usr.o(.data)
    __aeabi_stdin                            0x20000064   Data           4  stdio_streams.o(.data)
    __aeabi_stdout                           0x20000068   Data           4  stdio_streams.o(.data)
    __aeabi_stderr                           0x2000006c   Data           4  stdio_streams.o(.data)
    hadc1                                    0x20000070   Data          48  adc.o(.bss)
    hdma_adc1                                0x200000a0   Data          68  adc.o(.bss)
    hcan                                     0x200000e4   Data          40  can.o(.bss)
    hspi1                                    0x2000010c   Data          88  spi.o(.bss)
    htim1                                    0x20000164   Data          72  tim.o(.bss)
    htim2                                    0x200001ac   Data          72  tim.o(.bss)
    htim3                                    0x200001f4   Data          72  tim.o(.bss)
    htim4                                    0x2000023c   Data          72  tim.o(.bss)
    huart1                                   0x20000284   Data          72  usart.o(.bss)
    huart3                                   0x200002cc   Data          72  usart.o(.bss)
    hdma_usart1_rx                           0x20000314   Data          68  usart.o(.bss)
    hdma_usart1_tx                           0x20000358   Data          68  usart.o(.bss)
    hdma_usart3_rx                           0x2000039c   Data          68  usart.o(.bss)
    hdma_usart3_tx                           0x200003e0   Data          68  usart.o(.bss)
    pFlash                                   0x20000428   Data          32  stm32f1xx_hal_flash.o(.bss)
    g_calibra_st                             0x20000448   Data         416  elaco_calibration_usr.o(.bss)
    g_mt6816_st                              0x20000938   Data          12  ela_mt6816_usr.o(.bss)
    g_stockfile_cali_st                      0x20000944   Data          20  ela_stockfile_usr.o(.bss)
    g_stockfile_data_st                      0x20000958   Data          20  ela_stockfile_usr.o(.bss)
    g_uart3_dma_rx_st                        0x2000096c   Data         518  ela_uart_usr.o(.bss)
    g_uart3_dma_tx_st                        0x20000b72   Data         520  ela_uart_usr.o(.bss)
    __stdin                                  0x20000d7c   Data          84  stdio_streams.o(.bss)
    __stdout                                 0x20000dd0   Data          84  stdio_streams.o(.bss)
    __stderr                                 0x20000e24   Data          84  stdio_streams.o(.bss)
    __libspace_start                         0x20000e78   Data          96  libspace.o(.bss)
    __temporary_stack_top$libspace           0x20000ed8   Data           0  libspace.o(.bss)



==============================================================================

Memory Map of the image

  Image Entry point : 0x08000131

  Load Region LR_IROM1 (Base: 0x08000000, Size: 0x00007390, Max: 0x00080000, ABSOLUTE)

    Execution Region ER_IROM1 (Exec base: 0x08000000, Load base: 0x08000000, Size: 0x00007320, Max: 0x00080000, ABSOLUTE)

    Exec Addr    Load Addr    Size         Type   Attr      Idx    E Section Name        Object

    0x08000000   0x08000000   0x00000130   Data   RO            3    RESET               startup_stm32f103xe.o
    0x08000130   0x08000130   0x00000008   Code   RO         4865  * !!!main             c_w.l(__main.o)
    0x08000138   0x08000138   0x00000034   Code   RO         5258    !!!scatter          c_w.l(__scatter.o)
    0x0800016c   0x0800016c   0x0000001a   Code   RO         5260    !!handler_copy      c_w.l(__scatter_copy.o)
    0x08000186   0x08000186   0x00000002   PAD
    0x08000188   0x08000188   0x0000001c   Code   RO         5262    !!handler_zi        c_w.l(__scatter_zi.o)
    0x080001a4   0x080001a4   0x00000000   Code   RO         4848    .ARM.Collect$$_printf_percent$$00000000  c_w.l(_printf_percent.o)
    0x080001a4   0x080001a4   0x00000006   Code   RO         4847    .ARM.Collect$$_printf_percent$$00000003  c_w.l(_printf_f.o)
    0x080001aa   0x080001aa   0x00000006   Code   RO         4845    .ARM.Collect$$_printf_percent$$00000009  c_w.l(_printf_d.o)
    0x080001b0   0x080001b0   0x00000006   Code   RO         4846    .ARM.Collect$$_printf_percent$$0000000A  c_w.l(_printf_u.o)
    0x080001b6   0x080001b6   0x00000004   Code   RO         4900    .ARM.Collect$$_printf_percent$$00000017  c_w.l(_printf_percent_end.o)
    0x080001ba   0x080001ba   0x00000002   Code   RO         5175    .ARM.Collect$$libinit$$00000000  c_w.l(libinit.o)
    0x080001bc   0x080001bc   0x00000000   Code   RO         5049    .ARM.Collect$$libinit$$00000002  c_w.l(libinit2.o)
    0x080001bc   0x080001bc   0x00000000   Code   RO         5051    .ARM.Collect$$libinit$$00000004  c_w.l(libinit2.o)
    0x080001bc   0x080001bc   0x00000008   Code   RO         5052    .ARM.Collect$$libinit$$00000005  c_w.l(libinit2.o)
    0x080001c4   0x080001c4   0x00000000   Code   RO         5054    .ARM.Collect$$libinit$$0000000A  c_w.l(libinit2.o)
    0x080001c4   0x080001c4   0x00000000   Code   RO         5056    .ARM.Collect$$libinit$$0000000C  c_w.l(libinit2.o)
    0x080001c4   0x080001c4   0x00000000   Code   RO         5058    .ARM.Collect$$libinit$$0000000E  c_w.l(libinit2.o)
    0x080001c4   0x080001c4   0x00000006   Code   RO         5059    .ARM.Collect$$libinit$$0000000F  c_w.l(libinit2.o)
    0x080001ca   0x080001ca   0x00000000   Code   RO         5061    .ARM.Collect$$libinit$$00000011  c_w.l(libinit2.o)
    0x080001ca   0x080001ca   0x00000000   Code   RO         5063    .ARM.Collect$$libinit$$00000013  c_w.l(libinit2.o)
    0x080001ca   0x080001ca   0x00000000   Code   RO         5065    .ARM.Collect$$libinit$$00000015  c_w.l(libinit2.o)
    0x080001ca   0x080001ca   0x0000000a   Code   RO         5066    .ARM.Collect$$libinit$$00000016  c_w.l(libinit2.o)
    0x080001d4   0x080001d4   0x00000000   Code   RO         5067    .ARM.Collect$$libinit$$00000017  c_w.l(libinit2.o)
    0x080001d4   0x080001d4   0x00000000   Code   RO         5069    .ARM.Collect$$libinit$$00000019  c_w.l(libinit2.o)
    0x080001d4   0x080001d4   0x00000000   Code   RO         5071    .ARM.Collect$$libinit$$0000001B  c_w.l(libinit2.o)
    0x080001d4   0x080001d4   0x00000000   Code   RO         5073    .ARM.Collect$$libinit$$0000001D  c_w.l(libinit2.o)
    0x080001d4   0x080001d4   0x00000000   Code   RO         5075    .ARM.Collect$$libinit$$0000001F  c_w.l(libinit2.o)
    0x080001d4   0x080001d4   0x00000000   Code   RO         5077    .ARM.Collect$$libinit$$00000021  c_w.l(libinit2.o)
    0x080001d4   0x080001d4   0x00000000   Code   RO         5079    .ARM.Collect$$libinit$$00000023  c_w.l(libinit2.o)
    0x080001d4   0x080001d4   0x00000004   Code   RO         5080    .ARM.Collect$$libinit$$00000024  c_w.l(libinit2.o)
    0x080001d8   0x080001d8   0x00000000   Code   RO         5081    .ARM.Collect$$libinit$$00000025  c_w.l(libinit2.o)
    0x080001d8   0x080001d8   0x00000000   Code   RO         5085    .ARM.Collect$$libinit$$0000002C  c_w.l(libinit2.o)
    0x080001d8   0x080001d8   0x00000000   Code   RO         5087    .ARM.Collect$$libinit$$0000002E  c_w.l(libinit2.o)
    0x080001d8   0x080001d8   0x00000000   Code   RO         5089    .ARM.Collect$$libinit$$00000030  c_w.l(libinit2.o)
    0x080001d8   0x080001d8   0x00000000   Code   RO         5091    .ARM.Collect$$libinit$$00000032  c_w.l(libinit2.o)
    0x080001d8   0x080001d8   0x00000002   Code   RO         5092    .ARM.Collect$$libinit$$00000033  c_w.l(libinit2.o)
    0x080001da   0x080001da   0x00000002   Code   RO         5255    .ARM.Collect$$libshutdown$$00000000  c_w.l(libshutdown.o)
    0x080001dc   0x080001dc   0x00000000   Code   RO         5094    .ARM.Collect$$libshutdown$$00000002  c_w.l(libshutdown2.o)
    0x080001dc   0x080001dc   0x00000000   Code   RO         5096    .ARM.Collect$$libshutdown$$00000004  c_w.l(libshutdown2.o)
    0x080001dc   0x080001dc   0x00000004   Code   RO         5097    .ARM.Collect$$libshutdown$$00000005  c_w.l(libshutdown2.o)
    0x080001e0   0x080001e0   0x00000000   Code   RO         5098    .ARM.Collect$$libshutdown$$00000006  c_w.l(libshutdown2.o)
    0x080001e0   0x080001e0   0x00000000   Code   RO         5101    .ARM.Collect$$libshutdown$$00000009  c_w.l(libshutdown2.o)
    0x080001e0   0x080001e0   0x00000000   Code   RO         5104    .ARM.Collect$$libshutdown$$0000000C  c_w.l(libshutdown2.o)
    0x080001e0   0x080001e0   0x00000000   Code   RO         5106    .ARM.Collect$$libshutdown$$0000000E  c_w.l(libshutdown2.o)
    0x080001e0   0x080001e0   0x00000000   Code   RO         5109    .ARM.Collect$$libshutdown$$00000011  c_w.l(libshutdown2.o)
    0x080001e0   0x080001e0   0x00000002   Code   RO         5110    .ARM.Collect$$libshutdown$$00000012  c_w.l(libshutdown2.o)
    0x080001e2   0x080001e2   0x00000000   Code   RO         4893    .ARM.Collect$$rtentry$$00000000  c_w.l(__rtentry.o)
    0x080001e2   0x080001e2   0x00000000   Code   RO         4924    .ARM.Collect$$rtentry$$00000002  c_w.l(__rtentry2.o)
    0x080001e2   0x080001e2   0x00000006   Code   RO         4936    .ARM.Collect$$rtentry$$00000004  c_w.l(__rtentry4.o)
    0x080001e8   0x080001e8   0x00000000   Code   RO         4926    .ARM.Collect$$rtentry$$00000009  c_w.l(__rtentry2.o)
    0x080001e8   0x080001e8   0x00000004   Code   RO         4927    .ARM.Collect$$rtentry$$0000000A  c_w.l(__rtentry2.o)
    0x080001ec   0x080001ec   0x00000000   Code   RO         4929    .ARM.Collect$$rtentry$$0000000C  c_w.l(__rtentry2.o)
    0x080001ec   0x080001ec   0x00000008   Code   RO         4930    .ARM.Collect$$rtentry$$0000000D  c_w.l(__rtentry2.o)
    0x080001f4   0x080001f4   0x00000002   Code   RO         5180    .ARM.Collect$$rtexit$$00000000  c_w.l(rtexit.o)
    0x080001f6   0x080001f6   0x00000000   Code   RO         5216    .ARM.Collect$$rtexit$$00000002  c_w.l(rtexit2.o)
    0x080001f6   0x080001f6   0x00000004   Code   RO         5217    .ARM.Collect$$rtexit$$00000003  c_w.l(rtexit2.o)
    0x080001fa   0x080001fa   0x00000006   Code   RO         5218    .ARM.Collect$$rtexit$$00000004  c_w.l(rtexit2.o)
    0x08000200   0x08000200   0x00000000   Code   RO         5182    .emb_text           c_w.l(maybetermalloc1.o)
    0x08000200   0x08000200   0x00000040   Code   RO            4    .text               startup_stm32f103xe.o
    0x08000240   0x08000240   0x00000026   Code   RO         4813    .text               c_w.l(llushr.o)
    0x08000266   0x08000266   0x00000002   PAD
    0x08000268   0x08000268   0x00000018   Code   RO         4817    .text               c_w.l(noretval__2printf.o)
    0x08000280   0x08000280   0x0000004e   Code   RO         4821    .text               c_w.l(_printf_pad.o)
    0x080002ce   0x080002ce   0x00000002   PAD
    0x080002d0   0x080002d0   0x00000078   Code   RO         4823    .text               c_w.l(_printf_dec.o)
    0x08000348   0x08000348   0x00000160   Code   RO         4840    .text               c_w.l(__printf_ss_wp.o)
    0x080004a8   0x080004a8   0x00000046   Code   RO         4849    .text               c_w.l(setvbuf.o)
    0x080004ee   0x080004ee   0x00000064   Code   RO         4859    .text               c_w.l(rt_memcpy_w.o)
    0x08000552   0x08000552   0x0000004e   Code   RO         4861    .text               c_w.l(rt_memclr_w.o)
    0x080005a0   0x080005a0   0x00000006   Code   RO         4863    .text               c_w.l(heapauxi.o)
    0x080005a6   0x080005a6   0x000000b2   Code   RO         4894    .text               c_w.l(_printf_intcommon.o)
    0x08000658   0x08000658   0x0000041e   Code   RO         4896    .text               c_w.l(_printf_fp_dec.o)
    0x08000a76   0x08000a76   0x00000002   PAD
    0x08000a78   0x08000a78   0x00000024   Code   RO         4898    .text               c_w.l(_printf_char_file.o)
    0x08000a9c   0x08000a9c   0x00000138   Code   RO         4901    .text               c_w.l(initio.o)
    0x08000bd4   0x08000bd4   0x00000066   Code   RO         4916    .text               c_w.l(sys_io.o)
    0x08000c3a   0x08000c3a   0x00000002   PAD
    0x08000c3c   0x08000c3c   0x00000008   Code   RO         4941    .text               c_w.l(rt_locale_intlibspace.o)
    0x08000c44   0x08000c44   0x0000004e   Code   RO         4945    .text               c_w.l(h1_free.o)
    0x08000c92   0x08000c92   0x0000008a   Code   RO         4999    .text               c_w.l(lludiv10.o)
    0x08000d1c   0x08000d1c   0x00000030   Code   RO         5001    .text               c_w.l(_printf_char_common.o)
    0x08000d4c   0x08000d4c   0x00000080   Code   RO         5003    .text               c_w.l(_printf_fp_infnan.o)
    0x08000dcc   0x08000dcc   0x000000e4   Code   RO         5005    .text               c_w.l(bigflt0.o)
    0x08000eb0   0x08000eb0   0x00000008   Code   RO         5030    .text               c_w.l(ferror.o)
    0x08000eb8   0x08000eb8   0x000000ec   Code   RO         5033    .text               c_w.l(fopen.o)
    0x08000fa4   0x08000fa4   0x0000004c   Code   RO         5035    .text               c_w.l(fclose.o)
    0x08000ff0   0x08000ff0   0x0000000e   Code   RO         5044    .text               c_w.l(defsig_rtred_outer.o)
    0x08000ffe   0x08000ffe   0x00000002   PAD
    0x08001000   0x08001000   0x00000008   Code   RO         5115    .text               c_w.l(libspace.o)
    0x08001008   0x08001008   0x00000002   Code   RO         5118    .text               c_w.l(use_no_semi.o)
    0x0800100a   0x0800100a   0x00000000   Code   RO         5120    .text               c_w.l(indicate_semi.o)
    0x0800100a   0x0800100a   0x0000004a   Code   RO         5121    .text               c_w.l(sys_stackheap_outer.o)
    0x08001054   0x08001054   0x00000008   Code   RO         5128    .text               c_w.l(rt_heap_descriptor_intlibspace.o)
    0x0800105c   0x0800105c   0x00000004   Code   RO         5130    .text               c_w.l(hguard.o)
    0x08001060   0x08001060   0x0000008a   Code   RO         5132    .text               c_w.l(init_alloc.o)
    0x080010ea   0x080010ea   0x0000005e   Code   RO         5138    .text               c_w.l(h1_alloc.o)
    0x08001148   0x08001148   0x000000f8   Code   RO         5154    .text               c_w.l(fseek.o)
    0x08001240   0x08001240   0x000000f0   Code   RO         5156    .text               c_w.l(stdio.o)
    0x08001330   0x08001330   0x00000012   Code   RO         5158    .text               c_w.l(exit.o)
    0x08001342   0x08001342   0x0000000a   Code   RO         5160    .text               c_w.l(defsig_exit.o)
    0x0800134c   0x0800134c   0x00000034   Code   RO         5162    .text               c_w.l(defsig_rtred_inner.o)
    0x08001380   0x08001380   0x0000003e   Code   RO         5164    .text               c_w.l(strlen.o)
    0x080013be   0x080013be   0x00000002   PAD
    0x080013c0   0x080013c0   0x00000080   Code   RO         5166    .text               c_w.l(strcmpv7m.o)
    0x08001440   0x08001440   0x0000000c   Code   RO         5178    .text               c_w.l(sys_exit.o)
    0x0800144c   0x0800144c   0x0000000e   Code   RO         5184    .text               c_w.l(h1_init.o)
    0x0800145a   0x0800145a   0x00000034   Code   RO         5186    .text               c_w.l(h1_extend.o)
    0x0800148e   0x0800148e   0x00000042   Code   RO         5192    .text               c_w.l(ftell.o)
    0x080014d0   0x080014d0   0x00000032   Code   RO         5196    .text               c_w.l(defsig_general.o)
    0x08001502   0x08001502   0x0000000e   Code   RO         5198    .text               c_w.l(defsig_rtmem_outer.o)
    0x08001510   0x08001510   0x0000000e   Code   RO         5211    .text               c_w.l(sys_wrch.o)
    0x0800151e   0x0800151e   0x00000002   PAD
    0x08001520   0x08001520   0x00000008   Code   RO         5225    .text               c_w.l(rt_errno_addr_intlibspace.o)
    0x08001528   0x08001528   0x00000050   Code   RO         5231    .text               c_w.l(defsig_rtmem_inner.o)
    0x08001578   0x08001578   0x0000003e   Code   RO         5008    CL$$btod_d2e        c_w.l(btod.o)
    0x080015b6   0x080015b6   0x00000046   Code   RO         5010    CL$$btod_d2e_denorm_low  c_w.l(btod.o)
    0x080015fc   0x080015fc   0x00000060   Code   RO         5009    CL$$btod_d2e_norm_op1  c_w.l(btod.o)
    0x0800165c   0x0800165c   0x00000338   Code   RO         5018    CL$$btod_div_common  c_w.l(btod.o)
    0x08001994   0x08001994   0x000000dc   Code   RO         5015    CL$$btod_e2e        c_w.l(btod.o)
    0x08001a70   0x08001a70   0x0000002a   Code   RO         5012    CL$$btod_ediv       c_w.l(btod.o)
    0x08001a9a   0x08001a9a   0x0000002a   Code   RO         5011    CL$$btod_emul       c_w.l(btod.o)
    0x08001ac4   0x08001ac4   0x00000244   Code   RO         5017    CL$$btod_mult_common  c_w.l(btod.o)
    0x08001d08   0x08001d08   0x00000056   Code   RO          723    i.ADC_ConversionStop_Disable  stm32f1xx_hal_adc.o
    0x08001d5e   0x08001d5e   0x00000002   PAD
    0x08001d60   0x08001d60   0x0000007c   Code   RO          727    i.ADC_Enable        stm32f1xx_hal_adc.o
    0x08001ddc   0x08001ddc   0x00000002   Code   RO          489    i.BusFault_Handler  stm32f1xx_it.o
    0x08001dde   0x08001dde   0x00000002   PAD
    0x08001de0   0x08001de0   0x0000000c   Code   RO          490    i.CAN1_RX1_IRQHandler  stm32f1xx_it.o
    0x08001dec   0x08001dec   0x0000000c   Code   RO          491    i.CAN1_SCE_IRQHandler  stm32f1xx_it.o
    0x08001df8   0x08001df8   0x0000000c   Code   RO          492    i.DMA1_Channel1_IRQHandler  stm32f1xx_it.o
    0x08001e04   0x08001e04   0x0000000c   Code   RO          493    i.DMA1_Channel2_IRQHandler  stm32f1xx_it.o
    0x08001e10   0x08001e10   0x0000000c   Code   RO          494    i.DMA1_Channel3_IRQHandler  stm32f1xx_it.o
    0x08001e1c   0x08001e1c   0x0000000c   Code   RO          495    i.DMA1_Channel4_IRQHandler  stm32f1xx_it.o
    0x08001e28   0x08001e28   0x0000000c   Code   RO          496    i.DMA1_Channel5_IRQHandler  stm32f1xx_it.o
    0x08001e34   0x08001e34   0x0000002a   Code   RO         1379    i.DMA_SetConfig     stm32f1xx_hal_dma.o
    0x08001e5e   0x08001e5e   0x00000002   PAD
    0x08001e60   0x08001e60   0x00000028   Code   RO         3906    i.DRV_Button_ReadPin  ela_button_drv.o
    0x08001e88   0x08001e88   0x00000010   Code   RO         3933    i.DRV_MT6816_Init   ela_mt6816_drv.o
    0x08001e98   0x08001e98   0x00000044   Code   RO         3934    i.DRV_MT6816_SpiTransfer  ela_mt6816_drv.o
    0x08001edc   0x08001edc   0x00000030   Code   RO         3966    i.DRV_PowDet_ReadAdc  ela_pow_det_drv.o
    0x08001f0c   0x08001f0c   0x0000003a   Code   RO         3993    i.DRV_Stockfile_ErasePartition  ela_stockfile_drv.o
    0x08001f46   0x08001f46   0x00000002   PAD
    0x08001f48   0x08001f48   0x00000030   Code   RO         4030    i.DRV_TB67H450_SetDireA  ela_tb67h450_drv.o
    0x08001f78   0x08001f78   0x00000030   Code   RO         4031    i.DRV_TB67H450_SetDireB  ela_tb67h450_drv.o
    0x08001fa8   0x08001fa8   0x00000014   Code   RO         4032    i.DRV_TB67H450_SetTwoCoilsCurrent  ela_tb67h450_drv.o
    0x08001fbc   0x08001fbc   0x00000002   Code   RO          497    i.DebugMon_Handler  stm32f1xx_it.o
    0x08001fbe   0x08001fbe   0x00000004   Code   RO           13    i.Error_Handler     main.o
    0x08001fc2   0x08001fc2   0x00000002   PAD
    0x08001fc4   0x08001fc4   0x00000024   Code   RO         1819    i.FLASH_MassErase   stm32f1xx_hal_flash_ex.o
    0x08001fe8   0x08001fe8   0x00000024   Code   RO         1824    i.FLASH_PageErase   stm32f1xx_hal_flash_ex.o
    0x0800200c   0x0800200c   0x0000001c   Code   RO         1716    i.FLASH_Program_HalfWord  stm32f1xx_hal_flash.o
    0x08002028   0x08002028   0x0000005c   Code   RO         1717    i.FLASH_SetErrorCode  stm32f1xx_hal_flash.o
    0x08002084   0x08002084   0x00000054   Code   RO         1718    i.FLASH_WaitForLastOperation  stm32f1xx_hal_flash.o
    0x080020d8   0x080020d8   0x000000fc   Code   RO          729    i.HAL_ADC_ConfigChannel  stm32f1xx_hal_adc.o
    0x080021d4   0x080021d4   0x00000006   Code   RO          736    i.HAL_ADC_GetValue  stm32f1xx_hal_adc.o
    0x080021da   0x080021da   0x00000002   PAD
    0x080021dc   0x080021dc   0x00000120   Code   RO          738    i.HAL_ADC_Init      stm32f1xx_hal_adc.o
    0x080022fc   0x080022fc   0x00000094   Code   RO          226    i.HAL_ADC_MspInit   adc.o
    0x08002390   0x08002390   0x0000013c   Code   RO          742    i.HAL_ADC_PollForConversion  stm32f1xx_hal_adc.o
    0x080024cc   0x080024cc   0x000000c0   Code   RO          744    i.HAL_ADC_Start     stm32f1xx_hal_adc.o
    0x0800258c   0x0800258c   0x00000034   Code   RO          747    i.HAL_ADC_Stop      stm32f1xx_hal_adc.o
    0x080025c0   0x080025c0   0x00000002   Code   RO         1982    i.HAL_CAN_ErrorCallback  stm32f1xx_hal_can.o
    0x080025c2   0x080025c2   0x000001fc   Code   RO         1989    i.HAL_CAN_IRQHandler  stm32f1xx_hal_can.o
    0x080027be   0x080027be   0x0000011a   Code   RO         1990    i.HAL_CAN_Init      stm32f1xx_hal_can.o
    0x080028d8   0x080028d8   0x000000ac   Code   RO          268    i.HAL_CAN_MspInit   can.o
    0x08002984   0x08002984   0x00000002   Code   RO         1997    i.HAL_CAN_RxFifo0FullCallback  stm32f1xx_hal_can.o
    0x08002986   0x08002986   0x00000002   Code   RO         1998    i.HAL_CAN_RxFifo0MsgPendingCallback  stm32f1xx_hal_can.o
    0x08002988   0x08002988   0x00000002   Code   RO         1999    i.HAL_CAN_RxFifo1FullCallback  stm32f1xx_hal_can.o
    0x0800298a   0x0800298a   0x00000002   Code   RO         2000    i.HAL_CAN_RxFifo1MsgPendingCallback  stm32f1xx_hal_can.o
    0x0800298c   0x0800298c   0x00000002   Code   RO         2001    i.HAL_CAN_SleepCallback  stm32f1xx_hal_can.o
    0x0800298e   0x0800298e   0x00000002   Code   RO         2004    i.HAL_CAN_TxMailbox0AbortCallback  stm32f1xx_hal_can.o
    0x08002990   0x08002990   0x00000002   Code   RO         2005    i.HAL_CAN_TxMailbox0CompleteCallback  stm32f1xx_hal_can.o
    0x08002992   0x08002992   0x00000002   Code   RO         2006    i.HAL_CAN_TxMailbox1AbortCallback  stm32f1xx_hal_can.o
    0x08002994   0x08002994   0x00000002   Code   RO         2007    i.HAL_CAN_TxMailbox1CompleteCallback  stm32f1xx_hal_can.o
    0x08002996   0x08002996   0x00000002   Code   RO         2008    i.HAL_CAN_TxMailbox2AbortCallback  stm32f1xx_hal_can.o
    0x08002998   0x08002998   0x00000002   Code   RO         2009    i.HAL_CAN_TxMailbox2CompleteCallback  stm32f1xx_hal_can.o
    0x0800299a   0x0800299a   0x00000002   Code   RO         2011    i.HAL_CAN_WakeUpFromRxMsgCallback  stm32f1xx_hal_can.o
    0x0800299c   0x0800299c   0x00000046   Code   RO         1380    i.HAL_DMA_Abort     stm32f1xx_hal_dma.o
    0x080029e2   0x080029e2   0x00000002   PAD
    0x080029e4   0x080029e4   0x00000130   Code   RO         1381    i.HAL_DMA_Abort_IT  stm32f1xx_hal_dma.o
    0x08002b14   0x08002b14   0x00000248   Code   RO         1385    i.HAL_DMA_IRQHandler  stm32f1xx_hal_dma.o
    0x08002d5c   0x08002d5c   0x0000007c   Code   RO         1386    i.HAL_DMA_Init      stm32f1xx_hal_dma.o
    0x08002dd8   0x08002dd8   0x00000070   Code   RO         1390    i.HAL_DMA_Start_IT  stm32f1xx_hal_dma.o
    0x08002e48   0x08002e48   0x000000a8   Code   RO         1825    i.HAL_FLASHEx_Erase  stm32f1xx_hal_flash_ex.o
    0x08002ef0   0x08002ef0   0x00000014   Code   RO         1722    i.HAL_FLASH_Lock    stm32f1xx_hal_flash.o
    0x08002f04   0x08002f04   0x00000080   Code   RO         1727    i.HAL_FLASH_Program  stm32f1xx_hal_flash.o
    0x08002f84   0x08002f84   0x00000028   Code   RO         1729    i.HAL_FLASH_Unlock  stm32f1xx_hal_flash.o
    0x08002fac   0x08002fac   0x000001f8   Code   RO         1316    i.HAL_GPIO_Init     stm32f1xx_hal_gpio.o
    0x080031a4   0x080031a4   0x0000000a   Code   RO         1318    i.HAL_GPIO_ReadPin  stm32f1xx_hal_gpio.o
    0x080031ae   0x080031ae   0x0000000a   Code   RO         1320    i.HAL_GPIO_WritePin  stm32f1xx_hal_gpio.o
    0x080031b8   0x080031b8   0x0000000c   Code   RO         1010    i.HAL_GetTick       stm32f1xx_hal.o
    0x080031c4   0x080031c4   0x00000010   Code   RO         1016    i.HAL_IncTick       stm32f1xx_hal.o
    0x080031d4   0x080031d4   0x00000024   Code   RO         1017    i.HAL_Init          stm32f1xx_hal.o
    0x080031f8   0x080031f8   0x00000040   Code   RO         1018    i.HAL_InitTick      stm32f1xx_hal.o
    0x08003238   0x08003238   0x0000003c   Code   RO          663    i.HAL_MspInit       stm32f1xx_hal_msp.o
    0x08003274   0x08003274   0x0000001a   Code   RO         1476    i.HAL_NVIC_EnableIRQ  stm32f1xx_hal_cortex.o
    0x0800328e   0x0800328e   0x00000002   PAD
    0x08003290   0x08003290   0x00000040   Code   RO         1482    i.HAL_NVIC_SetPriority  stm32f1xx_hal_cortex.o
    0x080032d0   0x080032d0   0x00000024   Code   RO         1483    i.HAL_NVIC_SetPriorityGrouping  stm32f1xx_hal_cortex.o
    0x080032f4   0x080032f4   0x000000b8   Code   RO         1277    i.HAL_RCCEx_GetPeriphCLKFreq  stm32f1xx_hal_rcc_ex.o
    0x080033ac   0x080033ac   0x000000ec   Code   RO         1278    i.HAL_RCCEx_PeriphCLKConfig  stm32f1xx_hal_rcc_ex.o
    0x08003498   0x08003498   0x0000012c   Code   RO         1174    i.HAL_RCC_ClockConfig  stm32f1xx_hal_rcc.o
    0x080035c4   0x080035c4   0x00000020   Code   RO         1181    i.HAL_RCC_GetPCLK1Freq  stm32f1xx_hal_rcc.o
    0x080035e4   0x080035e4   0x00000020   Code   RO         1182    i.HAL_RCC_GetPCLK2Freq  stm32f1xx_hal_rcc.o
    0x08003604   0x08003604   0x0000004c   Code   RO         1183    i.HAL_RCC_GetSysClockFreq  stm32f1xx_hal_rcc.o
    0x08003650   0x08003650   0x00000320   Code   RO         1186    i.HAL_RCC_OscConfig  stm32f1xx_hal_rcc.o
    0x08003970   0x08003970   0x000000b2   Code   RO         2221    i.HAL_SPI_Init      stm32f1xx_hal_spi.o
    0x08003a22   0x08003a22   0x00000002   PAD
    0x08003a24   0x08003a24   0x00000070   Code   RO          334    i.HAL_SPI_MspInit   spi.o
    0x08003a94   0x08003a94   0x000001f0   Code   RO         2230    i.HAL_SPI_TransmitReceive  stm32f1xx_hal_spi.o
    0x08003c84   0x08003c84   0x00000028   Code   RO         1487    i.HAL_SYSTICK_Config  stm32f1xx_hal_cortex.o
    0x08003cac   0x08003cac   0x00000002   Code   RO         3238    i.HAL_TIMEx_BreakCallback  stm32f1xx_hal_tim_ex.o
    0x08003cae   0x08003cae   0x00000002   Code   RO         3239    i.HAL_TIMEx_CommutCallback  stm32f1xx_hal_tim_ex.o
    0x08003cb0   0x08003cb0   0x0000007c   Code   RO         3257    i.HAL_TIMEx_MasterConfigSynchronization  stm32f1xx_hal_tim_ex.o
    0x08003d2c   0x08003d2c   0x0000005a   Code   RO         2534    i.HAL_TIM_Base_Init  stm32f1xx_hal_tim.o
    0x08003d86   0x08003d86   0x00000002   PAD
    0x08003d88   0x08003d88   0x000000a0   Code   RO          376    i.HAL_TIM_Base_MspInit  tim.o
    0x08003e28   0x08003e28   0x0000006c   Code   RO         2539    i.HAL_TIM_Base_Start_IT  stm32f1xx_hal_tim.o
    0x08003e94   0x08003e94   0x000000dc   Code   RO         2543    i.HAL_TIM_ConfigClockSource  stm32f1xx_hal_tim.o
    0x08003f70   0x08003f70   0x00000002   Code   RO         2568    i.HAL_TIM_IC_CaptureCallback  stm32f1xx_hal_tim.o
    0x08003f72   0x08003f72   0x00000130   Code   RO         2582    i.HAL_TIM_IRQHandler  stm32f1xx_hal_tim.o
    0x080040a2   0x080040a2   0x00000002   PAD
    0x080040a4   0x080040a4   0x00000060   Code   RO          377    i.HAL_TIM_MspPostInit  tim.o
    0x08004104   0x08004104   0x00000002   Code   RO         2585    i.HAL_TIM_OC_DelayElapsedCallback  stm32f1xx_hal_tim.o
    0x08004106   0x08004106   0x000000cc   Code   RO         2606    i.HAL_TIM_PWM_ConfigChannel  stm32f1xx_hal_tim.o
    0x080041d2   0x080041d2   0x0000005a   Code   RO         2609    i.HAL_TIM_PWM_Init  stm32f1xx_hal_tim.o
    0x0800422c   0x0800422c   0x00000002   Code   RO         2611    i.HAL_TIM_PWM_MspInit  stm32f1xx_hal_tim.o
    0x0800422e   0x0800422e   0x00000002   Code   RO         2612    i.HAL_TIM_PWM_PulseFinishedCallback  stm32f1xx_hal_tim.o
    0x08004230   0x08004230   0x000000b4   Code   RO         2614    i.HAL_TIM_PWM_Start  stm32f1xx_hal_tim.o
    0x080042e4   0x080042e4   0x00000020   Code   RO         4198    i.HAL_TIM_PeriodElapsedCallback  elaco_main.o
    0x08004304   0x08004304   0x00000002   Code   RO         2625    i.HAL_TIM_TriggerCallback  stm32f1xx_hal_tim.o
    0x08004306   0x08004306   0x00000002   Code   RO         3517    i.HAL_UARTEx_RxEventCallback  stm32f1xx_hal_uart.o
    0x08004308   0x08004308   0x00000002   Code   RO         3531    i.HAL_UART_ErrorCallback  stm32f1xx_hal_uart.o
    0x0800430a   0x0800430a   0x00000002   PAD
    0x0800430c   0x0800430c   0x0000026c   Code   RO         3534    i.HAL_UART_IRQHandler  stm32f1xx_hal_uart.o
    0x08004578   0x08004578   0x00000064   Code   RO         3535    i.HAL_UART_Init     stm32f1xx_hal_uart.o
    0x080045dc   0x080045dc   0x000001b8   Code   RO          442    i.HAL_UART_MspInit  usart.o
    0x08004794   0x08004794   0x0000001c   Code   RO         3539    i.HAL_UART_Receive_DMA  stm32f1xx_hal_uart.o
    0x080047b0   0x080047b0   0x00000002   Code   RO         4199    i.HAL_UART_RxCpltCallback  elaco_main.o
    0x080047b2   0x080047b2   0x00000002   Code   RO         3542    i.HAL_UART_RxHalfCpltCallback  stm32f1xx_hal_uart.o
    0x080047b4   0x080047b4   0x000000a0   Code   RO         3543    i.HAL_UART_Transmit  stm32f1xx_hal_uart.o
    0x08004854   0x08004854   0x00000078   Code   RO         3544    i.HAL_UART_Transmit_DMA  stm32f1xx_hal_uart.o
    0x080048cc   0x080048cc   0x00000020   Code   RO         4200    i.HAL_UART_TxCpltCallback  elaco_main.o
    0x080048ec   0x080048ec   0x00000002   Code   RO         3547    i.HAL_UART_TxHalfCpltCallback  stm32f1xx_hal_uart.o
    0x080048ee   0x080048ee   0x00000002   Code   RO          498    i.HardFault_Handler  stm32f1xx_it.o
    0x080048f0   0x080048f0   0x0000004c   Code   RO          227    i.MX_ADC1_Init      adc.o
    0x0800493c   0x0800493c   0x00000044   Code   RO          269    i.MX_CAN_Init       can.o
    0x08004980   0x08004980   0x0000006c   Code   RO          309    i.MX_DMA_Init       dma.o
    0x080049ec   0x080049ec   0x000000f0   Code   RO          201    i.MX_GPIO_Init      gpio.o
    0x08004adc   0x08004adc   0x0000004c   Code   RO          335    i.MX_SPI1_Init      spi.o
    0x08004b28   0x08004b28   0x0000006c   Code   RO          378    i.MX_TIM1_Init      tim.o
    0x08004b94   0x08004b94   0x000000a4   Code   RO          379    i.MX_TIM2_Init      tim.o
    0x08004c38   0x08004c38   0x00000068   Code   RO          380    i.MX_TIM3_Init      tim.o
    0x08004ca0   0x08004ca0   0x00000068   Code   RO          381    i.MX_TIM4_Init      tim.o
    0x08004d08   0x08004d08   0x00000038   Code   RO          443    i.MX_USART1_UART_Init  usart.o
    0x08004d40   0x08004d40   0x00000038   Code   RO          444    i.MX_USART3_UART_Init  usart.o
    0x08004d78   0x08004d78   0x00000002   Code   RO          499    i.MemManage_Handler  stm32f1xx_it.o
    0x08004d7a   0x08004d7a   0x00000002   Code   RO          500    i.NMI_Handler       stm32f1xx_it.o
    0x08004d7c   0x08004d7c   0x00000002   Code   RO          501    i.PendSV_Handler    stm32f1xx_it.o
    0x08004d7e   0x08004d7e   0x00000034   Code   RO         2259    i.SPI_EndRxTxTransaction  stm32f1xx_hal_spi.o
    0x08004db2   0x08004db2   0x00000002   PAD
    0x08004db4   0x08004db4   0x000000b8   Code   RO         2264    i.SPI_WaitFlagStateUntilTimeout  stm32f1xx_hal_spi.o
    0x08004e6c   0x08004e6c   0x00000002   Code   RO          502    i.SVC_Handler       stm32f1xx_it.o
    0x08004e6e   0x08004e6e   0x00000004   Code   RO          503    i.SysTick_Handler   stm32f1xx_it.o
    0x08004e72   0x08004e72   0x0000007a   Code   RO           14    i.SystemClock_Config  main.o
    0x08004eec   0x08004eec   0x00000002   Code   RO         3869    i.SystemInit        system_stm32f1xx.o
    0x08004eee   0x08004eee   0x00000002   PAD
    0x08004ef0   0x08004ef0   0x0000000c   Code   RO          504    i.TIM1_UP_IRQHandler  stm32f1xx_it.o
    0x08004efc   0x08004efc   0x0000000c   Code   RO          505    i.TIM3_IRQHandler   stm32f1xx_it.o
    0x08004f08   0x08004f08   0x0000000c   Code   RO          506    i.TIM4_IRQHandler   stm32f1xx_it.o
    0x08004f14   0x08004f14   0x0000009c   Code   RO         2627    i.TIM_Base_SetConfig  stm32f1xx_hal_tim.o
    0x08004fb0   0x08004fb0   0x0000001a   Code   RO         2628    i.TIM_CCxChannelCmd  stm32f1xx_hal_tim.o
    0x08004fca   0x08004fca   0x00000014   Code   RO         2638    i.TIM_ETR_SetConfig  stm32f1xx_hal_tim.o
    0x08004fde   0x08004fde   0x00000010   Code   RO         2639    i.TIM_ITRx_SetConfig  stm32f1xx_hal_tim.o
    0x08004fee   0x08004fee   0x00000002   PAD
    0x08004ff0   0x08004ff0   0x00000060   Code   RO         2640    i.TIM_OC1_SetConfig  stm32f1xx_hal_tim.o
    0x08005050   0x08005050   0x0000006c   Code   RO         2641    i.TIM_OC2_SetConfig  stm32f1xx_hal_tim.o
    0x080050bc   0x080050bc   0x00000068   Code   RO         2642    i.TIM_OC3_SetConfig  stm32f1xx_hal_tim.o
    0x08005124   0x08005124   0x00000050   Code   RO         2643    i.TIM_OC4_SetConfig  stm32f1xx_hal_tim.o
    0x08005174   0x08005174   0x00000022   Code   RO         2645    i.TIM_TI1_ConfigInputStage  stm32f1xx_hal_tim.o
    0x08005196   0x08005196   0x00000024   Code   RO         2647    i.TIM_TI2_ConfigInputStage  stm32f1xx_hal_tim.o
    0x080051ba   0x080051ba   0x00000010   Code   RO         3548    i.UART_DMAAbortOnError  stm32f1xx_hal_uart.o
    0x080051ca   0x080051ca   0x0000004a   Code   RO         3549    i.UART_DMAError     stm32f1xx_hal_uart.o
    0x08005214   0x08005214   0x00000086   Code   RO         3550    i.UART_DMAReceiveCplt  stm32f1xx_hal_uart.o
    0x0800529a   0x0800529a   0x0000001e   Code   RO         3552    i.UART_DMARxHalfCplt  stm32f1xx_hal_uart.o
    0x080052b8   0x080052b8   0x00000042   Code   RO         3554    i.UART_DMATransmitCplt  stm32f1xx_hal_uart.o
    0x080052fa   0x080052fa   0x0000000a   Code   RO         3556    i.UART_DMATxHalfCplt  stm32f1xx_hal_uart.o
    0x08005304   0x08005304   0x0000004e   Code   RO         3558    i.UART_EndRxTransfer  stm32f1xx_hal_uart.o
    0x08005352   0x08005352   0x0000001c   Code   RO         3559    i.UART_EndTxTransfer  stm32f1xx_hal_uart.o
    0x0800536e   0x0800536e   0x000000c2   Code   RO         3560    i.UART_Receive_IT   stm32f1xx_hal_uart.o
    0x08005430   0x08005430   0x000000b8   Code   RO         3561    i.UART_SetConfig    stm32f1xx_hal_uart.o
    0x080054e8   0x080054e8   0x00000090   Code   RO         3562    i.UART_Start_Receive_DMA  stm32f1xx_hal_uart.o
    0x08005578   0x08005578   0x00000072   Code   RO         3564    i.UART_WaitOnFlagUntilTimeout  stm32f1xx_hal_uart.o
    0x080055ea   0x080055ea   0x00000002   PAD
    0x080055ec   0x080055ec   0x0000000c   Code   RO          507    i.USART1_IRQHandler  stm32f1xx_it.o
    0x080055f8   0x080055f8   0x00000014   Code   RO          508    i.USART3_IRQHandler  stm32f1xx_it.o
    0x0800560c   0x0800560c   0x0000000c   Code   RO          509    i.USB_HP_CAN1_TX_IRQHandler  stm32f1xx_it.o
    0x08005618   0x08005618   0x0000000c   Code   RO          510    i.USB_LP_CAN1_RX0_IRQHandler  stm32f1xx_it.o
    0x08005624   0x08005624   0x00000018   Code   RO         4262    i.USR_Button_GetBothLong  ela_button_usr.o
    0x0800563c   0x0800563c   0x00000044   Code   RO         4265    i.USR_Button_Init   ela_button_usr.o
    0x08005680   0x08005680   0x000000c8   Code   RO         4267    i.USR_Button_Tick   ela_button_usr.o
    0x08005748   0x08005748   0x00000010   Code   RO         4111    i.USR_Calibration_Init  elaco_calibration_usr.o
    0x08005758   0x08005758   0x0000016c   Code   RO         4112    i.USR_Calibration_Proc  elaco_calibration_usr.o
    0x080058c4   0x080058c4   0x00000040   Code   RO         4113    i.USR_Calibration_Start  elaco_calibration_usr.o
    0x08005904   0x08005904   0x00000024   Code   RO         4114    i.USR_Calibration_TableDataValid  elaco_calibration_usr.o
    0x08005928   0x08005928   0x0000003c   Code   RO         4115    i.USR_Calibration_TableGenerateProc  elaco_calibration_usr.o
    0x08005964   0x08005964   0x0000003c   Code   RO         4365    i.USR_CycleCal_AvgArray  ela_cyclecal.o
    0x080059a0   0x080059a0   0x00000022   Code   RO         4366    i.USR_CycleCal_AvgTwo  ela_cyclecal.o
    0x080059c2   0x080059c2   0x00000020   Code   RO         4367    i.USR_CycleCal_Diff  ela_cyclecal.o
    0x080059e2   0x080059e2   0x0000000a   Code   RO         4368    i.USR_CycleCal_Mod  ela_cyclecal.o
    0x080059ec   0x080059ec   0x00000014   Code   RO         4477    i.USR_MT6816_Init   ela_mt6816_usr.o
    0x08005a00   0x08005a00   0x00000064   Code   RO         4478    i.USR_MT6816_ReadAngle  ela_mt6816_usr.o
    0x08005a64   0x08005a64   0x000000ec   Code   RO         4201    i.USR_Main_Init     elaco_main.o
    0x08005b50   0x08005b50   0x00000068   Code   RO         4399    i.USR_MotionRun_DemoPoll  ela_motion_run_usr.o
    0x08005bb8   0x08005bb8   0x00000018   Code   RO         4400    i.USR_MotionRun_DemoStart  ela_motion_run_usr.o
    0x08005bd0   0x08005bd0   0x0000007c   Code   RO         4401    i.USR_MotionRun_GotoTarget  ela_motion_run_usr.o
    0x08005c4c   0x08005c4c   0x00000024   Code   RO         4402    i.USR_MotionRun_Init  ela_motion_run_usr.o
    0x08005c70   0x08005c70   0x00000118   Code   RO         4404    i.USR_MotionRun_Proc  ela_motion_run_usr.o
    0x08005d88   0x08005d88   0x0000000c   Code   RO         4513    i.USR_PowDet_Init   ela_pow_det_usr.o
    0x08005d94   0x08005d94   0x00000074   Code   RO         4514    i.USR_PowDet_Tick   ela_pow_det_usr.o
    0x08005e08   0x08005e08   0x00000004   Code   RO         4557    i.USR_Stockfile_Erase  ela_stockfile_usr.o
    0x08005e0c   0x08005e0c   0x00000028   Code   RO         4559    i.USR_Stockfile_Init  ela_stockfile_usr.o
    0x08005e34   0x08005e34   0x00000010   Code   RO         4562    i.USR_Stockfile_SeqWriteBegin  ela_stockfile_usr.o
    0x08005e44   0x08005e44   0x00000004   Code   RO         4563    i.USR_Stockfile_SeqWriteEnd  ela_stockfile_usr.o
    0x08005e48   0x08005e48   0x0000001c   Code   RO         4564    i.USR_Stockfile_SeqWriteNext  ela_stockfile_usr.o
    0x08005e64   0x08005e64   0x00000080   Code   RO         4639    i.USR_TB67H450_SetFocCurrent  ela_tb67h450_usr.o
    0x08005ee4   0x08005ee4   0x00000048   Code   RO         4735    i.USR_UART3_DmaInit  ela_uart_usr.o
    0x08005f2c   0x08005f2c   0x0000006c   Code   RO         4738    i.USR_UART3_DmaRxIdleHandler  ela_uart_usr.o
    0x08005f98   0x08005f98   0x00000050   Code   RO         4741    i.USR_UART3_DmaTxContinue  ela_uart_usr.o
    0x08005fe8   0x08005fe8   0x00000014   Code   RO         4742    i.USR_UART_PrintfInit  ela_uart_usr.o
    0x08005ffc   0x08005ffc   0x00000006   Code   RO         4677    i.USR_UartQueue_Count  ela_uart_queue.o
    0x08006002   0x08006002   0x0000003a   Code   RO         4679    i.USR_UartQueue_GetBuf  ela_uart_queue.o
    0x0800603c   0x0800603c   0x00000010   Code   RO         4680    i.USR_UartQueue_Init  ela_uart_queue.o
    0x0800604c   0x0800604c   0x00000040   Code   RO         4684    i.USR_UartQueue_PutBuf  ela_uart_queue.o
    0x0800608c   0x0800608c   0x00000002   Code   RO          511    i.UsageFault_Handler  stm32f1xx_it.o
    0x0800608e   0x0800608e   0x00000028   Code   RO         5113    i.__ARM_fpclassify  m_ws.l(fpclassify.o)
    0x080060b6   0x080060b6   0x00000020   Code   RO         1489    i.__NVIC_SetPriority  stm32f1xx_hal_cortex.o
    0x080060d6   0x080060d6   0x0000000e   Code   RO         4835    i._is_digit         c_w.l(__printf_wp.o)
    0x080060e4   0x080060e4   0x0000009c   Code   RO         4116    i.calibration_check_continuity  elaco_calibration_usr.o
    0x08006180   0x08006180   0x000000a0   Code   RO         4117    i.calibration_check_data  elaco_calibration_usr.o
    0x08006220   0x08006220   0x000000dc   Code   RO         4118    i.calibration_generate_table  elaco_calibration_usr.o
    0x080062fc   0x080062fc   0x00000090   Code   RO         4119    i.calibration_print_data  elaco_calibration_usr.o
    0x0800638c   0x0800638c   0x00000018   Code   RO         4075    i.fputc             ela_uart_drv.o
    0x080063a4   0x080063a4   0x0000003a   Code   RO           15    i.main              main.o
    0x080063de   0x080063de   0x0000001c   Code   RO         4405    i.motion_run_angle_delta  ela_motion_run_usr.o
    0x080063fa   0x080063fa   0x00000002   PAD
    0x080063fc   0x080063fc   0x00000038   Code   RO         4406    i.motion_run_read_median  ela_motion_run_usr.o
    0x08006434   0x08006434   0x0000002c   Code   RO         5042    locale$$code        c_w.l(lc_numeric_c.o)
    0x08006460   0x08006460   0x00000018   Code   RO         4905    x$fpl$dcmpinf       fz_ws.l(dcmpi.o)
    0x08006478   0x08006478   0x0000002e   Code   RO         4868    x$fpl$dflt          fz_ws.l(dflt_clz.o)
    0x080064a6   0x080064a6   0x00000002   PAD
    0x080064a8   0x080064a8   0x00000078   Code   RO         4873    x$fpl$dleqf         fz_ws.l(dleqf.o)
    0x08006520   0x08006520   0x0000009c   Code   RO         4907    x$fpl$dnaninf       fz_ws.l(dnaninf.o)
    0x080065bc   0x080065bc   0x0000000c   Code   RO         4909    x$fpl$dretinf       fz_ws.l(dretinf.o)
    0x080065c8   0x080065c8   0x0000006c   Code   RO         4875    x$fpl$drleqf        fz_ws.l(drleqf.o)
    0x08006634   0x08006634   0x00000056   Code   RO         4877    x$fpl$f2d           fz_ws.l(f2d.o)
    0x0800668a   0x0800668a   0x00000002   PAD
    0x0800668c   0x0800668c   0x00000184   Code   RO         4880    x$fpl$fdiv          fz_ws.l(fdiv.o)
    0x08006810   0x08006810   0x00000026   Code   RO         4883    x$fpl$ffltu         fz_ws.l(fflt_clz.o)
    0x08006836   0x08006836   0x00000002   PAD
    0x08006838   0x08006838   0x00000102   Code   RO         4889    x$fpl$fmul          fz_ws.l(fmul.o)
    0x0800693a   0x0800693a   0x0000008c   Code   RO         4911    x$fpl$fnaninf       fz_ws.l(fnaninf.o)
    0x080069c6   0x080069c6   0x0000000a   Code   RO         4913    x$fpl$fretinf       fz_ws.l(fretinf.o)
    0x080069d0   0x080069d0   0x00000004   Code   RO         4891    x$fpl$printf1       fz_ws.l(printf1.o)
    0x080069d4   0x080069d4   0x00000000   Code   RO         4915    x$fpl$usenofp       fz_ws.l(usenofp.o)
    0x080069d4   0x080069d4   0x00000012   Data   RO         1187    .constdata          stm32f1xx_hal_rcc.o
    0x080069e6   0x080069e6   0x00000012   Data   RO         1279    .constdata          stm32f1xx_hal_rcc_ex.o
    0x080069f8   0x080069f8   0x00000010   Data   RO         3870    .constdata          system_stm32f1xx.o
    0x08006a08   0x08006a08   0x00000008   Data   RO         3871    .constdata          system_stm32f1xx.o
    0x08006a10   0x08006a10   0x00000008   Data   RO         4407    .constdata          ela_motion_run_usr.o
    0x08006a18   0x08006a18   0x00000802   Data   RO         4542    .constdata          ela_sinform.o
    0x0800721a   0x0800721a   0x00000002   PAD
    0x0800721c   0x0800721c   0x00000028   Data   RO         4567    .constdata          ela_stockfile_usr.o
    0x08007244   0x08007244   0x00000004   Data   RO         4917    .constdata          c_w.l(sys_io.o)
    0x08007248   0x08007248   0x00000004   Data   RO         4918    .constdata          c_w.l(sys_io.o)
    0x0800724c   0x0800724c   0x00000004   Data   RO         4919    .constdata          c_w.l(sys_io.o)
    0x08007250   0x08007250   0x00000094   Data   RO         5006    .constdata          c_w.l(bigflt0.o)
    0x080072e4   0x080072e4   0x00000020   Data   RO         5256    Region$$Table       anon$$obj.o
    0x08007304   0x08007304   0x0000001c   Data   RO         5041    locale$$data        c_w.l(lc_numeric_c.o)


    Execution Region RW_IRAM1 (Exec base: 0x20000000, Load base: 0x08007320, Size: 0x000014d8, Max: 0x00010000, ABSOLUTE)

    Exec Addr    Load Addr    Size         Type   Attr      Idx    E Section Name        Object

    0x20000000   0x08007320   0x0000000c   Data   RW         1024    .data               stm32f1xx_hal.o
    0x2000000c   0x0800732c   0x00000004   Data   RW         3872    .data               system_stm32f1xx.o
    0x20000010   0x08007330   0x0000000c   Data   RW         4121    .data               elaco_calibration_usr.o
    0x2000001c   0x0800733c   0x00000014   Data   RW         4269    .data               ela_button_usr.o
    0x20000030   0x08007350   0x00000028   Data   RW         4409    .data               ela_motion_run_usr.o
    0x20000058   0x08007378   0x00000004   Data   RW         4515    .data               ela_pow_det_usr.o
    0x2000005c   0x0800737c   0x00000004   Data   RW         4568    .data               ela_stockfile_usr.o
    0x20000060   0x08007380   0x00000002   Data   RW         4744    .data               ela_uart_usr.o
    0x20000062   0x08007382   0x00000002   PAD
    0x20000064   0x08007384   0x00000004   Data   RW         4854    .data               c_w.l(stdio_streams.o)
    0x20000068   0x08007388   0x00000004   Data   RW         4855    .data               c_w.l(stdio_streams.o)
    0x2000006c   0x0800738c   0x00000004   Data   RW         4856    .data               c_w.l(stdio_streams.o)
    0x20000070        -       0x00000074   Zero   RW          228    .bss                adc.o
    0x200000e4        -       0x00000028   Zero   RW          270    .bss                can.o
    0x2000010c        -       0x00000058   Zero   RW          336    .bss                spi.o
    0x20000164        -       0x00000120   Zero   RW          382    .bss                tim.o
    0x20000284        -       0x000001a0   Zero   RW          445    .bss                usart.o
    0x20000424   0x08007390   0x00000004   PAD
    0x20000428        -       0x00000020   Zero   RW         1730    .bss                stm32f1xx_hal_flash.o
    0x20000448        -       0x000004e4   Zero   RW         4120    .bss                elaco_calibration_usr.o
    0x2000092c        -       0x0000000c   Zero   RW         4268    .bss                ela_button_usr.o
    0x20000938        -       0x0000000c   Zero   RW         4479    .bss                ela_mt6816_usr.o
    0x20000944        -       0x00000028   Zero   RW         4566    .bss                ela_stockfile_usr.o
    0x2000096c        -       0x0000040e   Zero   RW         4743    .bss                ela_uart_usr.o
    0x20000d7a   0x08007390   0x00000002   PAD
    0x20000d7c        -       0x00000054   Zero   RW         4851    .bss                c_w.l(stdio_streams.o)
    0x20000dd0        -       0x00000054   Zero   RW         4852    .bss                c_w.l(stdio_streams.o)
    0x20000e24        -       0x00000054   Zero   RW         4853    .bss                c_w.l(stdio_streams.o)
    0x20000e78        -       0x00000060   Zero   RW         5116    .bss                c_w.l(libspace.o)
    0x20000ed8        -       0x00000200   Zero   RW            2    HEAP                startup_stm32f103xe.o
    0x200010d8        -       0x00000400   Zero   RW            1    STACK               startup_stm32f103xe.o


==============================================================================

Image component sizes


      Code (inc. data)   RO Data    RW Data    ZI Data      Debug   Object Name

       224         30          0          0        116       1795   adc.o
       240         22          0          0         40       1727   can.o
       108          4          0          0          0        814   dma.o
        40          4          0          0          0        617   ela_button_drv.o
       292         24          0         20         12       2825   ela_button_usr.o
       136          0          0          0          0       3095   ela_cyclecal.o
       652         90          8         40          0       6260   ela_motion_run_usr.o
        84         16          0          0          0       1063   ela_mt6816_drv.o
       120         10          0          0         12       2915   ela_mt6816_usr.o
        48          4          0          0          0        609   ela_pow_det_drv.o
       128         56          0          4          0       1304   ela_pow_det_usr.o
         0          0       2050          0          0        571   ela_sinform.o
        58          0          0          0          0       1259   ela_stockfile_drv.o
        92         20         40          4         40       3468   ela_stockfile_usr.o
       116         16          0          0          0       1838   ela_tb67h450_drv.o
       128          8          0          0          0        929   ela_tb67h450_usr.o
        24          4          0          0          0       1752   ela_uart_drv.o
       144          0          0          0          0       2845   ela_uart_queue.o
       280         56          0          2       1038       3811   ela_uart_usr.o
      1220        200          0         12       1252       9179   elaco_calibration_usr.o
       302        124          0          0          0       2656   elaco_main.o
       240         16          0          0          0       1019   gpio.o
       184          0          0          0          0     527476   main.o
       188         22          0          0         88       1709   spi.o
        64         26        304          0       1536        824   startup_stm32f103xe.o
       128         24          0         12          0       5989   stm32f1xx_hal.o
      1316         58          0          0          0       7391   stm32f1xx_hal_adc.o
       816          0          0          0          0       9891   stm32f1xx_hal_can.o
       198         14          0          0          0      29019   stm32f1xx_hal_cortex.o
      1236         52          0          0          0       5202   stm32f1xx_hal_dma.o
       392         46          0          0         32       4822   stm32f1xx_hal_flash.o
       240         26          0          0          0       3293   stm32f1xx_hal_flash_ex.o
       524         42          0          0          0       3583   stm32f1xx_hal_gpio.o
        60          8          0          0          0        898   stm32f1xx_hal_msp.o
      1240         84         18          0          0       5184   stm32f1xx_hal_rcc.o
       420         30         18          0          0       2549   stm32f1xx_hal_rcc_ex.o
       910          4          0          0          0       4725   stm32f1xx_hal_spi.o
      1882         98          0          0          0      16606   stm32f1xx_hal_tim.o
       128         20          0          0          0       2449   stm32f1xx_hal_tim_ex.o
      2108         38          0          0          0      16368   stm32f1xx_hal_uart.o
       196         82          0          0          0      10895   stm32f1xx_it.o
         2          0         24          4          0       1155   system_stm32f1xx.o
       736         64          0          0        288       4511   tim.o
       552         48          0          0        416       2819   usart.o

    ----------------------------------------------------------------------
     18230       1490       2496        100       4876     719709   Object Totals
         0          0         32          0          0          0   (incl. Generated)
        34          0          2          2          6          0   (incl. Padding)

    ----------------------------------------------------------------------

      Code (inc. data)   RO Data    RW Data    ZI Data      Debug   Library Member Name

         8          0          0          0          0         68   __main.o
       352          0          0          0          0         88   __printf_ss_wp.o
        14          0          0          0          0         68   __printf_wp.o
         0          0          0          0          0          0   __rtentry.o
        12          0          0          0          0          0   __rtentry2.o
         6          0          0          0          0          0   __rtentry4.o
        52          8          0          0          0          0   __scatter.o
        26          0          0          0          0          0   __scatter_copy.o
        28          0          0          0          0          0   __scatter_zi.o
        48          6          0          0          0         96   _printf_char_common.o
        36          4          0          0          0         80   _printf_char_file.o
         6          0          0          0          0          0   _printf_d.o
       120         16          0          0          0         92   _printf_dec.o
         6          0          0          0          0          0   _printf_f.o
      1054          0          0          0          0        216   _printf_fp_dec.o
       128         16          0          0          0         84   _printf_fp_infnan.o
       178          0          0          0          0         88   _printf_intcommon.o
        78          0          0          0          0        108   _printf_pad.o
         0          0          0          0          0          0   _printf_percent.o
         4          0          0          0          0          0   _printf_percent_end.o
         6          0          0          0          0          0   _printf_u.o
       228          4        148          0          0         96   bigflt0.o
      1936        128          0          0          0        672   btod.o
        10          0          0          0          0         68   defsig_exit.o
        50          0          0          0          0         88   defsig_general.o
        80         58          0          0          0         76   defsig_rtmem_inner.o
        14          0          0          0          0         80   defsig_rtmem_outer.o
        52         38          0          0          0         76   defsig_rtred_inner.o
        14          0          0          0          0         80   defsig_rtred_outer.o
        18          0          0          0          0         80   exit.o
        76          0          0          0          0         88   fclose.o
         8          0          0          0          0         68   ferror.o
       236          4          0          0          0        128   fopen.o
       248          6          0          0          0         84   fseek.o
        66          0          0          0          0         76   ftell.o
        94          0          0          0          0         80   h1_alloc.o
        52          0          0          0          0         68   h1_extend.o
        78          0          0          0          0         80   h1_free.o
        14          0          0          0          0         84   h1_init.o
         6          0          0          0          0        152   heapauxi.o
         4          0          0          0          0        136   hguard.o
         0          0          0          0          0          0   indicate_semi.o
       138          0          0          0          0        168   init_alloc.o
       312         46          0          0          0        112   initio.o
        44         10         28          0          0         76   lc_numeric_c.o
         2          0          0          0          0          0   libinit.o
        30          0          0          0          0          0   libinit2.o
         2          0          0          0          0          0   libshutdown.o
         6          0          0          0          0          0   libshutdown2.o
         8          4          0          0         96         68   libspace.o
       138          0          0          0          0         80   lludiv10.o
        38          0          0          0          0         68   llushr.o
         0          0          0          0          0          0   maybetermalloc1.o
        24          4          0          0          0         84   noretval__2printf.o
         8          4          0          0          0         68   rt_errno_addr_intlibspace.o
         8          4          0          0          0         68   rt_heap_descriptor_intlibspace.o
         8          4          0          0          0         68   rt_locale_intlibspace.o
        78          0          0          0          0         80   rt_memclr_w.o
       100          0          0          0          0         80   rt_memcpy_w.o
         2          0          0          0          0          0   rtexit.o
        10          0          0          0          0          0   rtexit2.o
        70          0          0          0          0         80   setvbuf.o
       240          6          0          0          0        156   stdio.o
         0          0          0         12        252          0   stdio_streams.o
       128          0          0          0          0         68   strcmpv7m.o
        62          0          0          0          0         76   strlen.o
        12          4          0          0          0         68   sys_exit.o
       102          0         12          0          0        240   sys_io.o
        74          0          0          0          0         80   sys_stackheap_outer.o
        14          0          0          0          0         76   sys_wrch.o
         2          0          0          0          0         68   use_no_semi.o
        24          0          0          0          0         68   dcmpi.o
        46          0          0          0          0         68   dflt_clz.o
       120          4          0          0          0         92   dleqf.o
       156          4          0          0          0         92   dnaninf.o
        12          0          0          0          0         68   dretinf.o
       108          0          0          0          0         80   drleqf.o
        86          4          0          0          0         84   f2d.o
       388         76          0          0          0         96   fdiv.o
        38          0          0          0          0         68   fflt_clz.o
       258          4          0          0          0         84   fmul.o
       140          4          0          0          0         84   fnaninf.o
        10          0          0          0          0         68   fretinf.o
         4          0          0          0          0         68   printf1.o
         0          0          0          0          0          0   usenofp.o
        40          0          0          0          0         68   fpclassify.o

    ----------------------------------------------------------------------
      8558        470        188         12        348       6368   Library Totals
        22          0          0          0          0          0   (incl. Padding)

    ----------------------------------------------------------------------

      Code (inc. data)   RO Data    RW Data    ZI Data      Debug   Library Name

      7106        374        188         12        348       5280   c_w.l
      1390         96          0          0          0       1020   fz_ws.l
        40          0          0          0          0         68   m_ws.l

    ----------------------------------------------------------------------
      8558        470        188         12        348       6368   Library Totals

    ----------------------------------------------------------------------

==============================================================================


      Code (inc. data)   RO Data    RW Data    ZI Data      Debug   

     26788       1960       2684        112       5224     712033   Grand Totals
     26788       1960       2684        112       5224     712033   ELF Image Totals
     26788       1960       2684        112          0          0   ROM Totals

==============================================================================

    Total RO  Size (Code + RO Data)                29472 (  28.78kB)
    Total RW  Size (RW Data + ZI Data)              5336 (   5.21kB)
    Total ROM Size (Code + RO Data + RW Data)      29584 (  28.89kB)

==============================================================================

