<html>
<body>
<pre>
<h1>µVision Build Log</h1>
<h2>Tool Versions:</h2>
IDE-Version: ¦ÌVision V5.43.1.0
Copyright (C) 2025 ARM Ltd and ARM Germany GmbH. All rights reserved.
License Information: 1 admin, 1, LIC=Y2B1Q-ND16Y-TLRCD-88ZGS-7LG2G-GFC7B
 
Tool Versions:
Toolchain:       MDK-ARM Professional  Version: 5.43.0.0
Toolchain Path:  D:\keil5\ARM\ARM_Compiler_5.06u7\Bin
C Compiler:      Armcc.exe V5.06 update 7 (build 960)
Assembler:       Armasm.exe V5.06 update 7 (build 960)
Linker/Locator:  ArmLink.exe V5.06 update 7 (build 960)
Library Manager: ArmAr.exe V5.06 update 7 (build 960)
Hex Converter:   FromElf.exe V5.06 update 7 (build 960)
CPU DLL:         SARMCM3.DLL V5.43.0.0
Dialog DLL:      DCM.DLL V1.17.5.0
Target DLL:      STLink\ST-LINKIII-KEIL_SWO.dll V3.3.1.0
Dialog DLL:      TCM.DLL V1.56.6.0
 
<h2>Project:</h2>
C:\Users\admin\Desktop\XM\ELACO_StepMotor\Firmware\CL_StepMotor\MDK-ARM\ELA_StepMotor.uvprojx
Project File Date:  08/06/2026

<h2>Output:</h2>
*** Using Compiler 'V5.06 update 7 (build 960)', folder: 'D:\keil5\ARM\ARM_Compiler_5.06u7\Bin'
Rebuild target 'ELA_StepMotor'
assembling startup_stm32f103xe.s...
compiling can.c...
compiling dma.c...
compiling stm32f1xx_it.c...
compiling spi.c...
compiling tim.c...
compiling stm32f1xx_hal_rcc_ex.c...
compiling gpio.c...
compiling adc.c...
compiling usart.c...
compiling stm32f1xx_hal_msp.c...
compiling stm32f1xx_hal_adc_ex.c...
compiling main.c...
compiling stm32f1xx_hal.c...
compiling stm32f1xx_hal_gpio_ex.c...
compiling stm32f1xx_hal_adc.c...
compiling stm32f1xx_hal_rcc.c...
compiling stm32f1xx_hal_gpio.c...
compiling stm32f1xx_hal_flash.c...
compiling stm32f1xx_hal_flash_ex.c...
compiling system_stm32f1xx.c...
compiling stm32f1xx_hal_cortex.c...
compiling stm32f1xx_hal_pwr.c...
compiling stm32f1xx_hal_exti.c...
compiling stm32f1xx_hal_dma.c...
compiling ela_button_drv.c...
compiling stm32f1xx_hal_spi.c...
compiling stm32f1xx_hal_can.c...
compiling stm32f1xx_hal_uart.c...
compiling ela_mt6816_drv.c...
compiling stm32f1xx_hal_tim_ex.c...
compiling ela_can_queue.c...
compiling ela_cyclecal.c...
compiling ela_pow_det_drv.c...
compiling stm32f1xx_hal_tim.c...
compiling ela_sinform.c...
compiling ela_uart_queue.c...
compiling ela_stockfile_drv.c...
compiling ela_tb67h450_drv.c...
compiling ela_uart_drv.c...
compiling ela_mt6816_usr.c...
compiling elaco_calibration_usr.c...
compiling ela_stockfile_usr.c...
compiling ela_button_usr.c...
compiling ela_motion_run_usr.c...
compiling ela_pow_det_usr.c...
compiling elaco_main.c...
compiling ela_tb67h450_usr.c...
compiling ela_uart_usr.c...
linking...
Program Size: Code=26788 RO-data=2684 RW-data=112 ZI-data=5224  
FromELF: creating hex file...
"ELA_StepMotor\ELA_StepMotor.axf" - 0 Error(s), 0 Warning(s).

<h2>Software Packages used:</h2>

Package Vendor: ARM
                https://www.keil.com/pack/ARM.CMSIS.6.3.0.pack
                ARM::CMSIS@6.3.0
                CMSIS (Common Microcontroller Software Interface Standard)
   * Component: CORE Version: 6.2.0

Package Vendor: Keil
                https://www.keil.com/pack/Keil.STM32F1xx_DFP.2.4.1.pack
                Keil::STM32F1xx_DFP@2.4.1
                STMicroelectronics STM32F1 Series Device Support, Drivers and Examples

<h2>Collection of Component include folders:</h2>
  ./RTE/_ELA_StepMotor
  D:/keil5/ARM/CMSIS/6.3.0/CMSIS/Core/Include
  D:/keil5/Keil/STM32F1xx_DFP/2.4.1/Device/Include

<h2>Collection of Component Files used:</h2>

   * Component: ARM::CMSIS:CORE@6.2.0
      Include file:  CMSIS/Core/Include/tz_context.h
Build Time Elapsed:  00:00:06
</pre>
</body>
</html>
