?--- Position Test CL Start ---
Encoder init done
PWM started (2000mA)
Pre-positioned at electrical angle 0
Initial encoder: 2090 (0x082A)
Seg 0: target +4096 (enc 2090) ... settle[0]=4094 acc=0
settle[1]=4099 acc=-39
settle[2]=4103 acc=46
settle[3]=4098 acc=-42
settle[4]=4100 acc=0
settle[5]=4104 acc=37
settle[6]=4099 acc=-46
settle[7]=4102 acc=60
settle[8]=4102 acc=-32
settle[9]=4097 acc=-37
enc=6190 delta=4100 isr_last=4102 drft=2 (exp=4096) step=-11763 565ms OK
Seg 1: target +4096 (enc 6190) ... settle[0]=4093 acc=0
settle[1]=4093 acc=0
settle[2]=4093 acc=0
settle[3]=4093 acc=0
settle[4]=4093 acc=0
settle[5]=4093 acc=0
settle[6]=4093 acc=0
settle[7]=4093 acc=0
settle[8]=4093 acc=0
settle[9]=4093 acc=0
enc=10283 delta=4093 isr_last=4093 drft=0 (exp=4096) step=-24588 574ms OK
Seg 2: target +4096 (enc 10283) ... settle[0]=4094 acc=0
settle[1]=4093 acc=20
settle[2]=4093 acc=0
settle[3]=4094 acc=0
settle[4]=4093 acc=16
settle[5]=4092 acc=-60
settle[6]=4093 acc=0
settle[7]=4093 acc=20
settle[8]=4092 acc=8
settle[9]=4093 acc=0
enc=14376 delta=4093 isr_last=4093 drft=0 (exp=4096) step=-37401 589ms OK
Seg 3: target +4096 (enc 14376) ... settle[0]=4094 acc=0
settle[1]=4098 acc=0
settle[2]=4098 acc=0
settle[3]=4099 acc=0
settle[4]=4098 acc=0
settle[5]=4098 acc=0
settle[6]=4099 acc=0
settle[7]=4098 acc=0
settle[8]=4098 acc=0
settle[9]=4099 acc=0
enc=2090 delta=4098 isr_last=4099 drft=1 (exp=4096) step=-50168 627ms OK
--- Position Test CL PASS ---
