?--- Position Test CL Start ---
Encoder init done
PWM started (2000mA)
Pre-positioned at electrical angle 0
Initial encoder: 2088 (0x0828)
Seg 0: target +4096 (enc 2088) ... settle[0]=4094 acc=0
settle[1]=4097 acc=-38
settle[2]=4103 acc=116
settle[3]=4100 acc=-41
settle[4]=4097 acc=0
settle[5]=4105 acc=110
settle[6]=4099 acc=-45
settle[7]=4099 acc=0
settle[8]=4104 acc=37
settle[9]=4097 acc=-46
enc=6188 delta=4100 isr_last=4100 drft=0 (exp=4096) step=-12788 604ms OK
Seg 1: target +4096 (enc 6188) ... settle[0]=4093 acc=0
settle[1]=4093 acc=0
settle[2]=4093 acc=0
settle[3]=4093 acc=0
settle[4]=4093 acc=0
settle[5]=4093 acc=0
settle[6]=4093 acc=0
settle[7]=4093 acc=0
settle[8]=4093 acc=0
settle[9]=4093 acc=0
enc=10281 delta=4093 isr_last=4093 drft=0 (exp=4096) step=-25609 581ms OK
Seg 2: target +4096 (enc 10281) ... settle[0]=4094 acc=0
settle[1]=4095 acc=0
settle[2]=4095 acc=0
settle[3]=4095 acc=0
settle[4]=4095 acc=0
settle[5]=4095 acc=0
settle[6]=4095 acc=0
settle[7]=4094 acc=0
settle[8]=4095 acc=0
settle[9]=4095 acc=0
enc=14376 delta=4095 isr_last=4095 drft=0 (exp=4096) step=-38424 592ms OK
Seg 3: target +4096 (enc 14376) ... settle[0]=4093 acc=0
settle[1]=4098 acc=0
settle[2]=4098 acc=0
settle[3]=4098 acc=0
settle[4]=4098 acc=0
settle[5]=4098 acc=0
settle[6]=4098 acc=0
settle[7]=4098 acc=0
settle[8]=4098 acc=0
settle[9]=4098 acc=0
enc=2090 delta=4098 isr_last=4098 drft=0 (exp=4096) step=-51195 624ms OK
--- Position Test CL PASS ---
