?--- Position Test CL Start ---
Encoder init done
PWM started (2000mA)
Pre-positioned at electrical angle 0
Initial encoder: 2088 (0x0828)
Seg 0: target +4096 (enc 2088) ... settle[0]=4094 acc=0
settle[1]=4097 acc=-37
settle[2]=4101 acc=60
settle[3]=4102 acc=-33
settle[4]=4098 acc=-56
settle[5]=4105 acc=114
settle[6]=4101 acc=-43
settle[7]=4098 acc=-49
settle[8]=4105 acc=45
settle[9]=4099 acc=-48
enc=6188 delta=4100 isr_last=4099 drft=-1 (exp=4096) step=-12788 605ms OK
Seg 1: target +4096 (enc 6188) ... settle[0]=4093 acc=0
settle[1]=4099 acc=0
settle[2]=4101 acc=0
settle[3]=4099 acc=0
settle[4]=4103 acc=0
settle[5]=4098 acc=0
settle[6]=4102 acc=0
settle[7]=4099 acc=0
settle[8]=4101 acc=0
settle[9]=4099 acc=0
enc=10288 delta=4100 isr_last=4103 drft=3 (exp=4096) step=-25611 572ms OK
Seg 2: target +4096 (enc 10288) ... settle[0]=4093 acc=0
settle[1]=4092 acc=0
settle[2]=4093 acc=0
settle[3]=4094 acc=0
settle[4]=4093 acc=0
settle[5]=4095 acc=0
settle[6]=4093 acc=0
settle[7]=4094 acc=0
settle[8]=4093 acc=0
settle[9]=4093 acc=0
enc=14381 delta=4093 isr_last=4094 drft=1 (exp=4096) step=-38427 585ms OK
Seg 3: target +4096 (enc 14381) ... settle[0]=4093 acc=0
settle[1]=4096 acc=0
settle[2]=4096 acc=0
settle[3]=4096 acc=0
settle[4]=4096 acc=0
settle[5]=4096 acc=0
settle[6]=4096 acc=0
settle[7]=4096 acc=0
settle[8]=4096 acc=0
settle[9]=4096 acc=0
enc=2093 delta=4096 isr_last=4096 drft=0 (exp=4096) step=-51198 624ms OK
--- Position Test CL PASS ---
