Component: ARM Compiler 5.06 update 7 (build 960) Tool: armlink [4d3601]

==============================================================================

Section Cross References

    startup_stm32f103xe.o(STACK) refers (Special) to heapauxi.o(.text) for __use_two_region_memory
    startup_stm32f103xe.o(HEAP) refers (Special) to heapauxi.o(.text) for __use_two_region_memory
    startup_stm32f103xe.o(RESET) refers (Special) to heapauxi.o(.text) for __use_two_region_memory
    startup_stm32f103xe.o(RESET) refers to startup_stm32f103xe.o(STACK) for __initial_sp
    startup_stm32f103xe.o(RESET) refers to startup_stm32f103xe.o(.text) for Reset_Handler
    startup_stm32f103xe.o(RESET) refers to stm32f1xx_it.o(i.NMI_Handler) for NMI_Handler
    startup_stm32f103xe.o(RESET) refers to stm32f1xx_it.o(i.HardFault_Handler) for HardFault_Handler
    startup_stm32f103xe.o(RESET) refers to stm32f1xx_it.o(i.MemManage_Handler) for MemManage_Handler
    startup_stm32f103xe.o(RESET) refers to stm32f1xx_it.o(i.BusFault_Handler) for BusFault_Handler
    startup_stm32f103xe.o(RESET) refers to stm32f1xx_it.o(i.UsageFault_Handler) for UsageFault_Handler
    startup_stm32f103xe.o(RESET) refers to stm32f1xx_it.o(i.SVC_Handler) for SVC_Handler
    startup_stm32f103xe.o(RESET) refers to stm32f1xx_it.o(i.DebugMon_Handler) for DebugMon_Handler
    startup_stm32f103xe.o(RESET) refers to stm32f1xx_it.o(i.PendSV_Handler) for PendSV_Handler
    startup_stm32f103xe.o(RESET) refers to stm32f1xx_it.o(i.SysTick_Handler) for SysTick_Handler
    startup_stm32f103xe.o(RESET) refers to stm32f1xx_it.o(i.DMA1_Channel1_IRQHandler) for DMA1_Channel1_IRQHandler
    startup_stm32f103xe.o(RESET) refers to stm32f1xx_it.o(i.DMA1_Channel2_IRQHandler) for DMA1_Channel2_IRQHandler
    startup_stm32f103xe.o(RESET) refers to stm32f1xx_it.o(i.DMA1_Channel3_IRQHandler) for DMA1_Channel3_IRQHandler
    startup_stm32f103xe.o(RESET) refers to stm32f1xx_it.o(i.DMA1_Channel4_IRQHandler) for DMA1_Channel4_IRQHandler
    startup_stm32f103xe.o(RESET) refers to stm32f1xx_it.o(i.DMA1_Channel5_IRQHandler) for DMA1_Channel5_IRQHandler
    startup_stm32f103xe.o(RESET) refers to stm32f1xx_it.o(i.USB_HP_CAN1_TX_IRQHandler) for USB_HP_CAN1_TX_IRQHandler
    startup_stm32f103xe.o(RESET) refers to stm32f1xx_it.o(i.USB_LP_CAN1_RX0_IRQHandler) for USB_LP_CAN1_RX0_IRQHandler
    startup_stm32f103xe.o(RESET) refers to stm32f1xx_it.o(i.CAN1_RX1_IRQHandler) for CAN1_RX1_IRQHandler
    startup_stm32f103xe.o(RESET) refers to stm32f1xx_it.o(i.CAN1_SCE_IRQHandler) for CAN1_SCE_IRQHandler
    startup_stm32f103xe.o(RESET) refers to stm32f1xx_it.o(i.TIM1_UP_IRQHandler) for TIM1_UP_IRQHandler
    startup_stm32f103xe.o(RESET) refers to stm32f1xx_it.o(i.TIM3_IRQHandler) for TIM3_IRQHandler
    startup_stm32f103xe.o(RESET) refers to stm32f1xx_it.o(i.TIM4_IRQHandler) for TIM4_IRQHandler
    startup_stm32f103xe.o(RESET) refers to stm32f1xx_it.o(i.USART1_IRQHandler) for USART1_IRQHandler
    startup_stm32f103xe.o(RESET) refers to stm32f1xx_it.o(i.USART3_IRQHandler) for USART3_IRQHandler
    startup_stm32f103xe.o(.text) refers (Special) to heapauxi.o(.text) for __use_two_region_memory
    startup_stm32f103xe.o(.text) refers to system_stm32f1xx.o(i.SystemInit) for SystemInit
    startup_stm32f103xe.o(.text) refers to __main.o(!!!main) for __main
    startup_stm32f103xe.o(.text) refers to startup_stm32f103xe.o(HEAP) for Heap_Mem
    startup_stm32f103xe.o(.text) refers to startup_stm32f103xe.o(STACK) for Stack_Mem
    main.o(i.HAL_TIM_PeriodElapsedCallback) refers to button_usr.o(i.USR_Button_Tick) for USR_Button_Tick
    main.o(i.HAL_TIM_PeriodElapsedCallback) refers to led_drv.o(i.DRV_LED_Set) for DRV_LED_Set
    main.o(i.HAL_TIM_PeriodElapsedCallback) refers to encoder_calibrator_usr.o(i.USR_EncoderCalibrator_IsTriggered) for USR_EncoderCalibrator_IsTriggered
    main.o(i.HAL_TIM_PeriodElapsedCallback) refers to encoder_calibrator_usr.o(i.USR_EncoderCalibrator_Tick20kHz) for USR_EncoderCalibrator_Tick20kHz
    main.o(i.HAL_TIM_PeriodElapsedCallback) refers to motor_usr.o(i.USR_Motor_Tick20kHz) for USR_Motor_Tick20kHz
    main.o(i.HAL_TIM_PeriodElapsedCallback) refers to main.o(.data) for .data
    main.o(i.SystemClock_Config) refers to rt_memclr_w.o(.text) for __aeabi_memclr4
    main.o(i.SystemClock_Config) refers to stm32f1xx_hal_rcc.o(i.HAL_RCC_OscConfig) for HAL_RCC_OscConfig
    main.o(i.SystemClock_Config) refers to stm32f1xx_hal_rcc.o(i.HAL_RCC_ClockConfig) for HAL_RCC_ClockConfig
    main.o(i.SystemClock_Config) refers to stm32f1xx_hal_rcc_ex.o(i.HAL_RCCEx_PeriphCLKConfig) for HAL_RCCEx_PeriphCLKConfig
    main.o(i.main) refers to _printf_percent.o(.ARM.Collect$$_printf_percent$$00000000) for _printf_percent
    main.o(i.main) refers to _printf_d.o(.ARM.Collect$$_printf_percent$$00000009) for _printf_d
    main.o(i.main) refers to _printf_u.o(.ARM.Collect$$_printf_percent$$0000000A) for _printf_u
    main.o(i.main) refers to _printf_dec.o(.text) for _printf_int_dec
[...]
    s_track_position                         0x2000014c   Data           4  motion_planner_usr.o(.data)
    s_go_location                            0x20000150   Data           4  motion_planner_usr.o(.data)
    s_go_location_velocity                   0x20000154   Data           4  motion_planner_usr.o(.data)
    s_velocity_down_acc_traj                 0x20000158   Data           4  motion_planner_usr.o(.data)
    s_dynamic_velocity_acc                   0x2000015c   Data           4  motion_planner_usr.o(.data)
    s_update_time                            0x20000160   Data           4  motion_planner_usr.o(.data)
    s_update_timeout                         0x20000164   Data           4  motion_planner_usr.o(.data)
    s_record_velocity                        0x20000168   Data           4  motion_planner_usr.o(.data)
    s_record_position_traj                   0x2000016c   Data           4  motion_planner_usr.o(.data)
    s_dynamic_vel_acc_remainder              0x20000170   Data           4  motion_planner_usr.o(.data)
    s_velocity_now                           0x20000174   Data           4  motion_planner_usr.o(.data)
    s_velocity_now_remainder                 0x20000178   Data           4  motion_planner_usr.o(.data)
    s_position_now                           0x2000017c   Data           4  motion_planner_usr.o(.data)
    s_go_traj_position                       0x20000180   Data           4  motion_planner_usr.o(.data)
    s_go_traj_velocity                       0x20000184   Data           4  motion_planner_usr.o(.data)
    .bss                                     0x20000188   Section      116  adc.o(.bss)
    .bss                                     0x200001fc   Section       40  can.o(.bss)
    .bss                                     0x20000224   Section       88  spi.o(.bss)
    .bss                                     0x2000027c   Section      288  tim.o(.bss)
    .bss                                     0x2000039c   Section      416  usart.o(.bss)
    .bss                                     0x20000540   Section       32  stm32f1xx_hal_flash.o(.bss)
    .bss                                     0x20000560   Section      836  encoder_calibrator_usr.o(.bss)
    s_sample_raw                             0x20000560   Data          32  encoder_calibrator_usr.o(.bss)
    s_sample_fwd                             0x20000580   Data         402  encoder_calibrator_usr.o(.bss)
    s_sample_rev                             0x20000712   Data         402  encoder_calibrator_usr.o(.bss)
    .bss                                     0x200008a4   Section       12  button_usr.o(.bss)
    s_press_time                             0x200008a4   Data          12  button_usr.o(.bss)
    .bss                                     0x200008b0   Section       16  motor_usr.o(.bss)
    s_planner_config                         0x200008b0   Data          16  motor_usr.o(.bss)
    .bss                                     0x200008c0   Section       96  libspace.o(.bss)
    HEAP                                     0x20000920   Section      512  startup_stm32f103xe.o(HEAP)
    Heap_Mem                                 0x20000920   Data         512  startup_stm32f103xe.o(HEAP)
    STACK                                    0x20000b20   Section     1024  startup_stm32f103xe.o(STACK)
    Stack_Mem                                0x20000b20   Data        1024  startup_stm32f103xe.o(STACK)
    __initial_sp                             0x20000f20   Data           0  startup_stm32f103xe.o(STACK)

    Global Symbols

    Symbol Name                              Value     Ov Type        Size  Object(Section)

    BuildAttributes$$THM_ISAv4$P$D$K$B$S$PE$A:L22UL41UL21$X:L11$S22US41US21$IEEE1$IW$USESV6$~STKCKD$USESV7$~SHL$OSPACE$ROPI$EBA8$UX$STANDARDLIB$REQ8$PRES8$EABIv2 0x00000000   Number         0  anon$$obj.o ABSOLUTE
    __ARM_use_no_argv                        0x00000000   Number         0  main.o ABSOLUTE
    _printf_flags                            0x00000000   Number         0  printf_stubs.o ABSOLUTE
    _printf_return_value                     0x00000000   Number         0  printf_stubs.o ABSOLUTE
    _printf_sizespec                         0x00000000   Number         0  printf_stubs.o ABSOLUTE
    _printf_widthprec                        0x00000000   Number         0  printf_stubs.o ABSOLUTE
    __ARM_exceptions_init                     - Undefined Weak Reference
    __alloca_initialize                       - Undefined Weak Reference
    __arm_fini_                               - Undefined Weak Reference
    __arm_preinit_                            - Undefined Weak Reference
    __cpp_initialize__aeabi_                  - Undefined Weak Reference
    __cxa_finalize                            - Undefined Weak Reference
    __rt_locale                               - Undefined Weak Reference
    __sigvec_lookup                           - Undefined Weak Reference
    _atexit_init                              - Undefined Weak Reference
    _call_atexit_fns                          - Undefined Weak Reference
    _clock_init                               - Undefined Weak Reference
    _fp_trap_init                             - Undefined Weak Reference
    _fp_trap_shutdown                         - Undefined Weak Reference
    _get_lc_collate                           - Undefined Weak Reference
    _get_lc_ctype                             - Undefined Weak Reference
    _get_lc_monetary                          - Undefined Weak Reference
    _get_lc_numeric                           - Undefined Weak Reference
    _get_lc_time                              - Undefined Weak Reference
    _getenv_init                              - Undefined Weak Reference
    _handle_redirection                       - Undefined Weak Reference
    _init_alloc                               - Undefined Weak Reference
    _init_user_alloc                          - Undefined Weak Reference
    _initio                                   - Undefined Weak Reference
    _printf_post_padding                      - Undefined Weak Reference
    _printf_pre_padding                       - Undefined Weak Reference
    _printf_truncate_signed                   - Undefined Weak Reference
    _printf_truncate_unsigned                 - Undefined Weak Reference
    _rand_init                                - Undefined Weak Reference
    _signal_finish                            - Undefined Weak Reference
    _signal_init                              - Undefined Weak Reference
    _terminate_alloc                          - Undefined Weak Reference
    _terminate_user_alloc                     - Undefined Weak Reference
    _terminateio                              - Undefined Weak Reference
    __Vectors_Size                           0x00000130   Number         0  startup_stm32f103xe.o ABSOLUTE
    __Vectors                                0x08000000   Data           4  startup_stm32f103xe.o(RESET)
    __Vectors_End                            0x08000130   Data           0  startup_stm32f103xe.o(RESET)
    __main                                   0x08000131   Thumb Code     8  __main.o(!!!main)
    __scatterload                            0x08000139   Thumb Code     0  __scatter.o(!!!scatter)
    __scatterload_rt2                        0x08000139   Thumb Code    44  __scatter.o(!!!scatter)
    __scatterload_rt2_thumb_only             0x08000139   Thumb Code     0  __scatter.o(!!!scatter)
    __scatterload_null                       0x08000147   Thumb Code     0  __scatter.o(!!!scatter)
    __decompress                             0x0800016d   Thumb Code    90  __dczerorl2.o(!!dczerorl2)
    __decompress1                            0x0800016d   Thumb Code     0  __dczerorl2.o(!!dczerorl2)
    __scatterload_zeroinit                   0x080001c9   Thumb Code    28  __scatter_zi.o(!!handler_zi)
    _printf_d                                0x080001e5   Thumb Code     0  _printf_d.o(.ARM.Collect$$_printf_percent$$00000009)
    _printf_percent                          0x080001e5   Thumb Code     0  _printf_percent.o(.ARM.Collect$$_printf_percent$$00000000)
    _printf_u                                0x080001eb   Thumb Code     0  _printf_u.o(.ARM.Collect$$_printf_percent$$0000000A)
    _printf_percent_end                      0x080001f1   Thumb Code     0  _printf_percent_end.o(.ARM.Collect$$_printf_percent$$00000017)
    __rt_lib_init                            0x080001f5   Thumb Code     0  libinit.o(.ARM.Collect$$libinit$$00000000)
    __rt_lib_init_alloca_1                   0x080001f7   Thumb Code     0  libinit2.o(.ARM.Collect$$libinit$$0000002E)
    __rt_lib_init_argv_1                     0x080001f7   Thumb Code     0  libinit2.o(.ARM.Collect$$libinit$$0000002C)
    __rt_lib_init_atexit_1                   0x080001f7   Thumb Code     0  libinit2.o(.ARM.Collect$$libinit$$0000001B)
    __rt_lib_init_clock_1                    0x080001f7   Thumb Code     0  libinit2.o(.ARM.Collect$$libinit$$00000021)
    __rt_lib_init_cpp_1                      0x080001f7   Thumb Code     0  libinit2.o(.ARM.Collect$$libinit$$00000032)
    __rt_lib_init_exceptions_1               0x080001f7   Thumb Code     0  libinit2.o(.ARM.Collect$$libinit$$00000030)
    __rt_lib_init_fp_1                       0x080001f7   Thumb Code     0  libinit2.o(.ARM.Collect$$libinit$$00000002)
    __rt_lib_init_fp_trap_1                  0x080001f7   Thumb Code     0  libinit2.o(.ARM.Collect$$libinit$$0000001F)
    __rt_lib_init_getenv_1                   0x080001f7   Thumb Code     0  libinit2.o(.ARM.Collect$$libinit$$00000023)
    __rt_lib_init_heap_1                     0x080001f7   Thumb Code     0  libinit2.o(.ARM.Collect$$libinit$$0000000A)
    __rt_lib_init_lc_collate_1               0x080001f7   Thumb Code     0  libinit2.o(.ARM.Collect$$libinit$$00000011)
    __rt_lib_init_lc_ctype_1                 0x080001f7   Thumb Code     0  libinit2.o(.ARM.Collect$$libinit$$00000013)
    __rt_lib_init_lc_monetary_1              0x080001f7   Thumb Code     0  libinit2.o(.ARM.Collect$$libinit$$00000015)
    __rt_lib_init_lc_numeric_1               0x080001f7   Thumb Code     0  libinit2.o(.ARM.Collect$$libinit$$00000017)
    __rt_lib_init_lc_time_1                  0x080001f7   Thumb Code     0  libinit2.o(.ARM.Collect$$libinit$$00000019)
    __rt_lib_init_preinit_1                  0x080001f7   Thumb Code     0  libinit2.o(.ARM.Collect$$libinit$$00000004)
    __rt_lib_init_rand_1                     0x080001f7   Thumb Code     0  libinit2.o(.ARM.Collect$$libinit$$0000000E)
    __rt_lib_init_return                     0x080001f7   Thumb Code     0  libinit2.o(.ARM.Collect$$libinit$$00000033)
    __rt_lib_init_signal_1                   0x080001f7   Thumb Code     0  libinit2.o(.ARM.Collect$$libinit$$0000001D)
    __rt_lib_init_stdio_1                    0x080001f7   Thumb Code     0  libinit2.o(.ARM.Collect$$libinit$$00000025)
    __rt_lib_init_user_alloc_1               0x080001f7   Thumb Code     0  libinit2.o(.ARM.Collect$$libinit$$0000000C)
    __rt_lib_shutdown                        0x080001f9   Thumb Code     0  libshutdown.o(.ARM.Collect$$libshutdown$$00000000)
    __rt_lib_shutdown_cpp_1                  0x080001fb   Thumb Code     0  libshutdown2.o(.ARM.Collect$$libshutdown$$00000004)
    __rt_lib_shutdown_fini_1                 0x080001fb   Thumb Code     0  libshutdown2.o(.ARM.Collect$$libshutdown$$00000002)
    __rt_lib_shutdown_fp_trap_1              0x080001fb   Thumb Code     0  libshutdown2.o(.ARM.Collect$$libshutdown$$00000009)
    __rt_lib_shutdown_heap_1                 0x080001fb   Thumb Code     0  libshutdown2.o(.ARM.Collect$$libshutdown$$00000011)
    __rt_lib_shutdown_return                 0x080001fb   Thumb Code     0  libshutdown2.o(.ARM.Collect$$libshutdown$$00000012)
    __rt_lib_shutdown_signal_1               0x080001fb   Thumb Code     0  libshutdown2.o(.ARM.Collect$$libshutdown$$0000000C)
    __rt_lib_shutdown_stdio_1                0x080001fb   Thumb Code     0  libshutdown2.o(.ARM.Collect$$libshutdown$$00000006)
    __rt_lib_shutdown_user_alloc_1           0x080001fb   Thumb Code     0  libshutdown2.o(.ARM.Collect$$libshutdown$$0000000E)
    __rt_entry                               0x080001fd   Thumb Code     0  __rtentry.o(.ARM.Collect$$rtentry$$00000000)
    __rt_entry_presh_1                       0x080001fd   Thumb Code     0  __rtentry2.o(.ARM.Collect$$rtentry$$00000002)
    __rt_entry_sh                            0x080001fd   Thumb Code     0  __rtentry4.o(.ARM.Collect$$rtentry$$00000004)
    __rt_entry_li                            0x08000203   Thumb Code     0  __rtentry2.o(.ARM.Collect$$rtentry$$0000000A)
    __rt_entry_postsh_1                      0x08000203   Thumb Code     0  __rtentry2.o(.ARM.Collect$$rtentry$$00000009)
    __rt_entry_main                          0x08000207   Thumb Code     0  __rtentry2.o(.ARM.Collect$$rtentry$$0000000D)
    __rt_entry_postli_1                      0x08000207   Thumb Code     0  __rtentry2.o(.ARM.Collect$$rtentry$$0000000C)
    __rt_exit                                0x0800020f   Thumb Code     0  rtexit.o(.ARM.Collect$$rtexit$$00000000)
    __rt_exit_ls                             0x08000211   Thumb Code     0  rtexit2.o(.ARM.Collect$$rtexit$$00000003)
    __rt_exit_prels_1                        0x08000211   Thumb Code     0  rtexit2.o(.ARM.Collect$$rtexit$$00000002)
    __rt_exit_exit                           0x08000215   Thumb Code     0  rtexit2.o(.ARM.Collect$$rtexit$$00000004)
    Reset_Handler                            0x0800021d   Thumb Code     8  startup_stm32f103xe.o(.text)
    ADC1_2_IRQHandler                        0x08000237   Thumb Code     0  startup_stm32f103xe.o(.text)
    ADC3_IRQHandler                          0x08000237   Thumb Code     0  startup_stm32f103xe.o(.text)
    DMA1_Channel6_IRQHandler                 0x08000237   Thumb Code     0  startup_stm32f103xe.o(.text)
    DMA1_Channel7_IRQHandler                 0x08000237   Thumb Code     0  startup_stm32f103xe.o(.text)
    DMA2_Channel1_IRQHandler                 0x08000237   Thumb Code     0  startup_stm32f103xe.o(.text)
    DMA2_Channel2_IRQHandler                 0x08000237   Thumb Code     0  startup_stm32f103xe.o(.text)
    DMA2_Channel3_IRQHandler                 0x08000237   Thumb Code     0  startup_stm32f103xe.o(.text)
    DMA2_Channel4_5_IRQHandler               0x08000237   Thumb Code     0  startup_stm32f103xe.o(.text)
    EXTI0_IRQHandler                         0x08000237   Thumb Code     0  startup_stm32f103xe.o(.text)
    EXTI15_10_IRQHandler                     0x08000237   Thumb Code     0  startup_stm32f103xe.o(.text)
    EXTI1_IRQHandler                         0x08000237   Thumb Code     0  startup_stm32f103xe.o(.text)
    EXTI2_IRQHandler                         0x08000237   Thumb Code     0  startup_stm32f103xe.o(.text)
    EXTI3_IRQHandler                         0x08000237   Thumb Code     0  startup_stm32f103xe.o(.text)
    EXTI4_IRQHandler                         0x08000237   Thumb Code     0  startup_stm32f103xe.o(.text)
    EXTI9_5_IRQHandler                       0x08000237   Thumb Code     0  startup_stm32f103xe.o(.text)
    FLASH_IRQHandler                         0x08000237   Thumb Code     0  startup_stm32f103xe.o(.text)
    FSMC_IRQHandler                          0x08000237   Thumb Code     0  startup_stm32f103xe.o(.text)
    I2C1_ER_IRQHandler                       0x08000237   Thumb Code     0  startup_stm32f103xe.o(.text)
    I2C1_EV_IRQHandler                       0x08000237   Thumb Code     0  startup_stm32f103xe.o(.text)
    I2C2_ER_IRQHandler                       0x08000237   Thumb Code     0  startup_stm32f103xe.o(.text)
    I2C2_EV_IRQHandler                       0x08000237   Thumb Code     0  startup_stm32f103xe.o(.text)
    PVD_IRQHandler                           0x08000237   Thumb Code     0  startup_stm32f103xe.o(.text)
    RCC_IRQHandler                           0x08000237   Thumb Code     0  startup_stm32f103xe.o(.text)
    RTC_Alarm_IRQHandler                     0x08000237   Thumb Code     0  startup_stm32f103xe.o(.text)
    RTC_IRQHandler                           0x08000237   Thumb Code     0  startup_stm32f103xe.o(.text)
    SDIO_IRQHandler                          0x08000237   Thumb Code     0  startup_stm32f103xe.o(.text)
    SPI1_IRQHandler                          0x08000237   Thumb Code     0  startup_stm32f103xe.o(.text)
    SPI2_IRQHandler                          0x08000237   Thumb Code     0  startup_stm32f103xe.o(.text)
    SPI3_IRQHandler                          0x08000237   Thumb Code     0  startup_stm32f103xe.o(.text)
    TAMPER_IRQHandler                        0x08000237   Thumb Code     0  startup_stm32f103xe.o(.text)
    TIM1_BRK_IRQHandler                      0x08000237   Thumb Code     0  startup_stm32f103xe.o(.text)
    TIM1_CC_IRQHandler                       0x08000237   Thumb Code     0  startup_stm32f103xe.o(.text)
    TIM1_TRG_COM_IRQHandler                  0x08000237   Thumb Code     0  startup_stm32f103xe.o(.text)
    TIM2_IRQHandler                          0x08000237   Thumb Code     0  startup_stm32f103xe.o(.text)
    TIM5_IRQHandler                          0x08000237   Thumb Code     0  startup_stm32f103xe.o(.text)
    TIM6_IRQHandler                          0x08000237   Thumb Code     0  startup_stm32f103xe.o(.text)
    TIM7_IRQHandler                          0x08000237   Thumb Code     0  startup_stm32f103xe.o(.text)
    TIM8_BRK_IRQHandler                      0x08000237   Thumb Code     0  startup_stm32f103xe.o(.text)
    TIM8_CC_IRQHandler                       0x08000237   Thumb Code     0  startup_stm32f103xe.o(.text)
    TIM8_TRG_COM_IRQHandler                  0x08000237   Thumb Code     0  startup_stm32f103xe.o(.text)
    TIM8_UP_IRQHandler                       0x08000237   Thumb Code     0  startup_stm32f103xe.o(.text)
    UART4_IRQHandler                         0x08000237   Thumb Code     0  startup_stm32f103xe.o(.text)
    UART5_IRQHandler                         0x08000237   Thumb Code     0  startup_stm32f103xe.o(.text)
    USART2_IRQHandler                        0x08000237   Thumb Code     0  startup_stm32f103xe.o(.text)
    USBWakeUp_IRQHandler                     0x08000237   Thumb Code     0  startup_stm32f103xe.o(.text)
    WWDG_IRQHandler                          0x08000237   Thumb Code     0  startup_stm32f103xe.o(.text)
    __user_initial_stackheap                 0x08000239   Thumb Code     0  startup_stm32f103xe.o(.text)
    __aeabi_llsr                             0x0800025d   Thumb Code     0  llushr.o(.text)
    _ll_ushift_r                             0x0800025d   Thumb Code    38  llushr.o(.text)
    __2sprintf                               0x08000285   Thumb Code    34  noretval__2sprintf.o(.text)
    __2snprintf                              0x080002ad   Thumb Code    48  noretval__2snprintf.o(.text)
    _printf_int_dec                          0x080002e1   Thumb Code   104  _printf_dec.o(.text)
    __printf                                 0x08000359   Thumb Code   184  __printf_ss.o(.text)
    strlen                                   0x08000411   Thumb Code    62  strlen.o(.text)
    __aeabi_memclr4                          0x0800044f   Thumb Code     0  rt_memclr_w.o(.text)
    __aeabi_memclr8                          0x0800044f   Thumb Code     0  rt_memclr_w.o(.text)
    __rt_memclr_w                            0x0800044f   Thumb Code    78  rt_memclr_w.o(.text)
    _memset_w                                0x08000453   Thumb Code     0  rt_memclr_w.o(.text)
    __use_two_region_memory                  0x0800049d   Thumb Code     2  heapauxi.o(.text)
    __rt_heap_escrow$2region                 0x0800049f   Thumb Code     2  heapauxi.o(.text)
    __rt_heap_expand$2region                 0x080004a1   Thumb Code     2  heapauxi.o(.text)
    _printf_int_common                       0x080004a3   Thumb Code   178  _printf_intcommon.o(.text)
    _printf_char_common                      0x0800055f   Thumb Code    32  _printf_char_common.o(.text)
    _sputc                                   0x08000585   Thumb Code    10  _sputc.o(.text)
    _snputc                                  0x0800058f   Thumb Code    16  _snputc.o(.text)
    __user_setup_stackheap                   0x0800059f   Thumb Code    74  sys_stackheap_outer.o(.text)
    exit                                     0x080005e9   Thumb Code    18  exit.o(.text)
    __user_libspace                          0x080005fd   Thumb Code     8  libspace.o(.text)
    __user_perproc_libspace                  0x080005fd   Thumb Code     0  libspace.o(.text)
    __user_perthread_libspace                0x080005fd   Thumb Code     0  libspace.o(.text)
    _sys_exit                                0x08000605   Thumb Code     8  sys_exit.o(.text)
    __I$use$semihosting                      0x08000611   Thumb Code     0  use_no_semi.o(.text)
    __use_no_semihosting_swi                 0x08000611   Thumb Code     2  use_no_semi.o(.text)
    __semihosting_library_function           0x08000613   Thumb Code     0  indicate_semi.o(.text)
    ADC_ConversionStop_Disable               0x08000615   Thumb Code    86  stm32f1xx_hal_adc.o(i.ADC_ConversionStop_Disable)
    BusFault_Handler                         0x0800066b   Thumb Code     2  stm32f1xx_it.o(i.BusFault_Handler)
    CAN1_RX1_IRQHandler                      0x0800066d   Thumb Code     6  stm32f1xx_it.o(i.CAN1_RX1_IRQHandler)
    CAN1_SCE_IRQHandler                      0x08000679   Thumb Code     6  stm32f1xx_it.o(i.CAN1_SCE_IRQHandler)
    DMA1_Channel1_IRQHandler                 0x08000685   Thumb Code     6  stm32f1xx_it.o(i.DMA1_Channel1_IRQHandler)
    DMA1_Channel2_IRQHandler                 0x08000691   Thumb Code     6  stm32f1xx_it.o(i.DMA1_Channel2_IRQHandler)
    DMA1_Channel3_IRQHandler                 0x0800069d   Thumb Code     6  stm32f1xx_it.o(i.DMA1_Channel3_IRQHandler)
    DMA1_Channel4_IRQHandler                 0x080006a9   Thumb Code     6  stm32f1xx_it.o(i.DMA1_Channel4_IRQHandler)
    DMA1_Channel5_IRQHandler                 0x080006b5   Thumb Code     6  stm32f1xx_it.o(i.DMA1_Channel5_IRQHandler)
    DRV_Button_ReadPin                       0x080006c1   Thumb Code    36  button_drv.o(i.DRV_Button_ReadPin)
    DRV_Flash_AreaBegin                      0x080006e9   Thumb Code    14  flash_drv.o(i.DRV_Flash_AreaBegin)
    DRV_Flash_AreaEmpty                      0x080006f9   Thumb Code    82  flash_drv.o(i.DRV_Flash_AreaEmpty)
    DRV_Flash_AreaEnd                        0x08000751   Thumb Code     4  flash_drv.o(i.DRV_Flash_AreaEnd)
    DRV_Flash_AreaWrite16                    0x08000755   Thumb Code    68  flash_drv.o(i.DRV_Flash_AreaWrite16)
    DRV_LED_Init                             0x08000799   Thumb Code    22  led_drv.o(i.DRV_LED_Init)
    DRV_LED_Set                              0x080007af   Thumb Code     4  led_drv.o(i.DRV_LED_Set)
    DRV_MT6816_ReadAngle                     0x080007b3   Thumb Code    92  mt6816_drv.o(i.DRV_MT6816_ReadAngle)
    DRV_Sys_GetTickMs                        0x0800080f   Thumb Code     4  sys_drv.o(i.DRV_Sys_GetTickMs)
    DRV_Sys_SystemReset                      0x08000813   Thumb Code     4  sys_drv.o(i.DRV_Sys_SystemReset)
    DRV_TB67H450_Init                        0x08000819   Thumb Code    38  tb67h450_drv.o(i.DRV_TB67H450_Init)
    DRV_TB67H450_SetCoilCurrent              0x08000845   Thumb Code    16  tb67h450_drv.o(i.DRV_TB67H450_SetCoilCurrent)
    DRV_TB67H450_SetDirectionA               0x08000859   Thumb Code    30  tb67h450_drv.o(i.DRV_TB67H450_SetDirectionA)
    DRV_TB67H450_SetDirectionB               0x0800087d   Thumb Code    30  tb67h450_drv.o(i.DRV_TB67H450_SetDirectionB)
    DRV_Uart_SendBlocking                    0x080008a1   Thumb Code    14  uart_drv.o(i.DRV_Uart_SendBlocking)
    DRV_Uart_SendString                      0x080008b5   Thumb Code    20  uart_drv.o(i.DRV_Uart_SendString)
    DebugMon_Handler                         0x080008c9   Thumb Code     2  stm32f1xx_it.o(i.DebugMon_Handler)
    Error_Handler                            0x080008cb   Thumb Code     4  main.o(i.Error_Handler)
    FLASH_PageErase                          0x080008f5   Thumb Code    28  stm32f1xx_hal_flash_ex.o(i.FLASH_PageErase)
    FLASH_WaitForLastOperation               0x08000991   Thumb Code    80  stm32f1xx_hal_flash.o(i.FLASH_WaitForLastOperation)
    HAL_ADC_ConfigChannel                    0x080009e5   Thumb Code   240  stm32f1xx_hal_adc.o(i.HAL_ADC_ConfigChannel)
    HAL_ADC_Init                             0x08000ae1   Thumb Code   272  stm32f1xx_hal_adc.o(i.HAL_ADC_Init)
    HAL_ADC_MspInit                          0x08000c01   Thumb Code   126  adc.o(i.HAL_ADC_MspInit)
    HAL_CAN_ErrorCallback                    0x08000c95   Thumb Code     2  stm32f1xx_hal_can.o(i.HAL_CAN_ErrorCallback)
    HAL_CAN_IRQHandler                       0x08000c97   Thumb Code   508  stm32f1xx_hal_can.o(i.HAL_CAN_IRQHandler)
    HAL_CAN_Init                             0x08000e93   Thumb Code   282  stm32f1xx_hal_can.o(i.HAL_CAN_Init)
    HAL_CAN_MspInit                          0x08000fad   Thumb Code   160  can.o(i.HAL_CAN_MspInit)
    HAL_CAN_RxFifo0FullCallback              0x08001059   Thumb Code     2  stm32f1xx_hal_can.o(i.HAL_CAN_RxFifo0FullCallback)
    HAL_CAN_RxFifo0MsgPendingCallback        0x0800105b   Thumb Code     2  stm32f1xx_hal_can.o(i.HAL_CAN_RxFifo0MsgPendingCallback)
    HAL_CAN_RxFifo1FullCallback              0x0800105d   Thumb Code     2  stm32f1xx_hal_can.o(i.HAL_CAN_RxFifo1FullCallback)
    HAL_CAN_RxFifo1MsgPendingCallback        0x0800105f   Thumb Code     2  stm32f1xx_hal_can.o(i.HAL_CAN_RxFifo1MsgPendingCallback)
    HAL_CAN_SleepCallback                    0x08001061   Thumb Code     2  stm32f1xx_hal_can.o(i.HAL_CAN_SleepCallback)
    HAL_CAN_TxMailbox0AbortCallback          0x08001063   Thumb Code     2  stm32f1xx_hal_can.o(i.HAL_CAN_TxMailbox0AbortCallback)
    HAL_CAN_TxMailbox0CompleteCallback       0x08001065   Thumb Code     2  stm32f1xx_hal_can.o(i.HAL_CAN_TxMailbox0CompleteCallback)
    HAL_CAN_TxMailbox1AbortCallback          0x08001067   Thumb Code     2  stm32f1xx_hal_can.o(i.HAL_CAN_TxMailbox1AbortCallback)
    HAL_CAN_TxMailbox1CompleteCallback       0x08001069   Thumb Code     2  stm32f1xx_hal_can.o(i.HAL_CAN_TxMailbox1CompleteCallback)
    HAL_CAN_TxMailbox2AbortCallback          0x0800106b   Thumb Code     2  stm32f1xx_hal_can.o(i.HAL_CAN_TxMailbox2AbortCallback)
    HAL_CAN_TxMailbox2CompleteCallback       0x0800106d   Thumb Code     2  stm32f1xx_hal_can.o(i.HAL_CAN_TxMailbox2CompleteCallback)
    HAL_CAN_WakeUpFromRxMsgCallback          0x0800106f   Thumb Code     2  stm32f1xx_hal_can.o(i.HAL_CAN_WakeUpFromRxMsgCallback)
    HAL_DMA_Abort                            0x08001071   Thumb Code    70  stm32f1xx_hal_dma.o(i.HAL_DMA_Abort)
    HAL_DMA_Abort_IT                         0x080010b9   Thumb Code   296  stm32f1xx_hal_dma.o(i.HAL_DMA_Abort_IT)
    HAL_DMA_IRQHandler                       0x080011e9   Thumb Code   552  stm32f1xx_hal_dma.o(i.HAL_DMA_IRQHandler)
    HAL_DMA_Init                             0x08001431   Thumb Code   112  stm32f1xx_hal_dma.o(i.HAL_DMA_Init)
    HAL_FLASHEx_Erase                        0x080014ad   Thumb Code   160  stm32f1xx_hal_flash_ex.o(i.HAL_FLASHEx_Erase)
    HAL_FLASH_Lock                           0x08001555   Thumb Code    14  stm32f1xx_hal_flash.o(i.HAL_FLASH_Lock)
    HAL_FLASH_Program                        0x08001569   Thumb Code   120  stm32f1xx_hal_flash.o(i.HAL_FLASH_Program)
    HAL_FLASH_Unlock                         0x080015e9   Thumb Code    28  stm32f1xx_hal_flash.o(i.HAL_FLASH_Unlock)
    HAL_GPIO_Init                            0x08001611   Thumb Code   462  stm32f1xx_hal_gpio.o(i.HAL_GPIO_Init)
    HAL_GPIO_ReadPin                         0x08001809   Thumb Code    10  stm32f1xx_hal_gpio.o(i.HAL_GPIO_ReadPin)
    HAL_GPIO_WritePin                        0x08001813   Thumb Code    10  stm32f1xx_hal_gpio.o(i.HAL_GPIO_WritePin)
    HAL_GetTick                              0x0800181d   Thumb Code     6  stm32f1xx_hal.o(i.HAL_GetTick)
    HAL_IncTick                              0x08001829   Thumb Code    12  stm32f1xx_hal.o(i.HAL_IncTick)
    HAL_Init                                 0x08001839   Thumb Code    32  stm32f1xx_hal.o(i.HAL_Init)
    HAL_InitTick                             0x0800185d   Thumb Code    54  stm32f1xx_hal.o(i.HAL_InitTick)
    HAL_MspInit                              0x0800189d   Thumb Code    52  stm32f1xx_hal_msp.o(i.HAL_MspInit)
    HAL_NVIC_EnableIRQ                       0x080018d9   Thumb Code    26  stm32f1xx_hal_cortex.o(i.HAL_NVIC_EnableIRQ)
    HAL_NVIC_SetPriority                     0x080018f5   Thumb Code    60  stm32f1xx_hal_cortex.o(i.HAL_NVIC_SetPriority)
    HAL_NVIC_SetPriorityGrouping             0x08001935   Thumb Code    26  stm32f1xx_hal_cortex.o(i.HAL_NVIC_SetPriorityGrouping)
    HAL_NVIC_SystemReset                     0x08001959   Thumb Code    26  stm32f1xx_hal_cortex.o(i.HAL_NVIC_SystemReset)
    HAL_RCCEx_PeriphCLKConfig                0x0800197d   Thumb Code   224  stm32f1xx_hal_rcc_ex.o(i.HAL_RCCEx_PeriphCLKConfig)
    HAL_RCC_ClockConfig                      0x08001a69   Thumb Code   280  stm32f1xx_hal_rcc.o(i.HAL_RCC_ClockConfig)
    HAL_RCC_GetPCLK1Freq                     0x08001b95   Thumb Code    20  stm32f1xx_hal_rcc.o(i.HAL_RCC_GetPCLK1Freq)
    HAL_RCC_GetPCLK2Freq                     0x08001bb5   Thumb Code    20  stm32f1xx_hal_rcc.o(i.HAL_RCC_GetPCLK2Freq)
    HAL_RCC_GetSysClockFreq                  0x08001bd5   Thumb Code    58  stm32f1xx_hal_rcc.o(i.HAL_RCC_GetSysClockFreq)
    HAL_RCC_OscConfig                        0x08001c21   Thumb Code   778  stm32f1xx_hal_rcc.o(i.HAL_RCC_OscConfig)
    HAL_SPI_Init                             0x08001f41   Thumb Code   178  stm32f1xx_hal_spi.o(i.HAL_SPI_Init)
    HAL_SPI_MspInit                          0x08001ff5   Thumb Code    98  spi.o(i.HAL_SPI_MspInit)
    HAL_SYSTICK_Config                       0x08002065   Thumb Code    40  stm32f1xx_hal_cortex.o(i.HAL_SYSTICK_Config)
    HAL_TIMEx_BreakCallback                  0x0800208d   Thumb Code     2  stm32f1xx_hal_tim_ex.o(i.HAL_TIMEx_BreakCallback)
    HAL_TIMEx_CommutCallback                 0x0800208f   Thumb Code     2  stm32f1xx_hal_tim_ex.o(i.HAL_TIMEx_CommutCallback)
    HAL_TIMEx_MasterConfigSynchronization    0x08002091   Thumb Code   104  stm32f1xx_hal_tim_ex.o(i.HAL_TIMEx_MasterConfigSynchronization)
    HAL_TIM_Base_Init                        0x0800210d   Thumb Code    90  stm32f1xx_hal_tim.o(i.HAL_TIM_Base_Init)
    HAL_TIM_Base_MspInit                     0x08002169   Thumb Code   144  tim.o(i.HAL_TIM_Base_MspInit)
    HAL_TIM_Base_Start_IT                    0x08002209   Thumb Code    88  stm32f1xx_hal_tim.o(i.HAL_TIM_Base_Start_IT)
    HAL_TIM_ConfigClockSource                0x08002275   Thumb Code   220  stm32f1xx_hal_tim.o(i.HAL_TIM_ConfigClockSource)
    HAL_TIM_IC_CaptureCallback               0x08002351   Thumb Code     2  stm32f1xx_hal_tim.o(i.HAL_TIM_IC_CaptureCallback)
    HAL_TIM_IRQHandler                       0x08002353   Thumb Code   304  stm32f1xx_hal_tim.o(i.HAL_TIM_IRQHandler)
    HAL_TIM_MspPostInit                      0x08002485   Thumb Code    82  tim.o(i.HAL_TIM_MspPostInit)
    HAL_TIM_OC_DelayElapsedCallback          0x080024e5   Thumb Code     2  stm32f1xx_hal_tim.o(i.HAL_TIM_OC_DelayElapsedCallback)
    HAL_TIM_PWM_ConfigChannel                0x080024e7   Thumb Code   204  stm32f1xx_hal_tim.o(i.HAL_TIM_PWM_ConfigChannel)
    HAL_TIM_PWM_Init                         0x080025b3   Thumb Code    90  stm32f1xx_hal_tim.o(i.HAL_TIM_PWM_Init)
    HAL_TIM_PWM_MspInit                      0x0800260d   Thumb Code     2  stm32f1xx_hal_tim.o(i.HAL_TIM_PWM_MspInit)
    HAL_TIM_PWM_PulseFinishedCallback        0x0800260f   Thumb Code     2  stm32f1xx_hal_tim.o(i.HAL_TIM_PWM_PulseFinishedCallback)
    HAL_TIM_PWM_Start                        0x08002611   Thumb Code   160  stm32f1xx_hal_tim.o(i.HAL_TIM_PWM_Start)
    HAL_TIM_PeriodElapsedCallback            0x080026c5   Thumb Code    82  main.o(i.HAL_TIM_PeriodElapsedCallback)
    HAL_TIM_TriggerCallback                  0x08002725   Thumb Code     2  stm32f1xx_hal_tim.o(i.HAL_TIM_TriggerCallback)
    HAL_UARTEx_RxEventCallback               0x08002727   Thumb Code     2  stm32f1xx_hal_uart.o(i.HAL_UARTEx_RxEventCallback)
    HAL_UART_ErrorCallback                   0x08002729   Thumb Code     2  stm32f1xx_hal_uart.o(i.HAL_UART_ErrorCallback)
    HAL_UART_IRQHandler                      0x0800272d   Thumb Code   616  stm32f1xx_hal_uart.o(i.HAL_UART_IRQHandler)
    HAL_UART_Init                            0x08002999   Thumb Code   100  stm32f1xx_hal_uart.o(i.HAL_UART_Init)
    HAL_UART_MspInit                         0x080029fd   Thumb Code   408  usart.o(i.HAL_UART_MspInit)
    HAL_UART_RxCpltCallback                  0x08002bb5   Thumb Code     2  stm32f1xx_hal_uart.o(i.HAL_UART_RxCpltCallback)
    HAL_UART_Transmit                        0x08002bb7   Thumb Code   160  stm32f1xx_hal_uart.o(i.HAL_UART_Transmit)
    HAL_UART_TxCpltCallback                  0x08002c57   Thumb Code     2  stm32f1xx_hal_uart.o(i.HAL_UART_TxCpltCallback)
    HardFault_Handler                        0x08002c59   Thumb Code     2  stm32f1xx_it.o(i.HardFault_Handler)
    MX_ADC1_Init                             0x08002c5d   Thumb Code    68  adc.o(i.MX_ADC1_Init)
    MX_CAN_Init                              0x08002ca9   Thumb Code    58  can.o(i.MX_CAN_Init)
    MX_DMA_Init                              0x08002ced   Thumb Code   104  dma.o(i.MX_DMA_Init)
    MX_GPIO_Init                             0x08002d59   Thumb Code   224  gpio.o(i.MX_GPIO_Init)
    MX_SPI1_Init                             0x08002e49   Thumb Code    68  spi.o(i.MX_SPI1_Init)
    MX_TIM1_Init                             0x08002e95   Thumb Code    98  tim.o(i.MX_TIM1_Init)
    MX_TIM2_Init                             0x08002f01   Thumb Code   160  tim.o(i.MX_TIM2_Init)
    MX_TIM3_Init                             0x08002fa5   Thumb Code    94  tim.o(i.MX_TIM3_Init)
    MX_TIM4_Init                             0x0800300d   Thumb Code    94  tim.o(i.MX_TIM4_Init)
    MX_USART1_UART_Init                      0x08003075   Thumb Code    48  usart.o(i.MX_USART1_UART_Init)
    MX_USART3_UART_Init                      0x080030ad   Thumb Code    48  usart.o(i.MX_USART3_UART_Init)
    MemManage_Handler                        0x080030e5   Thumb Code     2  stm32f1xx_it.o(i.MemManage_Handler)
    NMI_Handler                              0x080030e7   Thumb Code     2  stm32f1xx_it.o(i.NMI_Handler)
    PendSV_Handler                           0x080030e9   Thumb Code     2  stm32f1xx_it.o(i.PendSV_Handler)
    SVC_Handler                              0x080030eb   Thumb Code     2  stm32f1xx_it.o(i.SVC_Handler)
    SysTick_Handler                          0x08003879   Thumb Code     4  stm32f1xx_it.o(i.SysTick_Handler)
    SystemClock_Config                       0x0800387d   Thumb Code   122  main.o(i.SystemClock_Config)
    SystemInit                               0x080038f7   Thumb Code     2  system_stm32f1xx.o(i.SystemInit)
    TIM1_UP_IRQHandler                       0x080038f9   Thumb Code     6  stm32f1xx_it.o(i.TIM1_UP_IRQHandler)
    TIM3_IRQHandler                          0x08003905   Thumb Code     6  stm32f1xx_it.o(i.TIM3_IRQHandler)
    TIM4_IRQHandler                          0x08003911   Thumb Code     6  stm32f1xx_it.o(i.TIM4_IRQHandler)
    TIM_Base_SetConfig                       0x0800391d   Thumb Code   134  stm32f1xx_hal_tim.o(i.TIM_Base_SetConfig)
    TIM_CCxChannelCmd                        0x080039b9   Thumb Code    26  stm32f1xx_hal_tim.o(i.TIM_CCxChannelCmd)
    TIM_ETR_SetConfig                        0x080039d3   Thumb Code    20  stm32f1xx_hal_tim.o(i.TIM_ETR_SetConfig)
    TIM_OC2_SetConfig                        0x08003a59   Thumb Code    98  stm32f1xx_hal_tim.o(i.TIM_OC2_SetConfig)
    USART1_IRQHandler                        0x08003e11   Thumb Code     6  stm32f1xx_it.o(i.USART1_IRQHandler)
    USART3_IRQHandler                        0x08003e1d   Thumb Code     6  stm32f1xx_it.o(i.USART3_IRQHandler)
    USB_HP_CAN1_TX_IRQHandler                0x08003e29   Thumb Code     6  stm32f1xx_it.o(i.USB_HP_CAN1_TX_IRQHandler)
    USB_LP_CAN1_RX0_IRQHandler               0x08003e35   Thumb Code     6  stm32f1xx_it.o(i.USB_LP_CAN1_RX0_IRQHandler)
    USR_Button_GetClick                      0x08003e41   Thumb Code    24  button_usr.o(i.USR_Button_GetClick)
    USR_Button_Init                          0x08003e5d   Thumb Code    60  button_usr.o(i.USR_Button_Init)
    USR_Button_IsPressed                     0x08003ea1   Thumb Code    14  button_usr.o(i.USR_Button_IsPressed)
    USR_Button_Tick                          0x08003eb1   Thumb Code   130  button_usr.o(i.USR_Button_Tick)
    USR_Cycle_Avg                            0x08003f3d   Thumb Code    36  cycle_usr.o(i.USR_Cycle_Avg)
    USR_Cycle_DataAvg                        0x08003f61   Thumb Code    66  cycle_usr.o(i.USR_Cycle_DataAvg)
    USR_Cycle_Mod                            0x08003fa3   Thumb Code    12  cycle_usr.o(i.USR_Cycle_Mod)
    USR_Cycle_Sub                            0x08003faf   Thumb Code    22  cycle_usr.o(i.USR_Cycle_Sub)
    USR_EncoderCalibrator_Init               0x08003fc5   Thumb Code    28  encoder_calibrator_usr.o(i.USR_EncoderCalibrator_Init)
    USR_EncoderCalibrator_IsCalibrated       0x08003fe5   Thumb Code     6  encoder_calibrator_usr.o(i.USR_EncoderCalibrator_IsCalibrated)
    USR_EncoderCalibrator_IsTriggered        0x08003ff1   Thumb Code     6  encoder_calibrator_usr.o(i.USR_EncoderCalibrator_IsTriggered)
    USR_EncoderCalibrator_Tick20kHz          0x08003ffd   Thumb Code   396  encoder_calibrator_usr.o(i.USR_EncoderCalibrator_Tick20kHz)
    USR_EncoderCalibrator_TickMainLoop       0x08004195   Thumb Code    74  encoder_calibrator_usr.o(i.USR_EncoderCalibrator_TickMainLoop)
    USR_EncoderCalibrator_Trigger            0x08004211   Thumb Code    26  encoder_calibrator_usr.o(i.USR_EncoderCalibrator_Trigger)
    USR_MT6816_GetRawAngle                   0x08004231   Thumb Code     6  mt6816_usr.o(i.USR_MT6816_GetRawAngle)
    USR_MT6816_GetRectifiedAngle             0x0800423d   Thumb Code     6  mt6816_usr.o(i.USR_MT6816_GetRectifiedAngle)
    USR_MT6816_Init                          0x08004249   Thumb Code    24  mt6816_usr.o(i.USR_MT6816_Init)
    USR_MT6816_IsCalibrated                  0x08004265   Thumb Code    42  mt6816_usr.o(i.USR_MT6816_IsCalibrated)
    USR_MT6816_SetCalibrationData            0x08004295   Thumb Code     6  mt6816_usr.o(i.USR_MT6816_SetCalibrationData)
    USR_MT6816_UpdateAngle                   0x080042a1   Thumb Code    46  mt6816_usr.o(i.USR_MT6816_UpdateAngle)
    USR_MotionPlanner_CurrentTracker_CalcSoftGoal 0x080042d5   Thumb Code   100  motion_planner_usr.o(i.USR_MotionPlanner_CurrentTracker_CalcSoftGoal)
    USR_MotionPlanner_CurrentTracker_GetGoCurrent 0x0800433d   Thumb Code     6  motion_planner_usr.o(i.USR_MotionPlanner_CurrentTracker_GetGoCurrent)
    USR_MotionPlanner_CurrentTracker_Init    0x08004349   Thumb Code    14  motion_planner_usr.o(i.USR_MotionPlanner_CurrentTracker_Init)
    USR_MotionPlanner_CurrentTracker_NewTask 0x0800435d   Thumb Code    10  motion_planner_usr.o(i.USR_MotionPlanner_CurrentTracker_NewTask)
    USR_MotionPlanner_PositionTracker_CalcSoftGoal 0x0800436d   Thumb Code   336  motion_planner_usr.o(i.USR_MotionPlanner_PositionTracker_CalcSoftGoal)
    USR_MotionPlanner_PositionTracker_GetGoLocation 0x080044c1   Thumb Code     6  motion_planner_usr.o(i.USR_MotionPlanner_PositionTracker_GetGoLocation)
    USR_MotionPlanner_PositionTracker_GetGoLocationVelocity 0x080044cd   Thumb Code     6  motion_planner_usr.o(i.USR_MotionPlanner_PositionTracker_GetGoLocationVelocity)
    USR_MotionPlanner_PositionTracker_Init   0x080044d9   Thumb Code    32  motion_planner_usr.o(i.USR_MotionPlanner_PositionTracker_Init)
    USR_MotionPlanner_PositionTracker_NewTask 0x080044fd   Thumb Code    14  motion_planner_usr.o(i.USR_MotionPlanner_PositionTracker_NewTask)
    USR_MotionPlanner_PositionTracker_SetVelocityAcc 0x08004511   Thumb Code    26  motion_planner_usr.o(i.USR_MotionPlanner_PositionTracker_SetVelocityAcc)
    USR_MotionPlanner_SetConfig              0x08004531   Thumb Code     6  motion_planner_usr.o(i.USR_MotionPlanner_SetConfig)
    USR_MotionPlanner_TrajectoryTracker_CalcSoftGoal 0x0800453d   Thumb Code   210  motion_planner_usr.o(i.USR_MotionPlanner_TrajectoryTracker_CalcSoftGoal)
    USR_MotionPlanner_TrajectoryTracker_GetGoTrajPosition 0x08004615   Thumb Code     6  motion_planner_usr.o(i.USR_MotionPlanner_TrajectoryTracker_GetGoTrajPosition)
    USR_MotionPlanner_TrajectoryTracker_GetGoTrajVelocity 0x08004621   Thumb Code     6  motion_planner_usr.o(i.USR_MotionPlanner_TrajectoryTracker_GetGoTrajVelocity)
    USR_MotionPlanner_TrajectoryTracker_Init 0x0800462d   Thumb Code    16  motion_planner_usr.o(i.USR_MotionPlanner_TrajectoryTracker_Init)
    USR_MotionPlanner_TrajectoryTracker_NewTask 0x08004641   Thumb Code    18  motion_planner_usr.o(i.USR_MotionPlanner_TrajectoryTracker_NewTask)
    USR_MotionPlanner_VelocityTracker_CalcSoftGoal 0x08004659   Thumb Code   100  motion_planner_usr.o(i.USR_MotionPlanner_VelocityTracker_CalcSoftGoal)
    USR_MotionPlanner_VelocityTracker_GetGoVelocity 0x080046c1   Thumb Code     6  motion_planner_usr.o(i.USR_MotionPlanner_VelocityTracker_GetGoVelocity)
    USR_MotionPlanner_VelocityTracker_Init   0x080046cd   Thumb Code    14  motion_planner_usr.o(i.USR_MotionPlanner_VelocityTracker_Init)
    USR_MotionPlanner_VelocityTracker_NewTask 0x080046e1   Thumb Code    10  motion_planner_usr.o(i.USR_MotionPlanner_VelocityTracker_NewTask)
    USR_Motor_GetCurrent                     0x080046f1   Thumb Code    20  motor_usr.o(i.USR_Motor_GetCurrent)
    USR_Motor_GetMode                        0x0800470d   Thumb Code     6  motor_usr.o(i.USR_Motor_GetMode)
    USR_Motor_GetRawPosition                 0x08004719   Thumb Code     6  motor_usr.o(i.USR_Motor_GetRawPosition)
    USR_Motor_GetRawVelocity                 0x08004725   Thumb Code     6  motor_usr.o(i.USR_Motor_GetRawVelocity)
    USR_Motor_GetState                       0x08004731   Thumb Code     6  motor_usr.o(i.USR_Motor_GetState)
    USR_Motor_Init                           0x0800473d   Thumb Code   130  motor_usr.o(i.USR_Motor_Init)
    USR_Motor_IsCalibrated                   0x080047c9   Thumb Code     4  motor_usr.o(i.USR_Motor_IsCalibrated)
    USR_Motor_SetConfig                      0x080047cd   Thumb Code     6  motor_usr.o(i.USR_Motor_SetConfig)
    USR_Motor_SetMode                        0x080047d9   Thumb Code     6  motor_usr.o(i.USR_Motor_SetMode)
    USR_Motor_SetPosition                    0x080047e5   Thumb Code    30  motor_usr.o(i.USR_Motor_SetPosition)
    USR_Motor_Tick20kHz                      0x08004809   Thumb Code   948  motor_usr.o(i.USR_Motor_Tick20kHz)
    USR_TB67H450_Brake                       0x08004bc5   Thumb Code    30  tb67h450_usr.o(i.USR_TB67H450_Brake)
    USR_TB67H450_Init                        0x08004be3   Thumb Code     4  tb67h450_usr.o(i.USR_TB67H450_Init)
    USR_TB67H450_SetFocCurrentVector         0x08004be9   Thumb Code   160  tb67h450_usr.o(i.USR_TB67H450_SetFocCurrentVector)
    USR_TB67H450_Sleep                       0x08004c91   Thumb Code    30  tb67h450_usr.o(i.USR_TB67H450_Sleep)
    UsageFault_Handler                       0x08004caf   Thumb Code     2  stm32f1xx_it.o(i.UsageFault_Handler)
    main                                     0x08004cd1   Thumb Code   506  main.o(i.main)
    __aeabi_fdiv                             0x08004fbd   Thumb Code     0  fdiv.o(x$fpl$fdiv)
    _fdiv                                    0x08004fbd   Thumb Code   384  fdiv.o(x$fpl$fdiv)
    __aeabi_f2iz                             0x08005141   Thumb Code     0  ffix.o(x$fpl$ffix)
    _ffix                                    0x08005141   Thumb Code    54  ffix.o(x$fpl$ffix)
    __aeabi_i2f                              0x08005179   Thumb Code     0  fflt_clz.o(x$fpl$fflt)
    _fflt                                    0x08005179   Thumb Code    48  fflt_clz.o(x$fpl$fflt)
    __aeabi_fmul                             0x080051a9   Thumb Code     0  fmul.o(x$fpl$fmul)
    _fmul                                    0x080051a9   Thumb Code   258  fmul.o(x$fpl$fmul)
    __fpl_fnaninf                            0x080052ab   Thumb Code   140  fnaninf.o(x$fpl$fnaninf)
    __fpl_fretinf                            0x08005337   Thumb Code    10  fretinf.o(x$fpl$fretinf)
    __I$use$fp                               0x08005340   Number         0  usenofp.o(x$fpl$usenofp)
    AHBPrescTable                            0x08005362   Data          16  system_stm32f1xx.o(.constdata)
    APBPrescTable                            0x08005372   Data           8  system_stm32f1xx.o(.constdata)
    USR_sin_pi_m2                            0x0800537a   Data        2050  sin_form_usr.o(.constdata)
    Region$$Table$$Base                      0x08005b7c   Number         0  anon$$obj.o(Region$$Table)
    Region$$Table$$Limit                     0x08005b9c   Number         0  anon$$obj.o(Region$$Table)
    uwTickFreq                               0x2000003c   Data           1  stm32f1xx_hal.o(.data)
    uwTickPrio                               0x20000040   Data           4  stm32f1xx_hal.o(.data)
    uwTick                                   0x20000044   Data           4  stm32f1xx_hal.o(.data)
    SystemCoreClock                          0x20000048   Data           4  system_stm32f1xx.o(.data)
    g_flash_quick_cali                       0x2000004c   Data          16  flash_drv.o(.data)
    hadc1                                    0x20000188   Data          48  adc.o(.bss)
    hdma_adc1                                0x200001b8   Data          68  adc.o(.bss)
    hcan                                     0x200001fc   Data          40  can.o(.bss)
    hspi1                                    0x20000224   Data          88  spi.o(.bss)
    htim1                                    0x2000027c   Data          72  tim.o(.bss)
    htim2                                    0x200002c4   Data          72  tim.o(.bss)
    htim3                                    0x2000030c   Data          72  tim.o(.bss)
    htim4                                    0x20000354   Data          72  tim.o(.bss)
    huart1                                   0x2000039c   Data          72  usart.o(.bss)
    huart3                                   0x200003e4   Data          72  usart.o(.bss)
    hdma_usart1_rx                           0x2000042c   Data          68  usart.o(.bss)
    hdma_usart1_tx                           0x20000470   Data          68  usart.o(.bss)
    hdma_usart3_rx                           0x200004b4   Data          68  usart.o(.bss)
    hdma_usart3_tx                           0x200004f8   Data          68  usart.o(.bss)
    pFlash                                   0x20000540   Data          32  stm32f1xx_hal_flash.o(.bss)
    __libspace_start                         0x200008c0   Data          96  libspace.o(.bss)
    __temporary_stack_top$libspace           0x20000920   Data           0  libspace.o(.bss)



==============================================================================

Memory Map of the image

  Image Entry point : 0x08000131

  Load Region LR_IROM1 (Base: 0x08000000, Size: 0x00005d24, Max: 0x00080000, ABSOLUTE, COMPRESSED[0x00005bcc])

    Execution Region ER_IROM1 (Exec base: 0x08000000, Load base: 0x08000000, Size: 0x00005b9c, Max: 0x00080000, ABSOLUTE)

    Exec Addr    Load Addr    Size         Type   Attr      Idx    E Section Name        Object

    0x08000000   0x08000000   0x00000130   Data   RO            3    RESET               startup_stm32f103xe.o
    0x08000130   0x08000130   0x00000008   Code   RO         4893  * !!!main             c_w.l(__main.o)
    0x08000138   0x08000138   0x00000034   Code   RO         5086    !!!scatter          c_w.l(__scatter.o)
    0x0800016c   0x0800016c   0x0000005a   Code   RO         5084    !!dczerorl2         c_w.l(__dczerorl2.o)
    0x080001c6   0x080001c6   0x00000002   PAD
    0x080001c8   0x080001c8   0x0000001c   Code   RO         5088    !!handler_zi        c_w.l(__scatter_zi.o)
    0x080001e4   0x080001e4   0x00000000   Code   RO         4886    .ARM.Collect$$_printf_percent$$00000000  c_w.l(_printf_percent.o)
    0x080001e4   0x080001e4   0x00000006   Code   RO         4884    .ARM.Collect$$_printf_percent$$00000009  c_w.l(_printf_d.o)
    0x080001ea   0x080001ea   0x00000006   Code   RO         4885    .ARM.Collect$$_printf_percent$$0000000A  c_w.l(_printf_u.o)
    0x080001f0   0x080001f0   0x00000004   Code   RO         4920    .ARM.Collect$$_printf_percent$$00000017  c_w.l(_printf_percent_end.o)
    0x080001f4   0x080001f4   0x00000002   Code   RO         4952    .ARM.Collect$$libinit$$00000000  c_w.l(libinit.o)
    0x080001f6   0x080001f6   0x00000000   Code   RO         4959    .ARM.Collect$$libinit$$00000002  c_w.l(libinit2.o)
    0x080001f6   0x080001f6   0x00000000   Code   RO         4961    .ARM.Collect$$libinit$$00000004  c_w.l(libinit2.o)
    0x080001f6   0x080001f6   0x00000000   Code   RO         4964    .ARM.Collect$$libinit$$0000000A  c_w.l(libinit2.o)
    0x080001f6   0x080001f6   0x00000000   Code   RO         4966    .ARM.Collect$$libinit$$0000000C  c_w.l(libinit2.o)
    0x080001f6   0x080001f6   0x00000000   Code   RO         4968    .ARM.Collect$$libinit$$0000000E  c_w.l(libinit2.o)
    0x080001f6   0x080001f6   0x00000000   Code   RO         4971    .ARM.Collect$$libinit$$00000011  c_w.l(libinit2.o)
    0x080001f6   0x080001f6   0x00000000   Code   RO         4973    .ARM.Collect$$libinit$$00000013  c_w.l(libinit2.o)
    0x080001f6   0x080001f6   0x00000000   Code   RO         4975    .ARM.Collect$$libinit$$00000015  c_w.l(libinit2.o)
    0x080001f6   0x080001f6   0x00000000   Code   RO         4977    .ARM.Collect$$libinit$$00000017  c_w.l(libinit2.o)
    0x080001f6   0x080001f6   0x00000000   Code   RO         4979    .ARM.Collect$$libinit$$00000019  c_w.l(libinit2.o)
    0x080001f6   0x080001f6   0x00000000   Code   RO         4981    .ARM.Collect$$libinit$$0000001B  c_w.l(libinit2.o)
    0x080001f6   0x080001f6   0x00000000   Code   RO         4983    .ARM.Collect$$libinit$$0000001D  c_w.l(libinit2.o)
    0x080001f6   0x080001f6   0x00000000   Code   RO         4985    .ARM.Collect$$libinit$$0000001F  c_w.l(libinit2.o)
    0x080001f6   0x080001f6   0x00000000   Code   RO         4987    .ARM.Collect$$libinit$$00000021  c_w.l(libinit2.o)
    0x080001f6   0x080001f6   0x00000000   Code   RO         4989    .ARM.Collect$$libinit$$00000023  c_w.l(libinit2.o)
    0x080001f6   0x080001f6   0x00000000   Code   RO         4991    .ARM.Collect$$libinit$$00000025  c_w.l(libinit2.o)
    0x080001f6   0x080001f6   0x00000000   Code   RO         4995    .ARM.Collect$$libinit$$0000002C  c_w.l(libinit2.o)
    0x080001f6   0x080001f6   0x00000000   Code   RO         4997    .ARM.Collect$$libinit$$0000002E  c_w.l(libinit2.o)
    0x080001f6   0x080001f6   0x00000000   Code   RO         4999    .ARM.Collect$$libinit$$00000030  c_w.l(libinit2.o)
    0x080001f6   0x080001f6   0x00000000   Code   RO         5001    .ARM.Collect$$libinit$$00000032  c_w.l(libinit2.o)
    0x080001f6   0x080001f6   0x00000002   Code   RO         5002    .ARM.Collect$$libinit$$00000033  c_w.l(libinit2.o)
    0x080001f8   0x080001f8   0x00000002   Code   RO         5022    .ARM.Collect$$libshutdown$$00000000  c_w.l(libshutdown.o)
    0x080001fa   0x080001fa   0x00000000   Code   RO         5035    .ARM.Collect$$libshutdown$$00000002  c_w.l(libshutdown2.o)
    0x080001fa   0x080001fa   0x00000000   Code   RO         5037    .ARM.Collect$$libshutdown$$00000004  c_w.l(libshutdown2.o)
    0x080001fa   0x080001fa   0x00000000   Code   RO         5039    .ARM.Collect$$libshutdown$$00000006  c_w.l(libshutdown2.o)
    0x080001fa   0x080001fa   0x00000000   Code   RO         5042    .ARM.Collect$$libshutdown$$00000009  c_w.l(libshutdown2.o)
    0x080001fa   0x080001fa   0x00000000   Code   RO         5045    .ARM.Collect$$libshutdown$$0000000C  c_w.l(libshutdown2.o)
    0x080001fa   0x080001fa   0x00000000   Code   RO         5047    .ARM.Collect$$libshutdown$$0000000E  c_w.l(libshutdown2.o)
    0x080001fa   0x080001fa   0x00000000   Code   RO         5050    .ARM.Collect$$libshutdown$$00000011  c_w.l(libshutdown2.o)
    0x080001fa   0x080001fa   0x00000002   Code   RO         5051    .ARM.Collect$$libshutdown$$00000012  c_w.l(libshutdown2.o)
    0x080001fc   0x080001fc   0x00000000   Code   RO         4911    .ARM.Collect$$rtentry$$00000000  c_w.l(__rtentry.o)
    0x080001fc   0x080001fc   0x00000000   Code   RO         4927    .ARM.Collect$$rtentry$$00000002  c_w.l(__rtentry2.o)
    0x080001fc   0x080001fc   0x00000006   Code   RO         4939    .ARM.Collect$$rtentry$$00000004  c_w.l(__rtentry4.o)
    0x08000202   0x08000202   0x00000000   Code   RO         4929    .ARM.Collect$$rtentry$$00000009  c_w.l(__rtentry2.o)
    0x08000202   0x08000202   0x00000004   Code   RO         4930    .ARM.Collect$$rtentry$$0000000A  c_w.l(__rtentry2.o)
    0x08000206   0x08000206   0x00000000   Code   RO         4932    .ARM.Collect$$rtentry$$0000000C  c_w.l(__rtentry2.o)
    0x08000206   0x08000206   0x00000008   Code   RO         4933    .ARM.Collect$$rtentry$$0000000D  c_w.l(__rtentry2.o)
    0x0800020e   0x0800020e   0x00000002   Code   RO         4956    .ARM.Collect$$rtexit$$00000000  c_w.l(rtexit.o)
    0x08000210   0x08000210   0x00000000   Code   RO         5004    .ARM.Collect$$rtexit$$00000002  c_w.l(rtexit2.o)
    0x08000210   0x08000210   0x00000004   Code   RO         5005    .ARM.Collect$$rtexit$$00000003  c_w.l(rtexit2.o)
    0x08000214   0x08000214   0x00000006   Code   RO         5006    .ARM.Collect$$rtexit$$00000004  c_w.l(rtexit2.o)
    0x0800021a   0x0800021a   0x00000002   PAD
    0x0800021c   0x0800021c   0x00000040   Code   RO            4    .text               startup_stm32f103xe.o
    0x0800025c   0x0800025c   0x00000026   Code   RO         4850    .text               c_w.l(llushr.o)
    0x08000282   0x08000282   0x00000002   PAD
    0x08000284   0x08000284   0x00000028   Code   RO         4856    .text               c_w.l(noretval__2sprintf.o)
    0x080002ac   0x080002ac   0x00000034   Code   RO         4858    .text               c_w.l(noretval__2snprintf.o)
    0x080002e0   0x080002e0   0x00000078   Code   RO         4862    .text               c_w.l(_printf_dec.o)
    0x08000358   0x08000358   0x000000b8   Code   RO         4867    .text               c_w.l(__printf_ss.o)
    0x08000410   0x08000410   0x0000003e   Code   RO         4887    .text               c_w.l(strlen.o)
    0x0800044e   0x0800044e   0x0000004e   Code   RO         4889    .text               c_w.l(rt_memclr_w.o)
    0x0800049c   0x0800049c   0x00000006   Code   RO         4891    .text               c_w.l(heapauxi.o)
    0x080004a2   0x080004a2   0x000000b2   Code   RO         4912    .text               c_w.l(_printf_intcommon.o)
    0x08000554   0x08000554   0x00000030   Code   RO         4914    .text               c_w.l(_printf_char_common.o)
    0x08000584   0x08000584   0x0000000a   Code   RO         4916    .text               c_w.l(_sputc.o)
    0x0800058e   0x0800058e   0x00000010   Code   RO         4918    .text               c_w.l(_snputc.o)
    0x0800059e   0x0800059e   0x0000004a   Code   RO         4943    .text               c_w.l(sys_stackheap_outer.o)
    0x080005e8   0x080005e8   0x00000012   Code   RO         4945    .text               c_w.l(exit.o)
    0x080005fa   0x080005fa   0x00000002   PAD
    0x080005fc   0x080005fc   0x00000008   Code   RO         4953    .text               c_w.l(libspace.o)
    0x08000604   0x08000604   0x0000000c   Code   RO         5014    .text               c_w.l(sys_exit.o)
    0x08000610   0x08000610   0x00000002   Code   RO         5025    .text               c_w.l(use_no_semi.o)
    0x08000612   0x08000612   0x00000000   Code   RO         5027    .text               c_w.l(indicate_semi.o)
    0x08000612   0x08000612   0x00000002   PAD
    0x08000614   0x08000614   0x00000056   Code   RO          723    i.ADC_ConversionStop_Disable  stm32f1xx_hal_adc.o
    0x0800066a   0x0800066a   0x00000002   Code   RO          503    i.BusFault_Handler  stm32f1xx_it.o
    0x0800066c   0x0800066c   0x0000000c   Code   RO          504    i.CAN1_RX1_IRQHandler  stm32f1xx_it.o
    0x08000678   0x08000678   0x0000000c   Code   RO          505    i.CAN1_SCE_IRQHandler  stm32f1xx_it.o
    0x08000684   0x08000684   0x0000000c   Code   RO          506    i.DMA1_Channel1_IRQHandler  stm32f1xx_it.o
    0x08000690   0x08000690   0x0000000c   Code   RO          507    i.DMA1_Channel2_IRQHandler  stm32f1xx_it.o
    0x0800069c   0x0800069c   0x0000000c   Code   RO          508    i.DMA1_Channel3_IRQHandler  stm32f1xx_it.o
    0x080006a8   0x080006a8   0x0000000c   Code   RO          509    i.DMA1_Channel4_IRQHandler  stm32f1xx_it.o
    0x080006b4   0x080006b4   0x0000000c   Code   RO          510    i.DMA1_Channel5_IRQHandler  stm32f1xx_it.o
    0x080006c0   0x080006c0   0x00000028   Code   RO         4144    i.DRV_Button_ReadPin  button_drv.o
    0x080006e8   0x080006e8   0x0000000e   Code   RO         4056    i.DRV_Flash_AreaBegin  flash_drv.o
    0x080006f6   0x080006f6   0x00000002   PAD
    0x080006f8   0x080006f8   0x00000058   Code   RO         4057    i.DRV_Flash_AreaEmpty  flash_drv.o
    0x08000750   0x08000750   0x00000004   Code   RO         4058    i.DRV_Flash_AreaEnd  flash_drv.o
    0x08000754   0x08000754   0x00000044   Code   RO         4060    i.DRV_Flash_AreaWrite16  flash_drv.o
    0x08000798   0x08000798   0x00000016   Code   RO         3906    i.DRV_LED_Init      led_drv.o
    0x080007ae   0x080007ae   0x00000004   Code   RO         3907    i.DRV_LED_Set       led_drv.o
    0x080007b2   0x080007b2   0x0000005c   Code   RO         3974    i.DRV_MT6816_ReadAngle  mt6816_drv.o
    0x0800080e   0x0800080e   0x00000004   Code   RO         4111    i.DRV_Sys_GetTickMs  sys_drv.o
    0x08000812   0x08000812   0x00000004   Code   RO         4112    i.DRV_Sys_SystemReset  sys_drv.o
    0x08000816   0x08000816   0x00000002   PAD
    0x08000818   0x08000818   0x0000002c   Code   RO         4012    i.DRV_TB67H450_Init  tb67h450_drv.o
    0x08000844   0x08000844   0x00000014   Code   RO         4013    i.DRV_TB67H450_SetCoilCurrent  tb67h450_drv.o
    0x08000858   0x08000858   0x00000024   Code   RO         4014    i.DRV_TB67H450_SetDirectionA  tb67h450_drv.o
    0x0800087c   0x0800087c   0x00000024   Code   RO         4015    i.DRV_TB67H450_SetDirectionB  tb67h450_drv.o
    0x080008a0   0x080008a0   0x00000014   Code   RO         3941    i.DRV_Uart_SendBlocking  uart_drv.o
    0x080008b4   0x080008b4   0x00000014   Code   RO         3942    i.DRV_Uart_SendString  uart_drv.o
    0x080008c8   0x080008c8   0x00000002   Code   RO          511    i.DebugMon_Handler  stm32f1xx_it.o
    0x080008ca   0x080008ca   0x00000004   Code   RO           13    i.Error_Handler     main.o
    0x080008ce   0x080008ce   0x00000002   PAD
    0x080008d0   0x080008d0   0x00000024   Code   RO         1819    i.FLASH_MassErase   stm32f1xx_hal_flash_ex.o
    0x080008f4   0x080008f4   0x00000024   Code   RO         1824    i.FLASH_PageErase   stm32f1xx_hal_flash_ex.o
    0x08000918   0x08000918   0x0000001c   Code   RO         1716    i.FLASH_Program_HalfWord  stm32f1xx_hal_flash.o
    0x08000934   0x08000934   0x0000005c   Code   RO         1717    i.FLASH_SetErrorCode  stm32f1xx_hal_flash.o
    0x08000990   0x08000990   0x00000054   Code   RO         1718    i.FLASH_WaitForLastOperation  stm32f1xx_hal_flash.o
    0x080009e4   0x080009e4   0x000000fc   Code   RO          729    i.HAL_ADC_ConfigChannel  stm32f1xx_hal_adc.o
    0x08000ae0   0x08000ae0   0x00000120   Code   RO          738    i.HAL_ADC_Init      stm32f1xx_hal_adc.o
    0x08000c00   0x08000c00   0x00000094   Code   RO          240    i.HAL_ADC_MspInit   adc.o
    0x08000c94   0x08000c94   0x00000002   Code   RO         1982    i.HAL_CAN_ErrorCallback  stm32f1xx_hal_can.o
    0x08000c96   0x08000c96   0x000001fc   Code   RO         1989    i.HAL_CAN_IRQHandler  stm32f1xx_hal_can.o
    0x08000e92   0x08000e92   0x0000011a   Code   RO         1990    i.HAL_CAN_Init      stm32f1xx_hal_can.o
    0x08000fac   0x08000fac   0x000000ac   Code   RO          282    i.HAL_CAN_MspInit   can.o
    0x08001058   0x08001058   0x00000002   Code   RO         1997    i.HAL_CAN_RxFifo0FullCallback  stm32f1xx_hal_can.o
    0x0800105a   0x0800105a   0x00000002   Code   RO         1998    i.HAL_CAN_RxFifo0MsgPendingCallback  stm32f1xx_hal_can.o
    0x0800105c   0x0800105c   0x00000002   Code   RO         1999    i.HAL_CAN_RxFifo1FullCallback  stm32f1xx_hal_can.o
    0x0800105e   0x0800105e   0x00000002   Code   RO         2000    i.HAL_CAN_RxFifo1MsgPendingCallback  stm32f1xx_hal_can.o
    0x08001060   0x08001060   0x00000002   Code   RO         2001    i.HAL_CAN_SleepCallback  stm32f1xx_hal_can.o
    0x08001062   0x08001062   0x00000002   Code   RO         2004    i.HAL_CAN_TxMailbox0AbortCallback  stm32f1xx_hal_can.o
    0x08001064   0x08001064   0x00000002   Code   RO         2005    i.HAL_CAN_TxMailbox0CompleteCallback  stm32f1xx_hal_can.o
    0x08001066   0x08001066   0x00000002   Code   RO         2006    i.HAL_CAN_TxMailbox1AbortCallback  stm32f1xx_hal_can.o
    0x08001068   0x08001068   0x00000002   Code   RO         2007    i.HAL_CAN_TxMailbox1CompleteCallback  stm32f1xx_hal_can.o
    0x0800106a   0x0800106a   0x00000002   Code   RO         2008    i.HAL_CAN_TxMailbox2AbortCallback  stm32f1xx_hal_can.o
    0x0800106c   0x0800106c   0x00000002   Code   RO         2009    i.HAL_CAN_TxMailbox2CompleteCallback  stm32f1xx_hal_can.o
    0x0800106e   0x0800106e   0x00000002   Code   RO         2011    i.HAL_CAN_WakeUpFromRxMsgCallback  stm32f1xx_hal_can.o
    0x08001070   0x08001070   0x00000046   Code   RO         1380    i.HAL_DMA_Abort     stm32f1xx_hal_dma.o
    0x080010b6   0x080010b6   0x00000002   PAD
    0x080010b8   0x080010b8   0x00000130   Code   RO         1381    i.HAL_DMA_Abort_IT  stm32f1xx_hal_dma.o
    0x080011e8   0x080011e8   0x00000248   Code   RO         1385    i.HAL_DMA_IRQHandler  stm32f1xx_hal_dma.o
    0x08001430   0x08001430   0x0000007c   Code   RO         1386    i.HAL_DMA_Init      stm32f1xx_hal_dma.o
    0x080014ac   0x080014ac   0x000000a8   Code   RO         1825    i.HAL_FLASHEx_Erase  stm32f1xx_hal_flash_ex.o
    0x08001554   0x08001554   0x00000014   Code   RO         1722    i.HAL_FLASH_Lock    stm32f1xx_hal_flash.o
    0x08001568   0x08001568   0x00000080   Code   RO         1727    i.HAL_FLASH_Program  stm32f1xx_hal_flash.o
    0x080015e8   0x080015e8   0x00000028   Code   RO         1729    i.HAL_FLASH_Unlock  stm32f1xx_hal_flash.o
    0x08001610   0x08001610   0x000001f8   Code   RO         1316    i.HAL_GPIO_Init     stm32f1xx_hal_gpio.o
    0x08001808   0x08001808   0x0000000a   Code   RO         1318    i.HAL_GPIO_ReadPin  stm32f1xx_hal_gpio.o
    0x08001812   0x08001812   0x0000000a   Code   RO         1320    i.HAL_GPIO_WritePin  stm32f1xx_hal_gpio.o
    0x0800181c   0x0800181c   0x0000000c   Code   RO         1010    i.HAL_GetTick       stm32f1xx_hal.o
    0x08001828   0x08001828   0x00000010   Code   RO         1016    i.HAL_IncTick       stm32f1xx_hal.o
    0x08001838   0x08001838   0x00000024   Code   RO         1017    i.HAL_Init          stm32f1xx_hal.o
    0x0800185c   0x0800185c   0x00000040   Code   RO         1018    i.HAL_InitTick      stm32f1xx_hal.o
    0x0800189c   0x0800189c   0x0000003c   Code   RO          663    i.HAL_MspInit       stm32f1xx_hal_msp.o
    0x080018d8   0x080018d8   0x0000001a   Code   RO         1476    i.HAL_NVIC_EnableIRQ  stm32f1xx_hal_cortex.o
    0x080018f2   0x080018f2   0x00000002   PAD
    0x080018f4   0x080018f4   0x00000040   Code   RO         1482    i.HAL_NVIC_SetPriority  stm32f1xx_hal_cortex.o
    0x08001934   0x08001934   0x00000024   Code   RO         1483    i.HAL_NVIC_SetPriorityGrouping  stm32f1xx_hal_cortex.o
    0x08001958   0x08001958   0x00000024   Code   RO         1484    i.HAL_NVIC_SystemReset  stm32f1xx_hal_cortex.o
    0x0800197c   0x0800197c   0x000000ec   Code   RO         1278    i.HAL_RCCEx_PeriphCLKConfig  stm32f1xx_hal_rcc_ex.o
    0x08001a68   0x08001a68   0x0000012c   Code   RO         1174    i.HAL_RCC_ClockConfig  stm32f1xx_hal_rcc.o
    0x08001b94   0x08001b94   0x00000020   Code   RO         1181    i.HAL_RCC_GetPCLK1Freq  stm32f1xx_hal_rcc.o
    0x08001bb4   0x08001bb4   0x00000020   Code   RO         1182    i.HAL_RCC_GetPCLK2Freq  stm32f1xx_hal_rcc.o
    0x08001bd4   0x08001bd4   0x0000004c   Code   RO         1183    i.HAL_RCC_GetSysClockFreq  stm32f1xx_hal_rcc.o
    0x08001c20   0x08001c20   0x00000320   Code   RO         1186    i.HAL_RCC_OscConfig  stm32f1xx_hal_rcc.o
    0x08001f40   0x08001f40   0x000000b2   Code   RO         2221    i.HAL_SPI_Init      stm32f1xx_hal_spi.o
    0x08001ff2   0x08001ff2   0x00000002   PAD
    0x08001ff4   0x08001ff4   0x00000070   Code   RO          348    i.HAL_SPI_MspInit   spi.o
    0x08002064   0x08002064   0x00000028   Code   RO         1487    i.HAL_SYSTICK_Config  stm32f1xx_hal_cortex.o
    0x0800208c   0x0800208c   0x00000002   Code   RO         3238    i.HAL_TIMEx_BreakCallback  stm32f1xx_hal_tim_ex.o
    0x0800208e   0x0800208e   0x00000002   Code   RO         3239    i.HAL_TIMEx_CommutCallback  stm32f1xx_hal_tim_ex.o
    0x08002090   0x08002090   0x0000007c   Code   RO         3257    i.HAL_TIMEx_MasterConfigSynchronization  stm32f1xx_hal_tim_ex.o
    0x0800210c   0x0800210c   0x0000005a   Code   RO         2534    i.HAL_TIM_Base_Init  stm32f1xx_hal_tim.o
    0x08002166   0x08002166   0x00000002   PAD
    0x08002168   0x08002168   0x000000a0   Code   RO          390    i.HAL_TIM_Base_MspInit  tim.o
    0x08002208   0x08002208   0x0000006c   Code   RO         2539    i.HAL_TIM_Base_Start_IT  stm32f1xx_hal_tim.o
    0x08002274   0x08002274   0x000000dc   Code   RO         2543    i.HAL_TIM_ConfigClockSource  stm32f1xx_hal_tim.o
    0x08002350   0x08002350   0x00000002   Code   RO         2568    i.HAL_TIM_IC_CaptureCallback  stm32f1xx_hal_tim.o
    0x08002352   0x08002352   0x00000130   Code   RO         2582    i.HAL_TIM_IRQHandler  stm32f1xx_hal_tim.o
    0x08002482   0x08002482   0x00000002   PAD
    0x08002484   0x08002484   0x00000060   Code   RO          391    i.HAL_TIM_MspPostInit  tim.o
    0x080024e4   0x080024e4   0x00000002   Code   RO         2585    i.HAL_TIM_OC_DelayElapsedCallback  stm32f1xx_hal_tim.o
    0x080024e6   0x080024e6   0x000000cc   Code   RO         2606    i.HAL_TIM_PWM_ConfigChannel  stm32f1xx_hal_tim.o
    0x080025b2   0x080025b2   0x0000005a   Code   RO         2609    i.HAL_TIM_PWM_Init  stm32f1xx_hal_tim.o
    0x0800260c   0x0800260c   0x00000002   Code   RO         2611    i.HAL_TIM_PWM_MspInit  stm32f1xx_hal_tim.o
    0x0800260e   0x0800260e   0x00000002   Code   RO         2612    i.HAL_TIM_PWM_PulseFinishedCallback  stm32f1xx_hal_tim.o
    0x08002610   0x08002610   0x000000b4   Code   RO         2614    i.HAL_TIM_PWM_Start  stm32f1xx_hal_tim.o
    0x080026c4   0x080026c4   0x00000060   Code   RO           14    i.HAL_TIM_PeriodElapsedCallback  main.o
    0x08002724   0x08002724   0x00000002   Code   RO         2625    i.HAL_TIM_TriggerCallback  stm32f1xx_hal_tim.o
    0x08002726   0x08002726   0x00000002   Code   RO         3517    i.HAL_UARTEx_RxEventCallback  stm32f1xx_hal_uart.o
    0x08002728   0x08002728   0x00000002   Code   RO         3531    i.HAL_UART_ErrorCallback  stm32f1xx_hal_uart.o
    0x0800272a   0x0800272a   0x00000002   PAD
    0x0800272c   0x0800272c   0x0000026c   Code   RO         3534    i.HAL_UART_IRQHandler  stm32f1xx_hal_uart.o
    0x08002998   0x08002998   0x00000064   Code   RO         3535    i.HAL_UART_Init     stm32f1xx_hal_uart.o
    0x080029fc   0x080029fc   0x000001b8   Code   RO          456    i.HAL_UART_MspInit  usart.o
    0x08002bb4   0x08002bb4   0x00000002   Code   RO         3541    i.HAL_UART_RxCpltCallback  stm32f1xx_hal_uart.o
    0x08002bb6   0x08002bb6   0x000000a0   Code   RO         3543    i.HAL_UART_Transmit  stm32f1xx_hal_uart.o
    0x08002c56   0x08002c56   0x00000002   Code   RO         3546    i.HAL_UART_TxCpltCallback  stm32f1xx_hal_uart.o
    0x08002c58   0x08002c58   0x00000002   Code   RO          512    i.HardFault_Handler  stm32f1xx_it.o
    0x08002c5a   0x08002c5a   0x00000002   PAD
    0x08002c5c   0x08002c5c   0x0000004c   Code   RO          241    i.MX_ADC1_Init      adc.o
    0x08002ca8   0x08002ca8   0x00000044   Code   RO          283    i.MX_CAN_Init       can.o
    0x08002cec   0x08002cec   0x0000006c   Code   RO          323    i.MX_DMA_Init       dma.o
    0x08002d58   0x08002d58   0x000000f0   Code   RO          215    i.MX_GPIO_Init      gpio.o
    0x08002e48   0x08002e48   0x0000004c   Code   RO          349    i.MX_SPI1_Init      spi.o
    0x08002e94   0x08002e94   0x0000006c   Code   RO          392    i.MX_TIM1_Init      tim.o
    0x08002f00   0x08002f00   0x000000a4   Code   RO          393    i.MX_TIM2_Init      tim.o
    0x08002fa4   0x08002fa4   0x00000068   Code   RO          394    i.MX_TIM3_Init      tim.o
    0x0800300c   0x0800300c   0x00000068   Code   RO          395    i.MX_TIM4_Init      tim.o
    0x08003074   0x08003074   0x00000038   Code   RO          457    i.MX_USART1_UART_Init  usart.o
    0x080030ac   0x080030ac   0x00000038   Code   RO          458    i.MX_USART3_UART_Init  usart.o
    0x080030e4   0x080030e4   0x00000002   Code   RO          513    i.MemManage_Handler  stm32f1xx_it.o
    0x080030e6   0x080030e6   0x00000002   Code   RO          514    i.NMI_Handler       stm32f1xx_it.o
    0x080030e8   0x080030e8   0x00000002   Code   RO          515    i.PendSV_Handler    stm32f1xx_it.o
    0x080030ea   0x080030ea   0x00000002   Code   RO          516    i.SVC_Handler       stm32f1xx_it.o
    0x080030ec   0x080030ec   0x00000008   Code   RO         4407    i.S_Abs32           motor_usr.o
    0x080030f4   0x080030f4   0x00000028   Code   RO         4585    i.S_CalcCurrentIntegral  motion_planner_usr.o
    0x0800311c   0x0800311c   0x00000024   Code   RO         4408    i.S_CalcCurrentToOutput  motor_usr.o
    0x08003140   0x08003140   0x00000138   Code   RO         4409    i.S_CalcDceToOutput  motor_usr.o
    0x08003278   0x08003278   0x00000028   Code   RO         4586    i.S_CalcPositionVelocityIntegral  motion_planner_usr.o
    0x080032a0   0x080032a0   0x00000028   Code   RO         4587    i.S_CalcTrajVelocityIntegral  motion_planner_usr.o
    0x080032c8   0x080032c8   0x00000028   Code   RO         4588    i.S_CalcVelocityIntegral  motion_planner_usr.o
    0x080032f0   0x080032f0   0x00000068   Code   RO         4410    i.S_CalcVelocityP   motor_usr.o
    0x08003358   0x08003358   0x00000250   Code   RO         4260    i.S_CheckData       encoder_calibrator_usr.o
    0x080035a8   0x080035a8   0x00000018   Code   RO         4411    i.S_ClearIntegral   motor_usr.o
    0x080035c0   0x080035c0   0x000000a8   Code   RO         4412    i.S_CompensateAdvancedAngle  motor_usr.o
    0x08003668   0x08003668   0x000001a0   Code   RO         4261    i.S_GenerateTable   encoder_calibrator_usr.o
    0x08003808   0x08003808   0x0000001c   Code   RO         3908    i.S_SetLed          led_drv.o
    0x08003824   0x08003824   0x00000044   Code   RO         3976    i.S_SpiXfer16       mt6816_drv.o
    0x08003868   0x08003868   0x00000010   Code   RO         4413    i.S_ZeroOutput      motor_usr.o
    0x08003878   0x08003878   0x00000004   Code   RO          517    i.SysTick_Handler   stm32f1xx_it.o
    0x0800387c   0x0800387c   0x0000007a   Code   RO           15    i.SystemClock_Config  main.o
    0x080038f6   0x080038f6   0x00000002   Code   RO         3869    i.SystemInit        system_stm32f1xx.o
    0x080038f8   0x080038f8   0x0000000c   Code   RO          518    i.TIM1_UP_IRQHandler  stm32f1xx_it.o
    0x08003904   0x08003904   0x0000000c   Code   RO          519    i.TIM3_IRQHandler   stm32f1xx_it.o
    0x08003910   0x08003910   0x0000000c   Code   RO          520    i.TIM4_IRQHandler   stm32f1xx_it.o
    0x0800391c   0x0800391c   0x0000009c   Code   RO         2627    i.TIM_Base_SetConfig  stm32f1xx_hal_tim.o
    0x080039b8   0x080039b8   0x0000001a   Code   RO         2628    i.TIM_CCxChannelCmd  stm32f1xx_hal_tim.o
    0x080039d2   0x080039d2   0x00000014   Code   RO         2638    i.TIM_ETR_SetConfig  stm32f1xx_hal_tim.o
    0x080039e6   0x080039e6   0x00000010   Code   RO         2639    i.TIM_ITRx_SetConfig  stm32f1xx_hal_tim.o
    0x080039f6   0x080039f6   0x00000002   PAD
    0x080039f8   0x080039f8   0x00000060   Code   RO         2640    i.TIM_OC1_SetConfig  stm32f1xx_hal_tim.o
    0x08003a58   0x08003a58   0x0000006c   Code   RO         2641    i.TIM_OC2_SetConfig  stm32f1xx_hal_tim.o
    0x08003ac4   0x08003ac4   0x00000068   Code   RO         2642    i.TIM_OC3_SetConfig  stm32f1xx_hal_tim.o
    0x08003b2c   0x08003b2c   0x00000050   Code   RO         2643    i.TIM_OC4_SetConfig  stm32f1xx_hal_tim.o
    0x08003b7c   0x08003b7c   0x00000022   Code   RO         2645    i.TIM_TI1_ConfigInputStage  stm32f1xx_hal_tim.o
    0x08003b9e   0x08003b9e   0x00000024   Code   RO         2647    i.TIM_TI2_ConfigInputStage  stm32f1xx_hal_tim.o
    0x08003bc2   0x08003bc2   0x00000010   Code   RO         3548    i.UART_DMAAbortOnError  stm32f1xx_hal_uart.o
    0x08003bd2   0x08003bd2   0x0000004e   Code   RO         3558    i.UART_EndRxTransfer  stm32f1xx_hal_uart.o
    0x08003c20   0x08003c20   0x000000c2   Code   RO         3560    i.UART_Receive_IT   stm32f1xx_hal_uart.o
    0x08003ce2   0x08003ce2   0x00000002   PAD
    0x08003ce4   0x08003ce4   0x000000b8   Code   RO         3561    i.UART_SetConfig    stm32f1xx_hal_uart.o
    0x08003d9c   0x08003d9c   0x00000072   Code   RO         3564    i.UART_WaitOnFlagUntilTimeout  stm32f1xx_hal_uart.o
    0x08003e0e   0x08003e0e   0x00000002   PAD
    0x08003e10   0x08003e10   0x0000000c   Code   RO          521    i.USART1_IRQHandler  stm32f1xx_it.o
    0x08003e1c   0x08003e1c   0x0000000c   Code   RO          522    i.USART3_IRQHandler  stm32f1xx_it.o
    0x08003e28   0x08003e28   0x0000000c   Code   RO          523    i.USB_HP_CAN1_TX_IRQHandler  stm32f1xx_it.o
    0x08003e34   0x08003e34   0x0000000c   Code   RO          524    i.USB_LP_CAN1_RX0_IRQHandler  stm32f1xx_it.o
    0x08003e40   0x08003e40   0x0000001c   Code   RO         4368    i.USR_Button_GetClick  button_usr.o
    0x08003e5c   0x08003e5c   0x00000044   Code   RO         4370    i.USR_Button_Init   button_usr.o
    0x08003ea0   0x08003ea0   0x0000000e   Code   RO         4371    i.USR_Button_IsPressed  button_usr.o
    0x08003eae   0x08003eae   0x00000002   PAD
    0x08003eb0   0x08003eb0   0x0000008c   Code   RO         4372    i.USR_Button_Tick   button_usr.o
    0x08003f3c   0x08003f3c   0x00000024   Code   RO         4335    i.USR_Cycle_Avg     cycle_usr.o
    0x08003f60   0x08003f60   0x00000042   Code   RO         4336    i.USR_Cycle_DataAvg  cycle_usr.o
    0x08003fa2   0x08003fa2   0x0000000c   Code   RO         4337    i.USR_Cycle_Mod     cycle_usr.o
    0x08003fae   0x08003fae   0x00000016   Code   RO         4338    i.USR_Cycle_Sub     cycle_usr.o
    0x08003fc4   0x08003fc4   0x00000020   Code   RO         4263    i.USR_EncoderCalibrator_Init  encoder_calibrator_usr.o
    0x08003fe4   0x08003fe4   0x0000000c   Code   RO         4264    i.USR_EncoderCalibrator_IsCalibrated  encoder_calibrator_usr.o
    0x08003ff0   0x08003ff0   0x0000000c   Code   RO         4265    i.USR_EncoderCalibrator_IsTriggered  encoder_calibrator_usr.o
    0x08003ffc   0x08003ffc   0x00000198   Code   RO         4266    i.USR_EncoderCalibrator_Tick20kHz  encoder_calibrator_usr.o
    0x08004194   0x08004194   0x0000007c   Code   RO         4267    i.USR_EncoderCalibrator_TickMainLoop  encoder_calibrator_usr.o
    0x08004210   0x08004210   0x00000020   Code   RO         4268    i.USR_EncoderCalibrator_Trigger  encoder_calibrator_usr.o
    0x08004230   0x08004230   0x0000000c   Code   RO         4168    i.USR_MT6816_GetRawAngle  mt6816_usr.o
    0x0800423c   0x0800423c   0x0000000c   Code   RO         4169    i.USR_MT6816_GetRectifiedAngle  mt6816_usr.o
    0x08004248   0x08004248   0x0000001c   Code   RO         4170    i.USR_MT6816_Init   mt6816_usr.o
    0x08004264   0x08004264   0x00000030   Code   RO         4171    i.USR_MT6816_IsCalibrated  mt6816_usr.o
    0x08004294   0x08004294   0x0000000c   Code   RO         4172    i.USR_MT6816_SetCalibrationData  mt6816_usr.o
    0x080042a0   0x080042a0   0x00000034   Code   RO         4173    i.USR_MT6816_UpdateAngle  mt6816_usr.o
    0x080042d4   0x080042d4   0x00000068   Code   RO         4589    i.USR_MotionPlanner_CurrentTracker_CalcSoftGoal  motion_planner_usr.o
    0x0800433c   0x0800433c   0x0000000c   Code   RO         4590    i.USR_MotionPlanner_CurrentTracker_GetGoCurrent  motion_planner_usr.o
    0x08004348   0x08004348   0x00000014   Code   RO         4591    i.USR_MotionPlanner_CurrentTracker_Init  motion_planner_usr.o
    0x0800435c   0x0800435c   0x00000010   Code   RO         4592    i.USR_MotionPlanner_CurrentTracker_NewTask  motion_planner_usr.o
    0x0800436c   0x0800436c   0x00000154   Code   RO         4594    i.USR_MotionPlanner_PositionTracker_CalcSoftGoal  motion_planner_usr.o
    0x080044c0   0x080044c0   0x0000000c   Code   RO         4595    i.USR_MotionPlanner_PositionTracker_GetGoLocation  motion_planner_usr.o
    0x080044cc   0x080044cc   0x0000000c   Code   RO         4596    i.USR_MotionPlanner_PositionTracker_GetGoLocationVelocity  motion_planner_usr.o
    0x080044d8   0x080044d8   0x00000024   Code   RO         4597    i.USR_MotionPlanner_PositionTracker_Init  motion_planner_usr.o
    0x080044fc   0x080044fc   0x00000014   Code   RO         4598    i.USR_MotionPlanner_PositionTracker_NewTask  motion_planner_usr.o
    0x08004510   0x08004510   0x00000020   Code   RO         4599    i.USR_MotionPlanner_PositionTracker_SetVelocityAcc  motion_planner_usr.o
    0x08004530   0x08004530   0x0000000c   Code   RO         4600    i.USR_MotionPlanner_SetConfig  motion_planner_usr.o
    0x0800453c   0x0800453c   0x000000d8   Code   RO         4601    i.USR_MotionPlanner_TrajectoryTracker_CalcSoftGoal  motion_planner_usr.o
    0x08004614   0x08004614   0x0000000c   Code   RO         4602    i.USR_MotionPlanner_TrajectoryTracker_GetGoTrajPosition  motion_planner_usr.o
    0x08004620   0x08004620   0x0000000c   Code   RO         4603    i.USR_MotionPlanner_TrajectoryTracker_GetGoTrajVelocity  motion_planner_usr.o
    0x0800462c   0x0800462c   0x00000014   Code   RO         4604    i.USR_MotionPlanner_TrajectoryTracker_Init  motion_planner_usr.o
    0x08004640   0x08004640   0x00000018   Code   RO         4605    i.USR_MotionPlanner_TrajectoryTracker_NewTask  motion_planner_usr.o
    0x08004658   0x08004658   0x00000068   Code   RO         4607    i.USR_MotionPlanner_VelocityTracker_CalcSoftGoal  motion_planner_usr.o
    0x080046c0   0x080046c0   0x0000000c   Code   RO         4608    i.USR_MotionPlanner_VelocityTracker_GetGoVelocity  motion_planner_usr.o
    0x080046cc   0x080046cc   0x00000014   Code   RO         4609    i.USR_MotionPlanner_VelocityTracker_Init  motion_planner_usr.o
    0x080046e0   0x080046e0   0x00000010   Code   RO         4610    i.USR_MotionPlanner_VelocityTracker_NewTask  motion_planner_usr.o
    0x080046f0   0x080046f0   0x0000001c   Code   RO         4415    i.USR_Motor_GetCurrent  motor_usr.o
    0x0800470c   0x0800470c   0x0000000c   Code   RO         4416    i.USR_Motor_GetMode  motor_usr.o
    0x08004718   0x08004718   0x0000000c   Code   RO         4419    i.USR_Motor_GetRawPosition  motor_usr.o
    0x08004724   0x08004724   0x0000000c   Code   RO         4420    i.USR_Motor_GetRawVelocity  motor_usr.o
    0x08004730   0x08004730   0x0000000c   Code   RO         4421    i.USR_Motor_GetState  motor_usr.o
    0x0800473c   0x0800473c   0x0000008c   Code   RO         4424    i.USR_Motor_Init    motor_usr.o
    0x080047c8   0x080047c8   0x00000004   Code   RO         4425    i.USR_Motor_IsCalibrated  motor_usr.o
    0x080047cc   0x080047cc   0x0000000c   Code   RO         4427    i.USR_Motor_SetConfig  motor_usr.o
    0x080047d8   0x080047d8   0x0000000c   Code   RO         4430    i.USR_Motor_SetMode  motor_usr.o
    0x080047e4   0x080047e4   0x00000024   Code   RO         4431    i.USR_Motor_SetPosition  motor_usr.o
    0x08004808   0x08004808   0x000003bc   Code   RO         4433    i.USR_Motor_Tick20kHz  motor_usr.o
    0x08004bc4   0x08004bc4   0x0000001e   Code   RO         4224    i.USR_TB67H450_Brake  tb67h450_usr.o
    0x08004be2   0x08004be2   0x00000004   Code   RO         4225    i.USR_TB67H450_Init  tb67h450_usr.o
    0x08004be6   0x08004be6   0x00000002   PAD
    0x08004be8   0x08004be8   0x000000a8   Code   RO         4226    i.USR_TB67H450_SetFocCurrentVector  tb67h450_usr.o
    0x08004c90   0x08004c90   0x0000001e   Code   RO         4227    i.USR_TB67H450_Sleep  tb67h450_usr.o
    0x08004cae   0x08004cae   0x00000002   Code   RO          525    i.UsageFault_Handler  stm32f1xx_it.o
    0x08004cb0   0x08004cb0   0x00000020   Code   RO         1489    i.__NVIC_SetPriority  stm32f1xx_hal_cortex.o
    0x08004cd0   0x08004cd0   0x000002ec   Code   RO           16    i.main              main.o
    0x08004fbc   0x08004fbc   0x00000184   Code   RO         4896    x$fpl$fdiv          fz_ws.l(fdiv.o)
    0x08005140   0x08005140   0x00000036   Code   RO         4899    x$fpl$ffix          fz_ws.l(ffix.o)
    0x08005176   0x08005176   0x00000002   PAD
    0x08005178   0x08005178   0x00000030   Code   RO         4904    x$fpl$fflt          fz_ws.l(fflt_clz.o)
    0x080051a8   0x080051a8   0x00000102   Code   RO         4909    x$fpl$fmul          fz_ws.l(fmul.o)
    0x080052aa   0x080052aa   0x0000008c   Code   RO         4921    x$fpl$fnaninf       fz_ws.l(fnaninf.o)
    0x08005336   0x08005336   0x0000000a   Code   RO         4923    x$fpl$fretinf       fz_ws.l(fretinf.o)
    0x08005340   0x08005340   0x00000000   Code   RO         4925    x$fpl$usenofp       fz_ws.l(usenofp.o)
    0x08005340   0x08005340   0x00000010   Data   RO           17    .constdata          main.o
    0x08005350   0x08005350   0x00000012   Data   RO         1187    .constdata          stm32f1xx_hal_rcc.o
    0x08005362   0x08005362   0x00000010   Data   RO         3870    .constdata          system_stm32f1xx.o
    0x08005372   0x08005372   0x00000008   Data   RO         3871    .constdata          system_stm32f1xx.o
    0x0800537a   0x0800537a   0x00000802   Data   RO         4212    .constdata          sin_form_usr.o
    0x08005b7c   0x08005b7c   0x00000020   Data   RO         5082    Region$$Table       anon$$obj.o


    Execution Region RW_IRAM1 (Exec base: 0x20000000, Load base: 0x08005b9c, Size: 0x00000f20, Max: 0x00010000, ABSOLUTE, COMPRESSED[0x00000030])

    Exec Addr    Load Addr    Size         Type   Attr      Idx    E Section Name        Object

    0x20000000   COMPRESSED   0x0000003c   Data   RW           18    .data               main.o
    0x2000003c   COMPRESSED   0x0000000c   Data   RW         1024    .data               stm32f1xx_hal.o
    0x20000048   COMPRESSED   0x00000004   Data   RW         3872    .data               system_stm32f1xx.o
    0x2000004c   COMPRESSED   0x00000010   Data   RW         4061    .data               flash_drv.o
    0x2000005c   COMPRESSED   0x00000008   Data   RW         4174    .data               mt6816_usr.o
    0x20000064   COMPRESSED   0x0000000c   Data   RW         4228    .data               tb67h450_usr.o
    0x20000070   COMPRESSED   0x00000020   Data   RW         4270    .data               encoder_calibrator_usr.o
    0x20000090   COMPRESSED   0x0000000c   Data   RW         4374    .data               button_usr.o
    0x2000009c   COMPRESSED   0x0000006c   Data   RW         4437    .data               motor_usr.o
    0x20000108   COMPRESSED   0x00000080   Data   RW         4612    .data               motion_planner_usr.o
    0x20000188        -       0x00000074   Zero   RW          242    .bss                adc.o
    0x200001fc        -       0x00000028   Zero   RW          284    .bss                can.o
    0x20000224        -       0x00000058   Zero   RW          350    .bss                spi.o
    0x2000027c        -       0x00000120   Zero   RW          396    .bss                tim.o
    0x2000039c        -       0x000001a0   Zero   RW          459    .bss                usart.o
    0x2000053c   COMPRESSED   0x00000004   PAD
    0x20000540        -       0x00000020   Zero   RW         1730    .bss                stm32f1xx_hal_flash.o
    0x20000560        -       0x00000344   Zero   RW         4269    .bss                encoder_calibrator_usr.o
    0x200008a4        -       0x0000000c   Zero   RW         4373    .bss                button_usr.o
    0x200008b0        -       0x00000010   Zero   RW         4436    .bss                motor_usr.o
    0x200008c0        -       0x00000060   Zero   RW         4954    .bss                c_w.l(libspace.o)
    0x20000920        -       0x00000200   Zero   RW            2    HEAP                startup_stm32f103xe.o
    0x20000b20        -       0x00000400   Zero   RW            1    STACK               startup_stm32f103xe.o


==============================================================================

Image component sizes


      Code (inc. data)   RO Data    RW Data    ZI Data      Debug   Object Name

       224         30          0          0        116       1747   adc.o
        40          4          0          0          0        601   button_drv.o
       250         22          0         12         12       3093   button_usr.o
       240         22          0          0         40       1679   can.o
       136          0          0          0          0       2948   cycle_usr.o
       108          4          0          0          0        790   dma.o
      1628        402          0         32        836       7057   encoder_calibrator_usr.o
       174          6          0         16          0       3646   flash_drv.o
       240         16          0          0          0        995   gpio.o
        54          6          0          0          0       1837   led_drv.o
       970        256         16         60          0     530700   main.o
      1212        134          0        128          0      16345   motion_planner_usr.o
      1904        148          0        108         16      13246   motor_usr.o
       160         10          0          0          0       2015   mt6816_drv.o
       164         34          0          8          0       3937   mt6816_usr.o
         0          0       2050          0          0        552   sin_form_usr.o
       188         22          0          0         88       1661   spi.o
        64         26        304          0       1536        812   startup_stm32f103xe.o
       128         24          0         12          0       5905   stm32f1xx_hal.o
       626         28          0          0          0       3356   stm32f1xx_hal_adc.o
       816          0          0          0          0       9699   stm32f1xx_hal_can.o
       234         24          0          0          0      29514   stm32f1xx_hal_cortex.o
      1082         52          0          0          0       3519   stm32f1xx_hal_dma.o
       392         46          0          0         32       4726   stm32f1xx_hal_flash.o
       240         26          0          0          0       3245   stm32f1xx_hal_flash_ex.o
       524         42          0          0          0       3535   stm32f1xx_hal_gpio.o
        60          8          0          0          0        874   stm32f1xx_hal_msp.o
      1240         84         18          0          0       5112   stm32f1xx_hal_rcc.o
       236         12          0          0          0       1380   stm32f1xx_hal_rcc_ex.o
       178          0          0          0          0       1159   stm32f1xx_hal_spi.o
      1882         98          0          0          0      16330   stm32f1xx_hal_tim.o
       128         20          0          0          0       2401   stm32f1xx_hal_tim_ex.o
      1474         10          0          0          0      10092   stm32f1xx_hal_uart.o
       188         84          0          0          0      10051   stm32f1xx_it.o
         8          0          0          0          0        886   sys_drv.o
         2          0         24          4          0       1119   system_stm32f1xx.o
       136         22          0          0          0       2666   tb67h450_drv.o
       232          8          0         12          0       3109   tb67h450_usr.o
       736         64          0          0        288       4415   tim.o
        40          6          0          0          0       1462   uart_drv.o
       552         48          0          0        416       2759   usart.o

    ----------------------------------------------------------------------
     18920       1848       2444        392       3384     720975   Object Totals
         0          0         32          0          0          0   (incl. Generated)
        30          0          0          0          4          0   (incl. Padding)

    ----------------------------------------------------------------------

      Code (inc. data)   RO Data    RW Data    ZI Data      Debug   Library Member Name

        90          0          0          0          0          0   __dczerorl2.o
         8          0          0          0          0         68   __main.o
       184          0          0          0          0         84   __printf_ss.o
         0          0          0          0          0          0   __rtentry.o
        12          0          0          0          0          0   __rtentry2.o
         6          0          0          0          0          0   __rtentry4.o
        52          8          0          0          0          0   __scatter.o
        28          0          0          0          0          0   __scatter_zi.o
        48          6          0          0          0         96   _printf_char_common.o
         6          0          0          0          0          0   _printf_d.o
       120         16          0          0          0         92   _printf_dec.o
       178          0          0          0          0         88   _printf_intcommon.o
         0          0          0          0          0          0   _printf_percent.o
         4          0          0          0          0          0   _printf_percent_end.o
         6          0          0          0          0          0   _printf_u.o
        16          0          0          0          0         68   _snputc.o
        10          0          0          0          0         68   _sputc.o
        18          0          0          0          0         80   exit.o
         6          0          0          0          0        152   heapauxi.o
         0          0          0          0          0          0   indicate_semi.o
         2          0          0          0          0          0   libinit.o
         2          0          0          0          0          0   libinit2.o
         2          0          0          0          0          0   libshutdown.o
         2          0          0          0          0          0   libshutdown2.o
         8          4          0          0         96         68   libspace.o
        38          0          0          0          0         68   llushr.o
        52          4          0          0          0         84   noretval__2snprintf.o
        40          6          0          0          0         84   noretval__2sprintf.o
        78          0          0          0          0         80   rt_memclr_w.o
         2          0          0          0          0          0   rtexit.o
        10          0          0          0          0          0   rtexit2.o
        62          0          0          0          0         76   strlen.o
        12          4          0          0          0         68   sys_exit.o
        74          0          0          0          0         80   sys_stackheap_outer.o
         2          0          0          0          0         68   use_no_semi.o
       388         76          0          0          0         96   fdiv.o
        54          4          0          0          0         84   ffix.o
        48          0          0          0          0         68   fflt_clz.o
       258          4          0          0          0         84   fmul.o
       140          4          0          0          0         84   fnaninf.o
        10          0          0          0          0         68   fretinf.o
         0          0          0          0          0          0   usenofp.o

    ----------------------------------------------------------------------
      2088        136          0          0         96       1956   Library Totals
        12          0          0          0          0          0   (incl. Padding)

    ----------------------------------------------------------------------

      Code (inc. data)   RO Data    RW Data    ZI Data      Debug   Library Name

      1178         48          0          0         96       1472   c_w.l
       898         88          0          0          0        484   fz_ws.l

    ----------------------------------------------------------------------
      2088        136          0          0         96       1956   Library Totals

    ----------------------------------------------------------------------

==============================================================================


      Code (inc. data)   RO Data    RW Data    ZI Data      Debug   

     21008       1984       2444        392       3480     710759   Grand Totals
     21008       1984       2444         48       3480     710759   ELF Image Totals (compressed)
     21008       1984       2444         48          0          0   ROM Totals

==============================================================================

    Total RO  Size (Code + RO Data)                23452 (  22.90kB)
    Total RW  Size (RW Data + ZI Data)              3872 (   3.78kB)
    Total ROM Size (Code + RO Data + RW Data)      23500 (  22.95kB)

==============================================================================

