Component: ARM Compiler 5.06 update 7 (build 960) Tool: armlink [4d3601]

==============================================================================

Section Cross References

    startup_stm32f103xe.o(STACK) refers (Special) to heapauxi.o(.text) for __use_two_region_memory
    startup_stm32f103xe.o(HEAP) refers (Special) to heapauxi.o(.text) for __use_two_region_memory
    startup_stm32f103xe.o(RESET) refers (Special) to heapauxi.o(.text) for __use_two_region_memory
    startup_stm32f103xe.o(RESET) refers to startup_stm32f103xe.o(STACK) for __initial_sp
    startup_stm32f103xe.o(RESET) refers to startup_stm32f103xe.o(.text) for Reset_Handler
    startup_stm32f103xe.o(RESET) refers to stm32f1xx_it.o(i.NMI_Handler) for NMI_Handler
    startup_stm32f103xe.o(RESET) refers to stm32f1xx_it.o(i.HardFault_Handler) for HardFault_Handler
    startup_stm32f103xe.o(RESET) refers to stm32f1xx_it.o(i.MemManage_Handler) for MemManage_Handler
    startup_stm32f103xe.o(RESET) refers to stm32f1xx_it.o(i.BusFault_Handler) for BusFault_Handler
    startup_stm32f103xe.o(RESET) refers to stm32f1xx_it.o(i.UsageFault_Handler) for UsageFault_Handler
    startup_stm32f103xe.o(RESET) refers to stm32f1xx_it.o(i.SVC_Handler) for SVC_Handler
    startup_stm32f103xe.o(RESET) refers to stm32f1xx_it.o(i.DebugMon_Handler) for DebugMon_Handler
    startup_stm32f103xe.o(RESET) refers to stm32f1xx_it.o(i.PendSV_Handler) for PendSV_Handler
    startup_stm32f103xe.o(RESET) refers to stm32f1xx_it.o(i.SysTick_Handler) for SysTick_Handler
    startup_stm32f103xe.o(RESET) refers to stm32f1xx_it.o(i.DMA1_Channel1_IRQHandler) for DMA1_Channel1_IRQHandler
    startup_stm32f103xe.o(RESET) refers to stm32f1xx_it.o(i.DMA1_Channel2_IRQHandler) for DMA1_Channel2_IRQHandler
    startup_stm32f103xe.o(RESET) refers to stm32f1xx_it.o(i.DMA1_Channel3_IRQHandler) for DMA1_Channel3_IRQHandler
    startup_stm32f103xe.o(RESET) refers to stm32f1xx_it.o(i.DMA1_Channel4_IRQHandler) for DMA1_Channel4_IRQHandler
    startup_stm32f103xe.o(RESET) refers to stm32f1xx_it.o(i.DMA1_Channel5_IRQHandler) for DMA1_Channel5_IRQHandler
    startup_stm32f103xe.o(RESET) refers to stm32f1xx_it.o(i.USB_HP_CAN1_TX_IRQHandler) for USB_HP_CAN1_TX_IRQHandler
    startup_stm32f103xe.o(RESET) refers to stm32f1xx_it.o(i.USB_LP_CAN1_RX0_IRQHandler) for USB_LP_CAN1_RX0_IRQHandler
    startup_stm32f103xe.o(RESET) refers to stm32f1xx_it.o(i.CAN1_RX1_IRQHandler) for CAN1_RX1_IRQHandler
    startup_stm32f103xe.o(RESET) refers to stm32f1xx_it.o(i.CAN1_SCE_IRQHandler) for CAN1_SCE_IRQHandler
    startup_stm32f103xe.o(RESET) refers to stm32f1xx_it.o(i.TIM1_UP_IRQHandler) for TIM1_UP_IRQHandler
    startup_stm32f103xe.o(RESET) refers to stm32f1xx_it.o(i.TIM3_IRQHandler) for TIM3_IRQHandler
    startup_stm32f103xe.o(RESET) refers to stm32f1xx_it.o(i.TIM4_IRQHandler) for TIM4_IRQHandler
    startup_stm32f103xe.o(RESET) refers to stm32f1xx_it.o(i.USART1_IRQHandler) for USART1_IRQHandler
    startup_stm32f103xe.o(RESET) refers to stm32f1xx_it.o(i.USART3_IRQHandler) for USART3_IRQHandler
    startup_stm32f103xe.o(.text) refers (Special) to heapauxi.o(.text) for __use_two_region_memory
    startup_stm32f103xe.o(.text) refers to system_stm32f1xx.o(i.SystemInit) for SystemInit
    startup_stm32f103xe.o(.text) refers to __main.o(!!!main) for __main
    startup_stm32f103xe.o(.text) refers to startup_stm32f103xe.o(HEAP) for Heap_Mem
    startup_stm32f103xe.o(.text) refers to startup_stm32f103xe.o(STACK) for Stack_Mem
    main.o(i.HAL_TIM_PeriodElapsedCallback) refers to _printf_percent.o(.ARM.Collect$$_printf_percent$$00000000) for _printf_percent
    main.o(i.HAL_TIM_PeriodElapsedCallback) refers to _printf_u.o(.ARM.Collect$$_printf_percent$$0000000A) for _printf_u
    main.o(i.HAL_TIM_PeriodElapsedCallback) refers to _printf_dec.o(.text) for _printf_int_dec
    main.o(i.HAL_TIM_PeriodElapsedCallback) refers to button_usr.o(i.USR_Button_Tick) for USR_Button_Tick
    main.o(i.HAL_TIM_PeriodElapsedCallback) refers to led_drv.o(i.DRV_LED_Set) for DRV_LED_Set
    main.o(i.HAL_TIM_PeriodElapsedCallback) refers to noretval__2sprintf.o(.text) for __2sprintf
    main.o(i.HAL_TIM_PeriodElapsedCallback) refers to uart_drv.o(i.DRV_Uart_SendString) for DRV_Uart_SendString
    main.o(i.HAL_TIM_PeriodElapsedCallback) refers to encoder_calibrator_usr.o(i.USR_EncoderCalibrator_Tick20kHz) for USR_EncoderCalibrator_Tick20kHz
    main.o(i.HAL_TIM_PeriodElapsedCallback) refers to main.o(.data) for .data
    main.o(i.SystemClock_Config) refers to rt_memclr_w.o(.text) for __aeabi_memclr4
    main.o(i.SystemClock_Config) refers to stm32f1xx_hal_rcc.o(i.HAL_RCC_OscConfig) for HAL_RCC_OscConfig
    main.o(i.SystemClock_Config) refers to stm32f1xx_hal_rcc.o(i.HAL_RCC_ClockConfig) for HAL_RCC_ClockConfig
    main.o(i.SystemClock_Config) refers to stm32f1xx_hal_rcc_ex.o(i.HAL_RCCEx_PeriphCLKConfig) for HAL_RCCEx_PeriphCLKConfig
    main.o(i.main) refers to stm32f1xx_hal.o(i.HAL_Init) for HAL_Init
[...]
    i.HAL_TIM_OC_DelayElapsedCallback        0x08002650   Section        0  stm32f1xx_hal_tim.o(i.HAL_TIM_OC_DelayElapsedCallback)
    i.HAL_TIM_PWM_ConfigChannel              0x08002652   Section        0  stm32f1xx_hal_tim.o(i.HAL_TIM_PWM_ConfigChannel)
    i.HAL_TIM_PWM_Init                       0x0800271e   Section        0  stm32f1xx_hal_tim.o(i.HAL_TIM_PWM_Init)
    i.HAL_TIM_PWM_MspInit                    0x08002778   Section        0  stm32f1xx_hal_tim.o(i.HAL_TIM_PWM_MspInit)
    i.HAL_TIM_PWM_PulseFinishedCallback      0x0800277a   Section        0  stm32f1xx_hal_tim.o(i.HAL_TIM_PWM_PulseFinishedCallback)
    i.HAL_TIM_PWM_Start                      0x0800277c   Section        0  stm32f1xx_hal_tim.o(i.HAL_TIM_PWM_Start)
    i.HAL_TIM_PeriodElapsedCallback          0x08002830   Section        0  main.o(i.HAL_TIM_PeriodElapsedCallback)
    i.HAL_TIM_TriggerCallback                0x080028a0   Section        0  stm32f1xx_hal_tim.o(i.HAL_TIM_TriggerCallback)
    i.HAL_UARTEx_RxEventCallback             0x080028a2   Section        0  stm32f1xx_hal_uart.o(i.HAL_UARTEx_RxEventCallback)
    i.HAL_UART_ErrorCallback                 0x080028a4   Section        0  stm32f1xx_hal_uart.o(i.HAL_UART_ErrorCallback)
    i.HAL_UART_IRQHandler                    0x080028a8   Section        0  stm32f1xx_hal_uart.o(i.HAL_UART_IRQHandler)
    i.HAL_UART_Init                          0x08002b14   Section        0  stm32f1xx_hal_uart.o(i.HAL_UART_Init)
    i.HAL_UART_MspInit                       0x08002b78   Section        0  usart.o(i.HAL_UART_MspInit)
    i.HAL_UART_RxCpltCallback                0x08002d30   Section        0  stm32f1xx_hal_uart.o(i.HAL_UART_RxCpltCallback)
    i.HAL_UART_Transmit                      0x08002d32   Section        0  stm32f1xx_hal_uart.o(i.HAL_UART_Transmit)
    i.HAL_UART_TxCpltCallback                0x08002dd2   Section        0  stm32f1xx_hal_uart.o(i.HAL_UART_TxCpltCallback)
    i.HardFault_Handler                      0x08002dd4   Section        0  stm32f1xx_it.o(i.HardFault_Handler)
    i.MX_ADC1_Init                           0x08002dd8   Section        0  adc.o(i.MX_ADC1_Init)
    i.MX_CAN_Init                            0x08002e24   Section        0  can.o(i.MX_CAN_Init)
    i.MX_DMA_Init                            0x08002e68   Section        0  dma.o(i.MX_DMA_Init)
    i.MX_GPIO_Init                           0x08002ed4   Section        0  gpio.o(i.MX_GPIO_Init)
    i.MX_SPI1_Init                           0x08002fc4   Section        0  spi.o(i.MX_SPI1_Init)
    i.MX_TIM1_Init                           0x08003010   Section        0  tim.o(i.MX_TIM1_Init)
    i.MX_TIM2_Init                           0x0800307c   Section        0  tim.o(i.MX_TIM2_Init)
    i.MX_TIM3_Init                           0x08003120   Section        0  tim.o(i.MX_TIM3_Init)
    i.MX_TIM4_Init                           0x08003188   Section        0  tim.o(i.MX_TIM4_Init)
    i.MX_USART1_UART_Init                    0x080031f0   Section        0  usart.o(i.MX_USART1_UART_Init)
    i.MX_USART3_UART_Init                    0x08003228   Section        0  usart.o(i.MX_USART3_UART_Init)
    i.MemManage_Handler                      0x08003260   Section        0  stm32f1xx_it.o(i.MemManage_Handler)
    i.NMI_Handler                            0x08003262   Section        0  stm32f1xx_it.o(i.NMI_Handler)
    i.PendSV_Handler                         0x08003264   Section        0  stm32f1xx_it.o(i.PendSV_Handler)
    i.SPI_EndRxTxTransaction                 0x08003266   Section        0  stm32f1xx_hal_spi.o(i.SPI_EndRxTxTransaction)
    SPI_EndRxTxTransaction                   0x08003267   Thumb Code    52  stm32f1xx_hal_spi.o(i.SPI_EndRxTxTransaction)
    i.SPI_WaitFlagStateUntilTimeout          0x0800329c   Section        0  stm32f1xx_hal_spi.o(i.SPI_WaitFlagStateUntilTimeout)
    SPI_WaitFlagStateUntilTimeout            0x0800329d   Thumb Code   180  stm32f1xx_hal_spi.o(i.SPI_WaitFlagStateUntilTimeout)
    i.SVC_Handler                            0x08003354   Section        0  stm32f1xx_it.o(i.SVC_Handler)
    i.S_CheckData                            0x08003358   Section        0  encoder_calibrator_usr.o(i.S_CheckData)
    S_CheckData                              0x08003359   Thumb Code   356  encoder_calibrator_usr.o(i.S_CheckData)
    i.S_GenerateTable                        0x080035a8   Section        0  encoder_calibrator_usr.o(i.S_GenerateTable)
    S_GenerateTable                          0x080035a9   Thumb Code   342  encoder_calibrator_usr.o(i.S_GenerateTable)
    i.S_SetLed                               0x08003748   Section        0  led_drv.o(i.S_SetLed)
    S_SetLed                                 0x08003749   Thumb Code    22  led_drv.o(i.S_SetLed)
    i.S_SpiXfer16                            0x08003764   Section        0  mt6816_drv.o(i.S_SpiXfer16)
    S_SpiXfer16                              0x08003765   Thumb Code    58  mt6816_drv.o(i.S_SpiXfer16)
    i.SysTick_Handler                        0x080037a8   Section        0  stm32f1xx_it.o(i.SysTick_Handler)
    i.SystemClock_Config                     0x080037ac   Section        0  main.o(i.SystemClock_Config)
    i.SystemInit                             0x08003826   Section        0  system_stm32f1xx.o(i.SystemInit)
    i.TIM1_UP_IRQHandler                     0x08003828   Section        0  stm32f1xx_it.o(i.TIM1_UP_IRQHandler)
    i.TIM3_IRQHandler                        0x08003834   Section        0  stm32f1xx_it.o(i.TIM3_IRQHandler)
    i.TIM4_IRQHandler                        0x08003840   Section        0  stm32f1xx_it.o(i.TIM4_IRQHandler)
    i.TIM_Base_SetConfig                     0x0800384c   Section        0  stm32f1xx_hal_tim.o(i.TIM_Base_SetConfig)
    i.TIM_CCxChannelCmd                      0x080038e8   Section        0  stm32f1xx_hal_tim.o(i.TIM_CCxChannelCmd)
    i.TIM_ETR_SetConfig                      0x08003902   Section        0  stm32f1xx_hal_tim.o(i.TIM_ETR_SetConfig)
    i.TIM_ITRx_SetConfig                     0x08003916   Section        0  stm32f1xx_hal_tim.o(i.TIM_ITRx_SetConfig)
    TIM_ITRx_SetConfig                       0x08003917   Thumb Code    16  stm32f1xx_hal_tim.o(i.TIM_ITRx_SetConfig)
    i.TIM_OC1_SetConfig                      0x08003928   Section        0  stm32f1xx_hal_tim.o(i.TIM_OC1_SetConfig)
    TIM_OC1_SetConfig                        0x08003929   Thumb Code    88  stm32f1xx_hal_tim.o(i.TIM_OC1_SetConfig)
    i.TIM_OC2_SetConfig                      0x08003988   Section        0  stm32f1xx_hal_tim.o(i.TIM_OC2_SetConfig)
    i.TIM_OC3_SetConfig                      0x080039f4   Section        0  stm32f1xx_hal_tim.o(i.TIM_OC3_SetConfig)
    TIM_OC3_SetConfig                        0x080039f5   Thumb Code    96  stm32f1xx_hal_tim.o(i.TIM_OC3_SetConfig)
    i.TIM_OC4_SetConfig                      0x08003a5c   Section        0  stm32f1xx_hal_tim.o(i.TIM_OC4_SetConfig)
    TIM_OC4_SetConfig                        0x08003a5d   Thumb Code    70  stm32f1xx_hal_tim.o(i.TIM_OC4_SetConfig)
    i.TIM_TI1_ConfigInputStage               0x08003aac   Section        0  stm32f1xx_hal_tim.o(i.TIM_TI1_ConfigInputStage)
    TIM_TI1_ConfigInputStage                 0x08003aad   Thumb Code    34  stm32f1xx_hal_tim.o(i.TIM_TI1_ConfigInputStage)
    i.TIM_TI2_ConfigInputStage               0x08003ace   Section        0  stm32f1xx_hal_tim.o(i.TIM_TI2_ConfigInputStage)
    TIM_TI2_ConfigInputStage                 0x08003acf   Thumb Code    36  stm32f1xx_hal_tim.o(i.TIM_TI2_ConfigInputStage)
    i.UART_DMAAbortOnError                   0x08003af2   Section        0  stm32f1xx_hal_uart.o(i.UART_DMAAbortOnError)
    UART_DMAAbortOnError                     0x08003af3   Thumb Code    16  stm32f1xx_hal_uart.o(i.UART_DMAAbortOnError)
    i.UART_EndRxTransfer                     0x08003b02   Section        0  stm32f1xx_hal_uart.o(i.UART_EndRxTransfer)
    UART_EndRxTransfer                       0x08003b03   Thumb Code    78  stm32f1xx_hal_uart.o(i.UART_EndRxTransfer)
    i.UART_Receive_IT                        0x08003b50   Section        0  stm32f1xx_hal_uart.o(i.UART_Receive_IT)
    UART_Receive_IT                          0x08003b51   Thumb Code   194  stm32f1xx_hal_uart.o(i.UART_Receive_IT)
    i.UART_SetConfig                         0x08003c14   Section        0  stm32f1xx_hal_uart.o(i.UART_SetConfig)
    UART_SetConfig                           0x08003c15   Thumb Code   178  stm32f1xx_hal_uart.o(i.UART_SetConfig)
    i.UART_WaitOnFlagUntilTimeout            0x08003ccc   Section        0  stm32f1xx_hal_uart.o(i.UART_WaitOnFlagUntilTimeout)
    UART_WaitOnFlagUntilTimeout              0x08003ccd   Thumb Code   114  stm32f1xx_hal_uart.o(i.UART_WaitOnFlagUntilTimeout)
    i.USART1_IRQHandler                      0x08003d40   Section        0  stm32f1xx_it.o(i.USART1_IRQHandler)
    i.USART3_IRQHandler                      0x08003d4c   Section        0  stm32f1xx_it.o(i.USART3_IRQHandler)
    i.USB_HP_CAN1_TX_IRQHandler              0x08003d58   Section        0  stm32f1xx_it.o(i.USB_HP_CAN1_TX_IRQHandler)
    i.USB_LP_CAN1_RX0_IRQHandler             0x08003d64   Section        0  stm32f1xx_it.o(i.USB_LP_CAN1_RX0_IRQHandler)
    i.USR_Button_Init                        0x08003d70   Section        0  button_usr.o(i.USR_Button_Init)
    i.USR_Button_IsPressed                   0x08003db4   Section        0  button_usr.o(i.USR_Button_IsPressed)
    i.USR_Button_Tick                        0x08003dc4   Section        0  button_usr.o(i.USR_Button_Tick)
    i.USR_Cycle_Avg                          0x08003e50   Section        0  cycle_usr.o(i.USR_Cycle_Avg)
    i.USR_Cycle_DataAvg                      0x08003e74   Section        0  cycle_usr.o(i.USR_Cycle_DataAvg)
    i.USR_Cycle_Mod                          0x08003eb6   Section        0  cycle_usr.o(i.USR_Cycle_Mod)
    i.USR_Cycle_Sub                          0x08003ec2   Section        0  cycle_usr.o(i.USR_Cycle_Sub)
    i.USR_EncoderCalibrator_Init             0x08003ed8   Section        0  encoder_calibrator_usr.o(i.USR_EncoderCalibrator_Init)
    i.USR_EncoderCalibrator_Tick20kHz        0x08003ef8   Section        0  encoder_calibrator_usr.o(i.USR_EncoderCalibrator_Tick20kHz)
    i.USR_EncoderCalibrator_TickMainLoop     0x08004090   Section        0  encoder_calibrator_usr.o(i.USR_EncoderCalibrator_TickMainLoop)
    i.USR_EncoderCalibrator_Trigger          0x0800410c   Section        0  encoder_calibrator_usr.o(i.USR_EncoderCalibrator_Trigger)
    i.USR_MT6816_GetRawAngle                 0x0800412c   Section        0  mt6816_usr.o(i.USR_MT6816_GetRawAngle)
    i.USR_MT6816_Init                        0x08004138   Section        0  mt6816_usr.o(i.USR_MT6816_Init)
    i.USR_MT6816_IsCalibrated                0x08004154   Section        0  mt6816_usr.o(i.USR_MT6816_IsCalibrated)
    i.USR_MT6816_SetCalibrationData          0x08004184   Section        0  mt6816_usr.o(i.USR_MT6816_SetCalibrationData)
    i.USR_MT6816_UpdateAngle                 0x08004190   Section        0  mt6816_usr.o(i.USR_MT6816_UpdateAngle)
    i.USR_TB67H450_Init                      0x080041c4   Section        0  tb67h450_usr.o(i.USR_TB67H450_Init)
    i.USR_TB67H450_SetFocCurrentVector       0x080041c8   Section        0  tb67h450_usr.o(i.USR_TB67H450_SetFocCurrentVector)
    i.USR_TB67H450_Sleep                     0x08004270   Section        0  tb67h450_usr.o(i.USR_TB67H450_Sleep)
    i.UsageFault_Handler                     0x0800428e   Section        0  stm32f1xx_it.o(i.UsageFault_Handler)
    i.__NVIC_SetPriority                     0x08004290   Section        0  stm32f1xx_hal_cortex.o(i.__NVIC_SetPriority)
    __NVIC_SetPriority                       0x08004291   Thumb Code    32  stm32f1xx_hal_cortex.o(i.__NVIC_SetPriority)
    i.main                                   0x080042b0   Section        0  main.o(i.main)
    .constdata                               0x08004384   Section       18  stm32f1xx_hal_rcc.o(.constdata)
    aPredivFactorTable                       0x08004384   Data           2  stm32f1xx_hal_rcc.o(.constdata)
    aPLLMULFactorTable                       0x08004386   Data          16  stm32f1xx_hal_rcc.o(.constdata)
    .constdata                               0x08004396   Section       16  system_stm32f1xx.o(.constdata)
    .constdata                               0x080043a6   Section        8  system_stm32f1xx.o(.constdata)
    .constdata                               0x080043ae   Section     2050  sin_form_usr.o(.constdata)
    .data                                    0x20000000   Section        8  main.o(.data)
    s_tick_20khz_cnt                         0x20000000   Data           4  main.o(.data)
    s_tick_100hz_cnt                         0x20000004   Data           4  main.o(.data)
    .data                                    0x20000008   Section       12  stm32f1xx_hal.o(.data)
    .data                                    0x20000014   Section        4  system_stm32f1xx.o(.data)
    .data                                    0x20000018   Section       16  flash_drv.o(.data)
    .data                                    0x20000028   Section        8  mt6816_usr.o(.data)
    s_raw_angle                              0x20000028   Data           2  mt6816_usr.o(.data)
    s_rectified_angle                        0x2000002a   Data           2  mt6816_usr.o(.data)
    s_cali_ptr                               0x2000002c   Data           4  mt6816_usr.o(.data)
    .data                                    0x20000030   Section       12  tb67h450_usr.o(.data)
    s_phase_a                                0x20000030   Data           6  tb67h450_usr.o(.data)
    s_phase_b                                0x20000036   Data           6  tb67h450_usr.o(.data)
    .data                                    0x2000003c   Section       32  encoder_calibrator_usr.o(.data)
    s_cali_triggered                         0x2000003c   Data           1  encoder_calibrator_usr.o(.data)
    s_cali_is_calibrated                     0x2000003d   Data           1  encoder_calibrator_usr.o(.data)
    s_cali_state                             0x2000003e   Data           1  encoder_calibrator_usr.o(.data)
    s_go_dir                                 0x2000003f   Data           1  encoder_calibrator_usr.o(.data)
    s_sample_cnt                             0x20000040   Data           2  encoder_calibrator_usr.o(.data)
    s_cali_error                             0x20000044   Data           4  encoder_calibrator_usr.o(.data)
    s_go_pos                                 0x20000048   Data           4  encoder_calibrator_usr.o(.data)
    s_rcd_x                                  0x2000004c   Data           4  encoder_calibrator_usr.o(.data)
    s_rcd_y                                  0x20000050   Data           4  encoder_calibrator_usr.o(.data)
    s_result_num                             0x20000054   Data           4  encoder_calibrator_usr.o(.data)
    s_cali_table                             0x20000058   Data           4  encoder_calibrator_usr.o(.data)
    .data                                    0x2000005c   Section       12  button_usr.o(.data)
    s_pressed                                0x2000005c   Data           3  button_usr.o(.data)
    s_click_flag                             0x2000005f   Data           3  button_usr.o(.data)
    s_long_flag                              0x20000062   Data           3  button_usr.o(.data)
    s_last_state                             0x20000065   Data           3  button_usr.o(.data)
    .bss                                     0x20000068   Section      116  adc.o(.bss)
    .bss                                     0x200000dc   Section       40  can.o(.bss)
    .bss                                     0x20000104   Section       88  spi.o(.bss)
    .bss                                     0x2000015c   Section      288  tim.o(.bss)
    .bss                                     0x2000027c   Section      416  usart.o(.bss)
    .bss                                     0x20000420   Section       32  stm32f1xx_hal_flash.o(.bss)
    .bss                                     0x20000440   Section      836  encoder_calibrator_usr.o(.bss)
    s_sample_raw                             0x20000440   Data          32  encoder_calibrator_usr.o(.bss)
    s_sample_fwd                             0x20000460   Data         402  encoder_calibrator_usr.o(.bss)
    s_sample_rev                             0x200005f2   Data         402  encoder_calibrator_usr.o(.bss)
    .bss                                     0x20000784   Section       12  button_usr.o(.bss)
    s_press_time                             0x20000784   Data          12  button_usr.o(.bss)
    .bss                                     0x20000790   Section       96  libspace.o(.bss)
    HEAP                                     0x200007f0   Section      512  startup_stm32f103xe.o(HEAP)
    Heap_Mem                                 0x200007f0   Data         512  startup_stm32f103xe.o(HEAP)
    STACK                                    0x200009f0   Section     1024  startup_stm32f103xe.o(STACK)
    Stack_Mem                                0x200009f0   Data        1024  startup_stm32f103xe.o(STACK)
    __initial_sp                             0x20000df0   Data           0  startup_stm32f103xe.o(STACK)

    Global Symbols

    Symbol Name                              Value     Ov Type        Size  Object(Section)

    BuildAttributes$$THM_ISAv4$P$D$K$B$S$PE$A:L22UL41UL21$X:L11$S22US41US21$IEEE1$IW$USESV6$~STKCKD$USESV7$~SHL$OSPACE$ROPI$EBA8$UX$STANDARDLIB$REQ8$PRES8$EABIv2 0x00000000   Number         0  anon$$obj.o ABSOLUTE
    __ARM_use_no_argv                        0x00000000   Number         0  main.o ABSOLUTE
    _printf_flags                            0x00000000   Number         0  printf_stubs.o ABSOLUTE
    _printf_return_value                     0x00000000   Number         0  printf_stubs.o ABSOLUTE
    _printf_sizespec                         0x00000000   Number         0  printf_stubs.o ABSOLUTE
    _printf_widthprec                        0x00000000   Number         0  printf_stubs.o ABSOLUTE
    __ARM_exceptions_init                     - Undefined Weak Reference
    __alloca_initialize                       - Undefined Weak Reference
    __arm_fini_                               - Undefined Weak Reference
    __arm_preinit_                            - Undefined Weak Reference
    __cpp_initialize__aeabi_                  - Undefined Weak Reference
    __cxa_finalize                            - Undefined Weak Reference
    __rt_locale                               - Undefined Weak Reference
    __sigvec_lookup                           - Undefined Weak Reference
    _atexit_init                              - Undefined Weak Reference
    _call_atexit_fns                          - Undefined Weak Reference
    _clock_init                               - Undefined Weak Reference
    _fp_trap_init                             - Undefined Weak Reference
    _fp_trap_shutdown                         - Undefined Weak Reference
    _get_lc_collate                           - Undefined Weak Reference
    _get_lc_ctype                             - Undefined Weak Reference
    _get_lc_monetary                          - Undefined Weak Reference
    _get_lc_numeric                           - Undefined Weak Reference
    _get_lc_time                              - Undefined Weak Reference
    _getenv_init                              - Undefined Weak Reference
    _handle_redirection                       - Undefined Weak Reference
    _init_alloc                               - Undefined Weak Reference
    _init_user_alloc                          - Undefined Weak Reference
    _initio                                   - Undefined Weak Reference
    _printf_post_padding                      - Undefined Weak Reference
    _printf_pre_padding                       - Undefined Weak Reference
    _printf_truncate_signed                   - Undefined Weak Reference
    _printf_truncate_unsigned                 - Undefined Weak Reference
    _rand_init                                - Undefined Weak Reference
    _signal_finish                            - Undefined Weak Reference
    _signal_init                              - Undefined Weak Reference
    _terminate_alloc                          - Undefined Weak Reference
    _terminate_user_alloc                     - Undefined Weak Reference
    _terminateio                              - Undefined Weak Reference
    __Vectors_Size                           0x00000130   Number         0  startup_stm32f103xe.o ABSOLUTE
    __Vectors                                0x08000000   Data           4  startup_stm32f103xe.o(RESET)
    __Vectors_End                            0x08000130   Data           0  startup_stm32f103xe.o(RESET)
    __main                                   0x08000131   Thumb Code     8  __main.o(!!!main)
    __scatterload                            0x08000139   Thumb Code     0  __scatter.o(!!!scatter)
    __scatterload_rt2                        0x08000139   Thumb Code    44  __scatter.o(!!!scatter)
    __scatterload_rt2_thumb_only             0x08000139   Thumb Code     0  __scatter.o(!!!scatter)
    __scatterload_null                       0x08000147   Thumb Code     0  __scatter.o(!!!scatter)
    __scatterload_copy                       0x0800016d   Thumb Code    26  __scatter_copy.o(!!handler_copy)
    __scatterload_zeroinit                   0x08000189   Thumb Code    28  __scatter_zi.o(!!handler_zi)
    _printf_d                                0x080001a5   Thumb Code     0  _printf_d.o(.ARM.Collect$$_printf_percent$$00000009)
    _printf_percent                          0x080001a5   Thumb Code     0  _printf_percent.o(.ARM.Collect$$_printf_percent$$00000000)
    _printf_u                                0x080001ab   Thumb Code     0  _printf_u.o(.ARM.Collect$$_printf_percent$$0000000A)
    _printf_percent_end                      0x080001b1   Thumb Code     0  _printf_percent_end.o(.ARM.Collect$$_printf_percent$$00000017)
    __rt_lib_init                            0x080001b5   Thumb Code     0  libinit.o(.ARM.Collect$$libinit$$00000000)
    __rt_lib_init_alloca_1                   0x080001b7   Thumb Code     0  libinit2.o(.ARM.Collect$$libinit$$0000002E)
    __rt_lib_init_argv_1                     0x080001b7   Thumb Code     0  libinit2.o(.ARM.Collect$$libinit$$0000002C)
    __rt_lib_init_atexit_1                   0x080001b7   Thumb Code     0  libinit2.o(.ARM.Collect$$libinit$$0000001B)
    __rt_lib_init_clock_1                    0x080001b7   Thumb Code     0  libinit2.o(.ARM.Collect$$libinit$$00000021)
    __rt_lib_init_cpp_1                      0x080001b7   Thumb Code     0  libinit2.o(.ARM.Collect$$libinit$$00000032)
    __rt_lib_init_exceptions_1               0x080001b7   Thumb Code     0  libinit2.o(.ARM.Collect$$libinit$$00000030)
    __rt_lib_init_fp_1                       0x080001b7   Thumb Code     0  libinit2.o(.ARM.Collect$$libinit$$00000002)
    __rt_lib_init_fp_trap_1                  0x080001b7   Thumb Code     0  libinit2.o(.ARM.Collect$$libinit$$0000001F)
    __rt_lib_init_getenv_1                   0x080001b7   Thumb Code     0  libinit2.o(.ARM.Collect$$libinit$$00000023)
    __rt_lib_init_heap_1                     0x080001b7   Thumb Code     0  libinit2.o(.ARM.Collect$$libinit$$0000000A)
    __rt_lib_init_lc_collate_1               0x080001b7   Thumb Code     0  libinit2.o(.ARM.Collect$$libinit$$00000011)
    __rt_lib_init_lc_ctype_1                 0x080001b7   Thumb Code     0  libinit2.o(.ARM.Collect$$libinit$$00000013)
    __rt_lib_init_lc_monetary_1              0x080001b7   Thumb Code     0  libinit2.o(.ARM.Collect$$libinit$$00000015)
    __rt_lib_init_lc_numeric_1               0x080001b7   Thumb Code     0  libinit2.o(.ARM.Collect$$libinit$$00000017)
    __rt_lib_init_lc_time_1                  0x080001b7   Thumb Code     0  libinit2.o(.ARM.Collect$$libinit$$00000019)
    __rt_lib_init_preinit_1                  0x080001b7   Thumb Code     0  libinit2.o(.ARM.Collect$$libinit$$00000004)
    __rt_lib_init_rand_1                     0x080001b7   Thumb Code     0  libinit2.o(.ARM.Collect$$libinit$$0000000E)
    __rt_lib_init_return                     0x080001b7   Thumb Code     0  libinit2.o(.ARM.Collect$$libinit$$00000033)
    __rt_lib_init_signal_1                   0x080001b7   Thumb Code     0  libinit2.o(.ARM.Collect$$libinit$$0000001D)
    __rt_lib_init_stdio_1                    0x080001b7   Thumb Code     0  libinit2.o(.ARM.Collect$$libinit$$00000025)
    __rt_lib_init_user_alloc_1               0x080001b7   Thumb Code     0  libinit2.o(.ARM.Collect$$libinit$$0000000C)
    __rt_lib_shutdown                        0x080001b9   Thumb Code     0  libshutdown.o(.ARM.Collect$$libshutdown$$00000000)
    __rt_lib_shutdown_cpp_1                  0x080001bb   Thumb Code     0  libshutdown2.o(.ARM.Collect$$libshutdown$$00000004)
    __rt_lib_shutdown_fini_1                 0x080001bb   Thumb Code     0  libshutdown2.o(.ARM.Collect$$libshutdown$$00000002)
    __rt_lib_shutdown_fp_trap_1              0x080001bb   Thumb Code     0  libshutdown2.o(.ARM.Collect$$libshutdown$$00000009)
    __rt_lib_shutdown_heap_1                 0x080001bb   Thumb Code     0  libshutdown2.o(.ARM.Collect$$libshutdown$$00000011)
    __rt_lib_shutdown_return                 0x080001bb   Thumb Code     0  libshutdown2.o(.ARM.Collect$$libshutdown$$00000012)
    __rt_lib_shutdown_signal_1               0x080001bb   Thumb Code     0  libshutdown2.o(.ARM.Collect$$libshutdown$$0000000C)
    __rt_lib_shutdown_stdio_1                0x080001bb   Thumb Code     0  libshutdown2.o(.ARM.Collect$$libshutdown$$00000006)
    __rt_lib_shutdown_user_alloc_1           0x080001bb   Thumb Code     0  libshutdown2.o(.ARM.Collect$$libshutdown$$0000000E)
    __rt_entry                               0x080001bd   Thumb Code     0  __rtentry.o(.ARM.Collect$$rtentry$$00000000)
    __rt_entry_presh_1                       0x080001bd   Thumb Code     0  __rtentry2.o(.ARM.Collect$$rtentry$$00000002)
    __rt_entry_sh                            0x080001bd   Thumb Code     0  __rtentry4.o(.ARM.Collect$$rtentry$$00000004)
    __rt_entry_li                            0x080001c3   Thumb Code     0  __rtentry2.o(.ARM.Collect$$rtentry$$0000000A)
    __rt_entry_postsh_1                      0x080001c3   Thumb Code     0  __rtentry2.o(.ARM.Collect$$rtentry$$00000009)
    __rt_entry_main                          0x080001c7   Thumb Code     0  __rtentry2.o(.ARM.Collect$$rtentry$$0000000D)
    __rt_entry_postli_1                      0x080001c7   Thumb Code     0  __rtentry2.o(.ARM.Collect$$rtentry$$0000000C)
    __rt_exit                                0x080001cf   Thumb Code     0  rtexit.o(.ARM.Collect$$rtexit$$00000000)
    __rt_exit_ls                             0x080001d1   Thumb Code     0  rtexit2.o(.ARM.Collect$$rtexit$$00000003)
    __rt_exit_prels_1                        0x080001d1   Thumb Code     0  rtexit2.o(.ARM.Collect$$rtexit$$00000002)
    __rt_exit_exit                           0x080001d5   Thumb Code     0  rtexit2.o(.ARM.Collect$$rtexit$$00000004)
    Reset_Handler                            0x080001dd   Thumb Code     8  startup_stm32f103xe.o(.text)
    ADC1_2_IRQHandler                        0x080001f7   Thumb Code     0  startup_stm32f103xe.o(.text)
    ADC3_IRQHandler                          0x080001f7   Thumb Code     0  startup_stm32f103xe.o(.text)
    DMA1_Channel6_IRQHandler                 0x080001f7   Thumb Code     0  startup_stm32f103xe.o(.text)
    DMA1_Channel7_IRQHandler                 0x080001f7   Thumb Code     0  startup_stm32f103xe.o(.text)
    DMA2_Channel1_IRQHandler                 0x080001f7   Thumb Code     0  startup_stm32f103xe.o(.text)
    DMA2_Channel2_IRQHandler                 0x080001f7   Thumb Code     0  startup_stm32f103xe.o(.text)
    DMA2_Channel3_IRQHandler                 0x080001f7   Thumb Code     0  startup_stm32f103xe.o(.text)
    DMA2_Channel4_5_IRQHandler               0x080001f7   Thumb Code     0  startup_stm32f103xe.o(.text)
    EXTI0_IRQHandler                         0x080001f7   Thumb Code     0  startup_stm32f103xe.o(.text)
    EXTI15_10_IRQHandler                     0x080001f7   Thumb Code     0  startup_stm32f103xe.o(.text)
    EXTI1_IRQHandler                         0x080001f7   Thumb Code     0  startup_stm32f103xe.o(.text)
    EXTI2_IRQHandler                         0x080001f7   Thumb Code     0  startup_stm32f103xe.o(.text)
    EXTI3_IRQHandler                         0x080001f7   Thumb Code     0  startup_stm32f103xe.o(.text)
    EXTI4_IRQHandler                         0x080001f7   Thumb Code     0  startup_stm32f103xe.o(.text)
    EXTI9_5_IRQHandler                       0x080001f7   Thumb Code     0  startup_stm32f103xe.o(.text)
    FLASH_IRQHandler                         0x080001f7   Thumb Code     0  startup_stm32f103xe.o(.text)
    FSMC_IRQHandler                          0x080001f7   Thumb Code     0  startup_stm32f103xe.o(.text)
    I2C1_ER_IRQHandler                       0x080001f7   Thumb Code     0  startup_stm32f103xe.o(.text)
    I2C1_EV_IRQHandler                       0x080001f7   Thumb Code     0  startup_stm32f103xe.o(.text)
    I2C2_ER_IRQHandler                       0x080001f7   Thumb Code     0  startup_stm32f103xe.o(.text)
    I2C2_EV_IRQHandler                       0x080001f7   Thumb Code     0  startup_stm32f103xe.o(.text)
    PVD_IRQHandler                           0x080001f7   Thumb Code     0  startup_stm32f103xe.o(.text)
    RCC_IRQHandler                           0x080001f7   Thumb Code     0  startup_stm32f103xe.o(.text)
    RTC_Alarm_IRQHandler                     0x080001f7   Thumb Code     0  startup_stm32f103xe.o(.text)
    RTC_IRQHandler                           0x080001f7   Thumb Code     0  startup_stm32f103xe.o(.text)
    SDIO_IRQHandler                          0x080001f7   Thumb Code     0  startup_stm32f103xe.o(.text)
    SPI1_IRQHandler                          0x080001f7   Thumb Code     0  startup_stm32f103xe.o(.text)
    SPI2_IRQHandler                          0x080001f7   Thumb Code     0  startup_stm32f103xe.o(.text)
    SPI3_IRQHandler                          0x080001f7   Thumb Code     0  startup_stm32f103xe.o(.text)
    TAMPER_IRQHandler                        0x080001f7   Thumb Code     0  startup_stm32f103xe.o(.text)
    TIM1_BRK_IRQHandler                      0x080001f7   Thumb Code     0  startup_stm32f103xe.o(.text)
    TIM1_CC_IRQHandler                       0x080001f7   Thumb Code     0  startup_stm32f103xe.o(.text)
    TIM1_TRG_COM_IRQHandler                  0x080001f7   Thumb Code     0  startup_stm32f103xe.o(.text)
    TIM2_IRQHandler                          0x080001f7   Thumb Code     0  startup_stm32f103xe.o(.text)
    TIM5_IRQHandler                          0x080001f7   Thumb Code     0  startup_stm32f103xe.o(.text)
    TIM6_IRQHandler                          0x080001f7   Thumb Code     0  startup_stm32f103xe.o(.text)
    TIM7_IRQHandler                          0x080001f7   Thumb Code     0  startup_stm32f103xe.o(.text)
    TIM8_BRK_IRQHandler                      0x080001f7   Thumb Code     0  startup_stm32f103xe.o(.text)
    TIM8_CC_IRQHandler                       0x080001f7   Thumb Code     0  startup_stm32f103xe.o(.text)
    TIM8_TRG_COM_IRQHandler                  0x080001f7   Thumb Code     0  startup_stm32f103xe.o(.text)
    TIM8_UP_IRQHandler                       0x080001f7   Thumb Code     0  startup_stm32f103xe.o(.text)
    UART4_IRQHandler                         0x080001f7   Thumb Code     0  startup_stm32f103xe.o(.text)
    UART5_IRQHandler                         0x080001f7   Thumb Code     0  startup_stm32f103xe.o(.text)
    USART2_IRQHandler                        0x080001f7   Thumb Code     0  startup_stm32f103xe.o(.text)
    USBWakeUp_IRQHandler                     0x080001f7   Thumb Code     0  startup_stm32f103xe.o(.text)
    WWDG_IRQHandler                          0x080001f7   Thumb Code     0  startup_stm32f103xe.o(.text)
    __user_initial_stackheap                 0x080001f9   Thumb Code     0  startup_stm32f103xe.o(.text)
    __aeabi_llsr                             0x0800021d   Thumb Code     0  llushr.o(.text)
    _ll_ushift_r                             0x0800021d   Thumb Code    38  llushr.o(.text)
    __2sprintf                               0x08000245   Thumb Code    34  noretval__2sprintf.o(.text)
    _printf_int_dec                          0x0800026d   Thumb Code   104  _printf_dec.o(.text)
    __printf                                 0x080002e5   Thumb Code   184  __printf_ss.o(.text)
    strlen                                   0x0800039d   Thumb Code    62  strlen.o(.text)
    __aeabi_memclr4                          0x080003db   Thumb Code     0  rt_memclr_w.o(.text)
    __aeabi_memclr8                          0x080003db   Thumb Code     0  rt_memclr_w.o(.text)
    __rt_memclr_w                            0x080003db   Thumb Code    78  rt_memclr_w.o(.text)
    _memset_w                                0x080003df   Thumb Code     0  rt_memclr_w.o(.text)
    __use_two_region_memory                  0x08000429   Thumb Code     2  heapauxi.o(.text)
    __rt_heap_escrow$2region                 0x0800042b   Thumb Code     2  heapauxi.o(.text)
    __rt_heap_expand$2region                 0x0800042d   Thumb Code     2  heapauxi.o(.text)
    _printf_int_common                       0x0800042f   Thumb Code   178  _printf_intcommon.o(.text)
    _printf_char_common                      0x080004eb   Thumb Code    32  _printf_char_common.o(.text)
    _sputc                                   0x08000511   Thumb Code    10  _sputc.o(.text)
    __user_setup_stackheap                   0x0800051b   Thumb Code    74  sys_stackheap_outer.o(.text)
    exit                                     0x08000565   Thumb Code    18  exit.o(.text)
    __user_libspace                          0x08000579   Thumb Code     8  libspace.o(.text)
    __user_perproc_libspace                  0x08000579   Thumb Code     0  libspace.o(.text)
    __user_perthread_libspace                0x08000579   Thumb Code     0  libspace.o(.text)
    _sys_exit                                0x08000581   Thumb Code     8  sys_exit.o(.text)
    __I$use$semihosting                      0x0800058d   Thumb Code     0  use_no_semi.o(.text)
    __use_no_semihosting_swi                 0x0800058d   Thumb Code     2  use_no_semi.o(.text)
    __semihosting_library_function           0x0800058f   Thumb Code     0  indicate_semi.o(.text)
    ADC_ConversionStop_Disable               0x08000591   Thumb Code    86  stm32f1xx_hal_adc.o(i.ADC_ConversionStop_Disable)
    BusFault_Handler                         0x080005e7   Thumb Code     2  stm32f1xx_it.o(i.BusFault_Handler)
    CAN1_RX1_IRQHandler                      0x080005e9   Thumb Code     6  stm32f1xx_it.o(i.CAN1_RX1_IRQHandler)
    CAN1_SCE_IRQHandler                      0x080005f5   Thumb Code     6  stm32f1xx_it.o(i.CAN1_SCE_IRQHandler)
    DMA1_Channel1_IRQHandler                 0x08000601   Thumb Code     6  stm32f1xx_it.o(i.DMA1_Channel1_IRQHandler)
    DMA1_Channel2_IRQHandler                 0x0800060d   Thumb Code     6  stm32f1xx_it.o(i.DMA1_Channel2_IRQHandler)
    DMA1_Channel3_IRQHandler                 0x08000619   Thumb Code     6  stm32f1xx_it.o(i.DMA1_Channel3_IRQHandler)
    DMA1_Channel4_IRQHandler                 0x08000625   Thumb Code     6  stm32f1xx_it.o(i.DMA1_Channel4_IRQHandler)
    DMA1_Channel5_IRQHandler                 0x08000631   Thumb Code     6  stm32f1xx_it.o(i.DMA1_Channel5_IRQHandler)
    DRV_Button_ReadPin                       0x0800063d   Thumb Code    36  button_drv.o(i.DRV_Button_ReadPin)
    DRV_Flash_AreaBegin                      0x08000665   Thumb Code    14  flash_drv.o(i.DRV_Flash_AreaBegin)
    DRV_Flash_AreaEmpty                      0x08000675   Thumb Code    82  flash_drv.o(i.DRV_Flash_AreaEmpty)
    DRV_Flash_AreaEnd                        0x080006cd   Thumb Code     4  flash_drv.o(i.DRV_Flash_AreaEnd)
    DRV_Flash_AreaWrite16                    0x080006d1   Thumb Code    68  flash_drv.o(i.DRV_Flash_AreaWrite16)
    DRV_LED_Init                             0x08000715   Thumb Code    22  led_drv.o(i.DRV_LED_Init)
    DRV_LED_Set                              0x0800072b   Thumb Code     4  led_drv.o(i.DRV_LED_Set)
    DRV_MT6816_ReadAngle                     0x0800072f   Thumb Code    92  mt6816_drv.o(i.DRV_MT6816_ReadAngle)
    DRV_Sys_GetTickMs                        0x0800078b   Thumb Code     4  sys_drv.o(i.DRV_Sys_GetTickMs)
    DRV_Sys_SystemReset                      0x0800078f   Thumb Code     4  sys_drv.o(i.DRV_Sys_SystemReset)
    DRV_TB67H450_Init                        0x08000795   Thumb Code    38  tb67h450_drv.o(i.DRV_TB67H450_Init)
    DRV_TB67H450_SetCoilCurrent              0x080007c1   Thumb Code    16  tb67h450_drv.o(i.DRV_TB67H450_SetCoilCurrent)
    DRV_TB67H450_SetDirectionA               0x080007d5   Thumb Code    30  tb67h450_drv.o(i.DRV_TB67H450_SetDirectionA)
    DRV_TB67H450_SetDirectionB               0x080007f9   Thumb Code    30  tb67h450_drv.o(i.DRV_TB67H450_SetDirectionB)
    DRV_Uart_SendBlocking                    0x0800081d   Thumb Code    14  uart_drv.o(i.DRV_Uart_SendBlocking)
    DRV_Uart_SendString                      0x08000831   Thumb Code    20  uart_drv.o(i.DRV_Uart_SendString)
    DebugMon_Handler                         0x08000845   Thumb Code     2  stm32f1xx_it.o(i.DebugMon_Handler)
    Error_Handler                            0x08000847   Thumb Code     4  main.o(i.Error_Handler)
    FLASH_PageErase                          0x08000871   Thumb Code    28  stm32f1xx_hal_flash_ex.o(i.FLASH_PageErase)
    FLASH_WaitForLastOperation               0x0800090d   Thumb Code    80  stm32f1xx_hal_flash.o(i.FLASH_WaitForLastOperation)
    HAL_ADC_ConfigChannel                    0x08000961   Thumb Code   240  stm32f1xx_hal_adc.o(i.HAL_ADC_ConfigChannel)
    HAL_ADC_Init                             0x08000a5d   Thumb Code   272  stm32f1xx_hal_adc.o(i.HAL_ADC_Init)
    HAL_ADC_MspInit                          0x08000b7d   Thumb Code   126  adc.o(i.HAL_ADC_MspInit)
    HAL_CAN_ErrorCallback                    0x08000c11   Thumb Code     2  stm32f1xx_hal_can.o(i.HAL_CAN_ErrorCallback)
    HAL_CAN_IRQHandler                       0x08000c13   Thumb Code   508  stm32f1xx_hal_can.o(i.HAL_CAN_IRQHandler)
    HAL_CAN_Init                             0x08000e0f   Thumb Code   282  stm32f1xx_hal_can.o(i.HAL_CAN_Init)
    HAL_CAN_MspInit                          0x08000f29   Thumb Code   160  can.o(i.HAL_CAN_MspInit)
    HAL_CAN_RxFifo0FullCallback              0x08000fd5   Thumb Code     2  stm32f1xx_hal_can.o(i.HAL_CAN_RxFifo0FullCallback)
    HAL_CAN_RxFifo0MsgPendingCallback        0x08000fd7   Thumb Code     2  stm32f1xx_hal_can.o(i.HAL_CAN_RxFifo0MsgPendingCallback)
    HAL_CAN_RxFifo1FullCallback              0x08000fd9   Thumb Code     2  stm32f1xx_hal_can.o(i.HAL_CAN_RxFifo1FullCallback)
    HAL_CAN_RxFifo1MsgPendingCallback        0x08000fdb   Thumb Code     2  stm32f1xx_hal_can.o(i.HAL_CAN_RxFifo1MsgPendingCallback)
    HAL_CAN_SleepCallback                    0x08000fdd   Thumb Code     2  stm32f1xx_hal_can.o(i.HAL_CAN_SleepCallback)
    HAL_CAN_TxMailbox0AbortCallback          0x08000fdf   Thumb Code     2  stm32f1xx_hal_can.o(i.HAL_CAN_TxMailbox0AbortCallback)
    HAL_CAN_TxMailbox0CompleteCallback       0x08000fe1   Thumb Code     2  stm32f1xx_hal_can.o(i.HAL_CAN_TxMailbox0CompleteCallback)
    HAL_CAN_TxMailbox1AbortCallback          0x08000fe3   Thumb Code     2  stm32f1xx_hal_can.o(i.HAL_CAN_TxMailbox1AbortCallback)
    HAL_CAN_TxMailbox1CompleteCallback       0x08000fe5   Thumb Code     2  stm32f1xx_hal_can.o(i.HAL_CAN_TxMailbox1CompleteCallback)
    HAL_CAN_TxMailbox2AbortCallback          0x08000fe7   Thumb Code     2  stm32f1xx_hal_can.o(i.HAL_CAN_TxMailbox2AbortCallback)
    HAL_CAN_TxMailbox2CompleteCallback       0x08000fe9   Thumb Code     2  stm32f1xx_hal_can.o(i.HAL_CAN_TxMailbox2CompleteCallback)
    HAL_CAN_WakeUpFromRxMsgCallback          0x08000feb   Thumb Code     2  stm32f1xx_hal_can.o(i.HAL_CAN_WakeUpFromRxMsgCallback)
    HAL_DMA_Abort                            0x08000fed   Thumb Code    70  stm32f1xx_hal_dma.o(i.HAL_DMA_Abort)
    HAL_DMA_Abort_IT                         0x08001035   Thumb Code   296  stm32f1xx_hal_dma.o(i.HAL_DMA_Abort_IT)
    HAL_DMA_IRQHandler                       0x08001165   Thumb Code   552  stm32f1xx_hal_dma.o(i.HAL_DMA_IRQHandler)
    HAL_DMA_Init                             0x080013ad   Thumb Code   112  stm32f1xx_hal_dma.o(i.HAL_DMA_Init)
    HAL_FLASHEx_Erase                        0x08001429   Thumb Code   160  stm32f1xx_hal_flash_ex.o(i.HAL_FLASHEx_Erase)
    HAL_FLASH_Lock                           0x080014d1   Thumb Code    14  stm32f1xx_hal_flash.o(i.HAL_FLASH_Lock)
    HAL_FLASH_Program                        0x080014e5   Thumb Code   120  stm32f1xx_hal_flash.o(i.HAL_FLASH_Program)
    HAL_FLASH_Unlock                         0x08001565   Thumb Code    28  stm32f1xx_hal_flash.o(i.HAL_FLASH_Unlock)
    HAL_GPIO_Init                            0x0800158d   Thumb Code   462  stm32f1xx_hal_gpio.o(i.HAL_GPIO_Init)
    HAL_GPIO_ReadPin                         0x08001785   Thumb Code    10  stm32f1xx_hal_gpio.o(i.HAL_GPIO_ReadPin)
    HAL_GPIO_WritePin                        0x0800178f   Thumb Code    10  stm32f1xx_hal_gpio.o(i.HAL_GPIO_WritePin)
    HAL_GetTick                              0x08001799   Thumb Code     6  stm32f1xx_hal.o(i.HAL_GetTick)
    HAL_IncTick                              0x080017a5   Thumb Code    12  stm32f1xx_hal.o(i.HAL_IncTick)
    HAL_Init                                 0x080017b5   Thumb Code    32  stm32f1xx_hal.o(i.HAL_Init)
    HAL_InitTick                             0x080017d9   Thumb Code    54  stm32f1xx_hal.o(i.HAL_InitTick)
    HAL_MspInit                              0x08001819   Thumb Code    52  stm32f1xx_hal_msp.o(i.HAL_MspInit)
    HAL_NVIC_EnableIRQ                       0x08001855   Thumb Code    26  stm32f1xx_hal_cortex.o(i.HAL_NVIC_EnableIRQ)
    HAL_NVIC_SetPriority                     0x08001871   Thumb Code    60  stm32f1xx_hal_cortex.o(i.HAL_NVIC_SetPriority)
    HAL_NVIC_SetPriorityGrouping             0x080018b1   Thumb Code    26  stm32f1xx_hal_cortex.o(i.HAL_NVIC_SetPriorityGrouping)
    HAL_NVIC_SystemReset                     0x080018d5   Thumb Code    26  stm32f1xx_hal_cortex.o(i.HAL_NVIC_SystemReset)
    HAL_RCCEx_PeriphCLKConfig                0x080018f9   Thumb Code   224  stm32f1xx_hal_rcc_ex.o(i.HAL_RCCEx_PeriphCLKConfig)
    HAL_RCC_ClockConfig                      0x080019e5   Thumb Code   280  stm32f1xx_hal_rcc.o(i.HAL_RCC_ClockConfig)
    HAL_RCC_GetPCLK1Freq                     0x08001b11   Thumb Code    20  stm32f1xx_hal_rcc.o(i.HAL_RCC_GetPCLK1Freq)
    HAL_RCC_GetPCLK2Freq                     0x08001b31   Thumb Code    20  stm32f1xx_hal_rcc.o(i.HAL_RCC_GetPCLK2Freq)
    HAL_RCC_GetSysClockFreq                  0x08001b51   Thumb Code    58  stm32f1xx_hal_rcc.o(i.HAL_RCC_GetSysClockFreq)
    HAL_RCC_OscConfig                        0x08001b9d   Thumb Code   778  stm32f1xx_hal_rcc.o(i.HAL_RCC_OscConfig)
    HAL_SPI_Init                             0x08001ebd   Thumb Code   178  stm32f1xx_hal_spi.o(i.HAL_SPI_Init)
    HAL_SPI_MspInit                          0x08001f71   Thumb Code    98  spi.o(i.HAL_SPI_MspInit)
    HAL_SPI_TransmitReceive                  0x08001fe1   Thumb Code   496  stm32f1xx_hal_spi.o(i.HAL_SPI_TransmitReceive)
    HAL_SYSTICK_Config                       0x080021d1   Thumb Code    40  stm32f1xx_hal_cortex.o(i.HAL_SYSTICK_Config)
    HAL_TIMEx_BreakCallback                  0x080021f9   Thumb Code     2  stm32f1xx_hal_tim_ex.o(i.HAL_TIMEx_BreakCallback)
    HAL_TIMEx_CommutCallback                 0x080021fb   Thumb Code     2  stm32f1xx_hal_tim_ex.o(i.HAL_TIMEx_CommutCallback)
    HAL_TIMEx_MasterConfigSynchronization    0x080021fd   Thumb Code   104  stm32f1xx_hal_tim_ex.o(i.HAL_TIMEx_MasterConfigSynchronization)
    HAL_TIM_Base_Init                        0x08002279   Thumb Code    90  stm32f1xx_hal_tim.o(i.HAL_TIM_Base_Init)
    HAL_TIM_Base_MspInit                     0x080022d5   Thumb Code   144  tim.o(i.HAL_TIM_Base_MspInit)
    HAL_TIM_Base_Start_IT                    0x08002375   Thumb Code    88  stm32f1xx_hal_tim.o(i.HAL_TIM_Base_Start_IT)
    HAL_TIM_ConfigClockSource                0x080023e1   Thumb Code   220  stm32f1xx_hal_tim.o(i.HAL_TIM_ConfigClockSource)
    HAL_TIM_IC_CaptureCallback               0x080024bd   Thumb Code     2  stm32f1xx_hal_tim.o(i.HAL_TIM_IC_CaptureCallback)
    HAL_TIM_IRQHandler                       0x080024bf   Thumb Code   304  stm32f1xx_hal_tim.o(i.HAL_TIM_IRQHandler)
    HAL_TIM_MspPostInit                      0x080025f1   Thumb Code    82  tim.o(i.HAL_TIM_MspPostInit)
    HAL_TIM_OC_DelayElapsedCallback          0x08002651   Thumb Code     2  stm32f1xx_hal_tim.o(i.HAL_TIM_OC_DelayElapsedCallback)
    HAL_TIM_PWM_ConfigChannel                0x08002653   Thumb Code   204  stm32f1xx_hal_tim.o(i.HAL_TIM_PWM_ConfigChannel)
    HAL_TIM_PWM_Init                         0x0800271f   Thumb Code    90  stm32f1xx_hal_tim.o(i.HAL_TIM_PWM_Init)
    HAL_TIM_PWM_MspInit                      0x08002779   Thumb Code     2  stm32f1xx_hal_tim.o(i.HAL_TIM_PWM_MspInit)
    HAL_TIM_PWM_PulseFinishedCallback        0x0800277b   Thumb Code     2  stm32f1xx_hal_tim.o(i.HAL_TIM_PWM_PulseFinishedCallback)
    HAL_TIM_PWM_Start                        0x0800277d   Thumb Code   160  stm32f1xx_hal_tim.o(i.HAL_TIM_PWM_Start)
    HAL_TIM_PeriodElapsedCallback            0x08002831   Thumb Code    86  main.o(i.HAL_TIM_PeriodElapsedCallback)
    HAL_TIM_TriggerCallback                  0x080028a1   Thumb Code     2  stm32f1xx_hal_tim.o(i.HAL_TIM_TriggerCallback)
    HAL_UARTEx_RxEventCallback               0x080028a3   Thumb Code     2  stm32f1xx_hal_uart.o(i.HAL_UARTEx_RxEventCallback)
    HAL_UART_ErrorCallback                   0x080028a5   Thumb Code     2  stm32f1xx_hal_uart.o(i.HAL_UART_ErrorCallback)
    HAL_UART_IRQHandler                      0x080028a9   Thumb Code   616  stm32f1xx_hal_uart.o(i.HAL_UART_IRQHandler)
    HAL_UART_Init                            0x08002b15   Thumb Code   100  stm32f1xx_hal_uart.o(i.HAL_UART_Init)
    HAL_UART_MspInit                         0x08002b79   Thumb Code   408  usart.o(i.HAL_UART_MspInit)
    HAL_UART_RxCpltCallback                  0x08002d31   Thumb Code     2  stm32f1xx_hal_uart.o(i.HAL_UART_RxCpltCallback)
    HAL_UART_Transmit                        0x08002d33   Thumb Code   160  stm32f1xx_hal_uart.o(i.HAL_UART_Transmit)
    HAL_UART_TxCpltCallback                  0x08002dd3   Thumb Code     2  stm32f1xx_hal_uart.o(i.HAL_UART_TxCpltCallback)
    HardFault_Handler                        0x08002dd5   Thumb Code     2  stm32f1xx_it.o(i.HardFault_Handler)
    MX_ADC1_Init                             0x08002dd9   Thumb Code    68  adc.o(i.MX_ADC1_Init)
    MX_CAN_Init                              0x08002e25   Thumb Code    58  can.o(i.MX_CAN_Init)
    MX_DMA_Init                              0x08002e69   Thumb Code   104  dma.o(i.MX_DMA_Init)
    MX_GPIO_Init                             0x08002ed5   Thumb Code   224  gpio.o(i.MX_GPIO_Init)
    MX_SPI1_Init                             0x08002fc5   Thumb Code    68  spi.o(i.MX_SPI1_Init)
    MX_TIM1_Init                             0x08003011   Thumb Code    98  tim.o(i.MX_TIM1_Init)
    MX_TIM2_Init                             0x0800307d   Thumb Code   160  tim.o(i.MX_TIM2_Init)
    MX_TIM3_Init                             0x08003121   Thumb Code    94  tim.o(i.MX_TIM3_Init)
    MX_TIM4_Init                             0x08003189   Thumb Code    94  tim.o(i.MX_TIM4_Init)
    MX_USART1_UART_Init                      0x080031f1   Thumb Code    48  usart.o(i.MX_USART1_UART_Init)
    MX_USART3_UART_Init                      0x08003229   Thumb Code    48  usart.o(i.MX_USART3_UART_Init)
    MemManage_Handler                        0x08003261   Thumb Code     2  stm32f1xx_it.o(i.MemManage_Handler)
    NMI_Handler                              0x08003263   Thumb Code     2  stm32f1xx_it.o(i.NMI_Handler)
    PendSV_Handler                           0x08003265   Thumb Code     2  stm32f1xx_it.o(i.PendSV_Handler)
    SVC_Handler                              0x08003355   Thumb Code     2  stm32f1xx_it.o(i.SVC_Handler)
    SysTick_Handler                          0x080037a9   Thumb Code     4  stm32f1xx_it.o(i.SysTick_Handler)
    SystemClock_Config                       0x080037ad   Thumb Code   122  main.o(i.SystemClock_Config)
    SystemInit                               0x08003827   Thumb Code     2  system_stm32f1xx.o(i.SystemInit)
    TIM1_UP_IRQHandler                       0x08003829   Thumb Code     6  stm32f1xx_it.o(i.TIM1_UP_IRQHandler)
    TIM3_IRQHandler                          0x08003835   Thumb Code     6  stm32f1xx_it.o(i.TIM3_IRQHandler)
    TIM4_IRQHandler                          0x08003841   Thumb Code     6  stm32f1xx_it.o(i.TIM4_IRQHandler)
    TIM_Base_SetConfig                       0x0800384d   Thumb Code   134  stm32f1xx_hal_tim.o(i.TIM_Base_SetConfig)
    TIM_CCxChannelCmd                        0x080038e9   Thumb Code    26  stm32f1xx_hal_tim.o(i.TIM_CCxChannelCmd)
    TIM_ETR_SetConfig                        0x08003903   Thumb Code    20  stm32f1xx_hal_tim.o(i.TIM_ETR_SetConfig)
    TIM_OC2_SetConfig                        0x08003989   Thumb Code    98  stm32f1xx_hal_tim.o(i.TIM_OC2_SetConfig)
    USART1_IRQHandler                        0x08003d41   Thumb Code     6  stm32f1xx_it.o(i.USART1_IRQHandler)
    USART3_IRQHandler                        0x08003d4d   Thumb Code     6  stm32f1xx_it.o(i.USART3_IRQHandler)
    USB_HP_CAN1_TX_IRQHandler                0x08003d59   Thumb Code     6  stm32f1xx_it.o(i.USB_HP_CAN1_TX_IRQHandler)
    USB_LP_CAN1_RX0_IRQHandler               0x08003d65   Thumb Code     6  stm32f1xx_it.o(i.USB_LP_CAN1_RX0_IRQHandler)
    USR_Button_Init                          0x08003d71   Thumb Code    60  button_usr.o(i.USR_Button_Init)
    USR_Button_IsPressed                     0x08003db5   Thumb Code    14  button_usr.o(i.USR_Button_IsPressed)
    USR_Button_Tick                          0x08003dc5   Thumb Code   130  button_usr.o(i.USR_Button_Tick)
    USR_Cycle_Avg                            0x08003e51   Thumb Code    36  cycle_usr.o(i.USR_Cycle_Avg)
    USR_Cycle_DataAvg                        0x08003e75   Thumb Code    66  cycle_usr.o(i.USR_Cycle_DataAvg)
    USR_Cycle_Mod                            0x08003eb7   Thumb Code    12  cycle_usr.o(i.USR_Cycle_Mod)
    USR_Cycle_Sub                            0x08003ec3   Thumb Code    22  cycle_usr.o(i.USR_Cycle_Sub)
    USR_EncoderCalibrator_Init               0x08003ed9   Thumb Code    28  encoder_calibrator_usr.o(i.USR_EncoderCalibrator_Init)
    USR_EncoderCalibrator_Tick20kHz          0x08003ef9   Thumb Code   396  encoder_calibrator_usr.o(i.USR_EncoderCalibrator_Tick20kHz)
    USR_EncoderCalibrator_TickMainLoop       0x08004091   Thumb Code    74  encoder_calibrator_usr.o(i.USR_EncoderCalibrator_TickMainLoop)
    USR_EncoderCalibrator_Trigger            0x0800410d   Thumb Code    26  encoder_calibrator_usr.o(i.USR_EncoderCalibrator_Trigger)
    USR_MT6816_GetRawAngle                   0x0800412d   Thumb Code     6  mt6816_usr.o(i.USR_MT6816_GetRawAngle)
    USR_MT6816_Init                          0x08004139   Thumb Code    24  mt6816_usr.o(i.USR_MT6816_Init)
    USR_MT6816_IsCalibrated                  0x08004155   Thumb Code    42  mt6816_usr.o(i.USR_MT6816_IsCalibrated)
    USR_MT6816_SetCalibrationData            0x08004185   Thumb Code     6  mt6816_usr.o(i.USR_MT6816_SetCalibrationData)
    USR_MT6816_UpdateAngle                   0x08004191   Thumb Code    46  mt6816_usr.o(i.USR_MT6816_UpdateAngle)
    USR_TB67H450_Init                        0x080041c5   Thumb Code     4  tb67h450_usr.o(i.USR_TB67H450_Init)
    USR_TB67H450_SetFocCurrentVector         0x080041c9   Thumb Code   160  tb67h450_usr.o(i.USR_TB67H450_SetFocCurrentVector)
    USR_TB67H450_Sleep                       0x08004271   Thumb Code    30  tb67h450_usr.o(i.USR_TB67H450_Sleep)
    UsageFault_Handler                       0x0800428f   Thumb Code     2  stm32f1xx_it.o(i.UsageFault_Handler)
    main                                     0x080042b1   Thumb Code   144  main.o(i.main)
    AHBPrescTable                            0x08004396   Data          16  system_stm32f1xx.o(.constdata)
    APBPrescTable                            0x080043a6   Data           8  system_stm32f1xx.o(.constdata)
    USR_sin_pi_m2                            0x080043ae   Data        2050  sin_form_usr.o(.constdata)
    Region$$Table$$Base                      0x08004bb0   Number         0  anon$$obj.o(Region$$Table)
    Region$$Table$$Limit                     0x08004bd0   Number         0  anon$$obj.o(Region$$Table)
    uwTickFreq                               0x20000008   Data           1  stm32f1xx_hal.o(.data)
    uwTickPrio                               0x2000000c   Data           4  stm32f1xx_hal.o(.data)
    uwTick                                   0x20000010   Data           4  stm32f1xx_hal.o(.data)
    SystemCoreClock                          0x20000014   Data           4  system_stm32f1xx.o(.data)
    g_flash_quick_cali                       0x20000018   Data          16  flash_drv.o(.data)
    hadc1                                    0x20000068   Data          48  adc.o(.bss)
    hdma_adc1                                0x20000098   Data          68  adc.o(.bss)
    hcan                                     0x200000dc   Data          40  can.o(.bss)
    hspi1                                    0x20000104   Data          88  spi.o(.bss)
    htim1                                    0x2000015c   Data          72  tim.o(.bss)
    htim2                                    0x200001a4   Data          72  tim.o(.bss)
    htim3                                    0x200001ec   Data          72  tim.o(.bss)
    htim4                                    0x20000234   Data          72  tim.o(.bss)
    huart1                                   0x2000027c   Data          72  usart.o(.bss)
    huart3                                   0x200002c4   Data          72  usart.o(.bss)
    hdma_usart1_rx                           0x2000030c   Data          68  usart.o(.bss)
    hdma_usart1_tx                           0x20000350   Data          68  usart.o(.bss)
    hdma_usart3_rx                           0x20000394   Data          68  usart.o(.bss)
    hdma_usart3_tx                           0x200003d8   Data          68  usart.o(.bss)
    pFlash                                   0x20000420   Data          32  stm32f1xx_hal_flash.o(.bss)
    __libspace_start                         0x20000790   Data          96  libspace.o(.bss)
    __temporary_stack_top$libspace           0x200007f0   Data           0  libspace.o(.bss)



==============================================================================

Memory Map of the image

  Image Entry point : 0x08000131

  Load Region LR_IROM1 (Base: 0x08000000, Size: 0x00004c38, Max: 0x00080000, ABSOLUTE)

    Execution Region ER_IROM1 (Exec base: 0x08000000, Load base: 0x08000000, Size: 0x00004bd0, Max: 0x00080000, ABSOLUTE)

    Exec Addr    Load Addr    Size         Type   Attr      Idx    E Section Name        Object

    0x08000000   0x08000000   0x00000130   Data   RO            3    RESET               startup_stm32f103xe.o
    0x08000130   0x08000130   0x00000008   Code   RO         4435  * !!!main             c_w.l(__main.o)
    0x08000138   0x08000138   0x00000034   Code   RO         4603    !!!scatter          c_w.l(__scatter.o)
    0x0800016c   0x0800016c   0x0000001a   Code   RO         4605    !!handler_copy      c_w.l(__scatter_copy.o)
    0x08000186   0x08000186   0x00000002   PAD
    0x08000188   0x08000188   0x0000001c   Code   RO         4607    !!handler_zi        c_w.l(__scatter_zi.o)
    0x080001a4   0x080001a4   0x00000000   Code   RO         4428    .ARM.Collect$$_printf_percent$$00000000  c_w.l(_printf_percent.o)
    0x080001a4   0x080001a4   0x00000006   Code   RO         4426    .ARM.Collect$$_printf_percent$$00000009  c_w.l(_printf_d.o)
    0x080001aa   0x080001aa   0x00000006   Code   RO         4427    .ARM.Collect$$_printf_percent$$0000000A  c_w.l(_printf_u.o)
    0x080001b0   0x080001b0   0x00000004   Code   RO         4444    .ARM.Collect$$_printf_percent$$00000017  c_w.l(_printf_percent_end.o)
    0x080001b4   0x080001b4   0x00000002   Code   RO         4471    .ARM.Collect$$libinit$$00000000  c_w.l(libinit.o)
    0x080001b6   0x080001b6   0x00000000   Code   RO         4478    .ARM.Collect$$libinit$$00000002  c_w.l(libinit2.o)
    0x080001b6   0x080001b6   0x00000000   Code   RO         4480    .ARM.Collect$$libinit$$00000004  c_w.l(libinit2.o)
    0x080001b6   0x080001b6   0x00000000   Code   RO         4483    .ARM.Collect$$libinit$$0000000A  c_w.l(libinit2.o)
    0x080001b6   0x080001b6   0x00000000   Code   RO         4485    .ARM.Collect$$libinit$$0000000C  c_w.l(libinit2.o)
    0x080001b6   0x080001b6   0x00000000   Code   RO         4487    .ARM.Collect$$libinit$$0000000E  c_w.l(libinit2.o)
    0x080001b6   0x080001b6   0x00000000   Code   RO         4490    .ARM.Collect$$libinit$$00000011  c_w.l(libinit2.o)
    0x080001b6   0x080001b6   0x00000000   Code   RO         4492    .ARM.Collect$$libinit$$00000013  c_w.l(libinit2.o)
    0x080001b6   0x080001b6   0x00000000   Code   RO         4494    .ARM.Collect$$libinit$$00000015  c_w.l(libinit2.o)
    0x080001b6   0x080001b6   0x00000000   Code   RO         4496    .ARM.Collect$$libinit$$00000017  c_w.l(libinit2.o)
    0x080001b6   0x080001b6   0x00000000   Code   RO         4498    .ARM.Collect$$libinit$$00000019  c_w.l(libinit2.o)
    0x080001b6   0x080001b6   0x00000000   Code   RO         4500    .ARM.Collect$$libinit$$0000001B  c_w.l(libinit2.o)
    0x080001b6   0x080001b6   0x00000000   Code   RO         4502    .ARM.Collect$$libinit$$0000001D  c_w.l(libinit2.o)
    0x080001b6   0x080001b6   0x00000000   Code   RO         4504    .ARM.Collect$$libinit$$0000001F  c_w.l(libinit2.o)
    0x080001b6   0x080001b6   0x00000000   Code   RO         4506    .ARM.Collect$$libinit$$00000021  c_w.l(libinit2.o)
    0x080001b6   0x080001b6   0x00000000   Code   RO         4508    .ARM.Collect$$libinit$$00000023  c_w.l(libinit2.o)
    0x080001b6   0x080001b6   0x00000000   Code   RO         4510    .ARM.Collect$$libinit$$00000025  c_w.l(libinit2.o)
    0x080001b6   0x080001b6   0x00000000   Code   RO         4514    .ARM.Collect$$libinit$$0000002C  c_w.l(libinit2.o)
    0x080001b6   0x080001b6   0x00000000   Code   RO         4516    .ARM.Collect$$libinit$$0000002E  c_w.l(libinit2.o)
    0x080001b6   0x080001b6   0x00000000   Code   RO         4518    .ARM.Collect$$libinit$$00000030  c_w.l(libinit2.o)
    0x080001b6   0x080001b6   0x00000000   Code   RO         4520    .ARM.Collect$$libinit$$00000032  c_w.l(libinit2.o)
    0x080001b6   0x080001b6   0x00000002   Code   RO         4521    .ARM.Collect$$libinit$$00000033  c_w.l(libinit2.o)
    0x080001b8   0x080001b8   0x00000002   Code   RO         4541    .ARM.Collect$$libshutdown$$00000000  c_w.l(libshutdown.o)
    0x080001ba   0x080001ba   0x00000000   Code   RO         4554    .ARM.Collect$$libshutdown$$00000002  c_w.l(libshutdown2.o)
    0x080001ba   0x080001ba   0x00000000   Code   RO         4556    .ARM.Collect$$libshutdown$$00000004  c_w.l(libshutdown2.o)
    0x080001ba   0x080001ba   0x00000000   Code   RO         4558    .ARM.Collect$$libshutdown$$00000006  c_w.l(libshutdown2.o)
    0x080001ba   0x080001ba   0x00000000   Code   RO         4561    .ARM.Collect$$libshutdown$$00000009  c_w.l(libshutdown2.o)
    0x080001ba   0x080001ba   0x00000000   Code   RO         4564    .ARM.Collect$$libshutdown$$0000000C  c_w.l(libshutdown2.o)
    0x080001ba   0x080001ba   0x00000000   Code   RO         4566    .ARM.Collect$$libshutdown$$0000000E  c_w.l(libshutdown2.o)
    0x080001ba   0x080001ba   0x00000000   Code   RO         4569    .ARM.Collect$$libshutdown$$00000011  c_w.l(libshutdown2.o)
    0x080001ba   0x080001ba   0x00000002   Code   RO         4570    .ARM.Collect$$libshutdown$$00000012  c_w.l(libshutdown2.o)
    0x080001bc   0x080001bc   0x00000000   Code   RO         4437    .ARM.Collect$$rtentry$$00000000  c_w.l(__rtentry.o)
    0x080001bc   0x080001bc   0x00000000   Code   RO         4446    .ARM.Collect$$rtentry$$00000002  c_w.l(__rtentry2.o)
    0x080001bc   0x080001bc   0x00000006   Code   RO         4458    .ARM.Collect$$rtentry$$00000004  c_w.l(__rtentry4.o)
    0x080001c2   0x080001c2   0x00000000   Code   RO         4448    .ARM.Collect$$rtentry$$00000009  c_w.l(__rtentry2.o)
    0x080001c2   0x080001c2   0x00000004   Code   RO         4449    .ARM.Collect$$rtentry$$0000000A  c_w.l(__rtentry2.o)
    0x080001c6   0x080001c6   0x00000000   Code   RO         4451    .ARM.Collect$$rtentry$$0000000C  c_w.l(__rtentry2.o)
    0x080001c6   0x080001c6   0x00000008   Code   RO         4452    .ARM.Collect$$rtentry$$0000000D  c_w.l(__rtentry2.o)
    0x080001ce   0x080001ce   0x00000002   Code   RO         4475    .ARM.Collect$$rtexit$$00000000  c_w.l(rtexit.o)
    0x080001d0   0x080001d0   0x00000000   Code   RO         4523    .ARM.Collect$$rtexit$$00000002  c_w.l(rtexit2.o)
    0x080001d0   0x080001d0   0x00000004   Code   RO         4524    .ARM.Collect$$rtexit$$00000003  c_w.l(rtexit2.o)
    0x080001d4   0x080001d4   0x00000006   Code   RO         4525    .ARM.Collect$$rtexit$$00000004  c_w.l(rtexit2.o)
    0x080001da   0x080001da   0x00000002   PAD
    0x080001dc   0x080001dc   0x00000040   Code   RO            4    .text               startup_stm32f103xe.o
    0x0800021c   0x0800021c   0x00000026   Code   RO         4396    .text               c_w.l(llushr.o)
    0x08000242   0x08000242   0x00000002   PAD
    0x08000244   0x08000244   0x00000028   Code   RO         4400    .text               c_w.l(noretval__2sprintf.o)
    0x0800026c   0x0800026c   0x00000078   Code   RO         4404    .text               c_w.l(_printf_dec.o)
    0x080002e4   0x080002e4   0x000000b8   Code   RO         4409    .text               c_w.l(__printf_ss.o)
    0x0800039c   0x0800039c   0x0000003e   Code   RO         4429    .text               c_w.l(strlen.o)
    0x080003da   0x080003da   0x0000004e   Code   RO         4431    .text               c_w.l(rt_memclr_w.o)
    0x08000428   0x08000428   0x00000006   Code   RO         4433    .text               c_w.l(heapauxi.o)
    0x0800042e   0x0800042e   0x000000b2   Code   RO         4438    .text               c_w.l(_printf_intcommon.o)
    0x080004e0   0x080004e0   0x00000030   Code   RO         4440    .text               c_w.l(_printf_char_common.o)
    0x08000510   0x08000510   0x0000000a   Code   RO         4442    .text               c_w.l(_sputc.o)
    0x0800051a   0x0800051a   0x0000004a   Code   RO         4462    .text               c_w.l(sys_stackheap_outer.o)
    0x08000564   0x08000564   0x00000012   Code   RO         4464    .text               c_w.l(exit.o)
    0x08000576   0x08000576   0x00000002   PAD
    0x08000578   0x08000578   0x00000008   Code   RO         4472    .text               c_w.l(libspace.o)
    0x08000580   0x08000580   0x0000000c   Code   RO         4533    .text               c_w.l(sys_exit.o)
    0x0800058c   0x0800058c   0x00000002   Code   RO         4544    .text               c_w.l(use_no_semi.o)
    0x0800058e   0x0800058e   0x00000000   Code   RO         4546    .text               c_w.l(indicate_semi.o)
    0x0800058e   0x0800058e   0x00000002   PAD
    0x08000590   0x08000590   0x00000056   Code   RO          716    i.ADC_ConversionStop_Disable  stm32f1xx_hal_adc.o
    0x080005e6   0x080005e6   0x00000002   Code   RO          496    i.BusFault_Handler  stm32f1xx_it.o
    0x080005e8   0x080005e8   0x0000000c   Code   RO          497    i.CAN1_RX1_IRQHandler  stm32f1xx_it.o
    0x080005f4   0x080005f4   0x0000000c   Code   RO          498    i.CAN1_SCE_IRQHandler  stm32f1xx_it.o
    0x08000600   0x08000600   0x0000000c   Code   RO          499    i.DMA1_Channel1_IRQHandler  stm32f1xx_it.o
    0x0800060c   0x0800060c   0x0000000c   Code   RO          500    i.DMA1_Channel2_IRQHandler  stm32f1xx_it.o
    0x08000618   0x08000618   0x0000000c   Code   RO          501    i.DMA1_Channel3_IRQHandler  stm32f1xx_it.o
    0x08000624   0x08000624   0x0000000c   Code   RO          502    i.DMA1_Channel4_IRQHandler  stm32f1xx_it.o
    0x08000630   0x08000630   0x0000000c   Code   RO          503    i.DMA1_Channel5_IRQHandler  stm32f1xx_it.o
    0x0800063c   0x0800063c   0x00000028   Code   RO         4131    i.DRV_Button_ReadPin  button_drv.o
    0x08000664   0x08000664   0x0000000e   Code   RO         4049    i.DRV_Flash_AreaBegin  flash_drv.o
    0x08000672   0x08000672   0x00000002   PAD
    0x08000674   0x08000674   0x00000058   Code   RO         4050    i.DRV_Flash_AreaEmpty  flash_drv.o
    0x080006cc   0x080006cc   0x00000004   Code   RO         4051    i.DRV_Flash_AreaEnd  flash_drv.o
    0x080006d0   0x080006d0   0x00000044   Code   RO         4052    i.DRV_Flash_AreaWrite16  flash_drv.o
    0x08000714   0x08000714   0x00000016   Code   RO         3899    i.DRV_LED_Init      led_drv.o
    0x0800072a   0x0800072a   0x00000004   Code   RO         3900    i.DRV_LED_Set       led_drv.o
    0x0800072e   0x0800072e   0x0000005c   Code   RO         3967    i.DRV_MT6816_ReadAngle  mt6816_drv.o
    0x0800078a   0x0800078a   0x00000004   Code   RO         4098    i.DRV_Sys_GetTickMs  sys_drv.o
    0x0800078e   0x0800078e   0x00000004   Code   RO         4099    i.DRV_Sys_SystemReset  sys_drv.o
    0x08000792   0x08000792   0x00000002   PAD
    0x08000794   0x08000794   0x0000002c   Code   RO         4005    i.DRV_TB67H450_Init  tb67h450_drv.o
    0x080007c0   0x080007c0   0x00000014   Code   RO         4006    i.DRV_TB67H450_SetCoilCurrent  tb67h450_drv.o
    0x080007d4   0x080007d4   0x00000024   Code   RO         4007    i.DRV_TB67H450_SetDirectionA  tb67h450_drv.o
    0x080007f8   0x080007f8   0x00000024   Code   RO         4008    i.DRV_TB67H450_SetDirectionB  tb67h450_drv.o
    0x0800081c   0x0800081c   0x00000014   Code   RO         3934    i.DRV_Uart_SendBlocking  uart_drv.o
    0x08000830   0x08000830   0x00000014   Code   RO         3935    i.DRV_Uart_SendString  uart_drv.o
    0x08000844   0x08000844   0x00000002   Code   RO          504    i.DebugMon_Handler  stm32f1xx_it.o
    0x08000846   0x08000846   0x00000004   Code   RO           13    i.Error_Handler     main.o
    0x0800084a   0x0800084a   0x00000002   PAD
    0x0800084c   0x0800084c   0x00000024   Code   RO         1812    i.FLASH_MassErase   stm32f1xx_hal_flash_ex.o
    0x08000870   0x08000870   0x00000024   Code   RO         1817    i.FLASH_PageErase   stm32f1xx_hal_flash_ex.o
    0x08000894   0x08000894   0x0000001c   Code   RO         1709    i.FLASH_Program_HalfWord  stm32f1xx_hal_flash.o
    0x080008b0   0x080008b0   0x0000005c   Code   RO         1710    i.FLASH_SetErrorCode  stm32f1xx_hal_flash.o
    0x0800090c   0x0800090c   0x00000054   Code   RO         1711    i.FLASH_WaitForLastOperation  stm32f1xx_hal_flash.o
    0x08000960   0x08000960   0x000000fc   Code   RO          722    i.HAL_ADC_ConfigChannel  stm32f1xx_hal_adc.o
    0x08000a5c   0x08000a5c   0x00000120   Code   RO          731    i.HAL_ADC_Init      stm32f1xx_hal_adc.o
    0x08000b7c   0x08000b7c   0x00000094   Code   RO          233    i.HAL_ADC_MspInit   adc.o
    0x08000c10   0x08000c10   0x00000002   Code   RO         1975    i.HAL_CAN_ErrorCallback  stm32f1xx_hal_can.o
    0x08000c12   0x08000c12   0x000001fc   Code   RO         1982    i.HAL_CAN_IRQHandler  stm32f1xx_hal_can.o
    0x08000e0e   0x08000e0e   0x0000011a   Code   RO         1983    i.HAL_CAN_Init      stm32f1xx_hal_can.o
    0x08000f28   0x08000f28   0x000000ac   Code   RO          275    i.HAL_CAN_MspInit   can.o
    0x08000fd4   0x08000fd4   0x00000002   Code   RO         1990    i.HAL_CAN_RxFifo0FullCallback  stm32f1xx_hal_can.o
    0x08000fd6   0x08000fd6   0x00000002   Code   RO         1991    i.HAL_CAN_RxFifo0MsgPendingCallback  stm32f1xx_hal_can.o
    0x08000fd8   0x08000fd8   0x00000002   Code   RO         1992    i.HAL_CAN_RxFifo1FullCallback  stm32f1xx_hal_can.o
    0x08000fda   0x08000fda   0x00000002   Code   RO         1993    i.HAL_CAN_RxFifo1MsgPendingCallback  stm32f1xx_hal_can.o
    0x08000fdc   0x08000fdc   0x00000002   Code   RO         1994    i.HAL_CAN_SleepCallback  stm32f1xx_hal_can.o
    0x08000fde   0x08000fde   0x00000002   Code   RO         1997    i.HAL_CAN_TxMailbox0AbortCallback  stm32f1xx_hal_can.o
    0x08000fe0   0x08000fe0   0x00000002   Code   RO         1998    i.HAL_CAN_TxMailbox0CompleteCallback  stm32f1xx_hal_can.o
    0x08000fe2   0x08000fe2   0x00000002   Code   RO         1999    i.HAL_CAN_TxMailbox1AbortCallback  stm32f1xx_hal_can.o
    0x08000fe4   0x08000fe4   0x00000002   Code   RO         2000    i.HAL_CAN_TxMailbox1CompleteCallback  stm32f1xx_hal_can.o
    0x08000fe6   0x08000fe6   0x00000002   Code   RO         2001    i.HAL_CAN_TxMailbox2AbortCallback  stm32f1xx_hal_can.o
    0x08000fe8   0x08000fe8   0x00000002   Code   RO         2002    i.HAL_CAN_TxMailbox2CompleteCallback  stm32f1xx_hal_can.o
    0x08000fea   0x08000fea   0x00000002   Code   RO         2004    i.HAL_CAN_WakeUpFromRxMsgCallback  stm32f1xx_hal_can.o
    0x08000fec   0x08000fec   0x00000046   Code   RO         1373    i.HAL_DMA_Abort     stm32f1xx_hal_dma.o
    0x08001032   0x08001032   0x00000002   PAD
    0x08001034   0x08001034   0x00000130   Code   RO         1374    i.HAL_DMA_Abort_IT  stm32f1xx_hal_dma.o
    0x08001164   0x08001164   0x00000248   Code   RO         1378    i.HAL_DMA_IRQHandler  stm32f1xx_hal_dma.o
    0x080013ac   0x080013ac   0x0000007c   Code   RO         1379    i.HAL_DMA_Init      stm32f1xx_hal_dma.o
    0x08001428   0x08001428   0x000000a8   Code   RO         1818    i.HAL_FLASHEx_Erase  stm32f1xx_hal_flash_ex.o
    0x080014d0   0x080014d0   0x00000014   Code   RO         1715    i.HAL_FLASH_Lock    stm32f1xx_hal_flash.o
    0x080014e4   0x080014e4   0x00000080   Code   RO         1720    i.HAL_FLASH_Program  stm32f1xx_hal_flash.o
    0x08001564   0x08001564   0x00000028   Code   RO         1722    i.HAL_FLASH_Unlock  stm32f1xx_hal_flash.o
    0x0800158c   0x0800158c   0x000001f8   Code   RO         1309    i.HAL_GPIO_Init     stm32f1xx_hal_gpio.o
    0x08001784   0x08001784   0x0000000a   Code   RO         1311    i.HAL_GPIO_ReadPin  stm32f1xx_hal_gpio.o
    0x0800178e   0x0800178e   0x0000000a   Code   RO         1313    i.HAL_GPIO_WritePin  stm32f1xx_hal_gpio.o
    0x08001798   0x08001798   0x0000000c   Code   RO         1003    i.HAL_GetTick       stm32f1xx_hal.o
    0x080017a4   0x080017a4   0x00000010   Code   RO         1009    i.HAL_IncTick       stm32f1xx_hal.o
    0x080017b4   0x080017b4   0x00000024   Code   RO         1010    i.HAL_Init          stm32f1xx_hal.o
    0x080017d8   0x080017d8   0x00000040   Code   RO         1011    i.HAL_InitTick      stm32f1xx_hal.o
    0x08001818   0x08001818   0x0000003c   Code   RO          656    i.HAL_MspInit       stm32f1xx_hal_msp.o
    0x08001854   0x08001854   0x0000001a   Code   RO         1469    i.HAL_NVIC_EnableIRQ  stm32f1xx_hal_cortex.o
    0x0800186e   0x0800186e   0x00000002   PAD
    0x08001870   0x08001870   0x00000040   Code   RO         1475    i.HAL_NVIC_SetPriority  stm32f1xx_hal_cortex.o
    0x080018b0   0x080018b0   0x00000024   Code   RO         1476    i.HAL_NVIC_SetPriorityGrouping  stm32f1xx_hal_cortex.o
    0x080018d4   0x080018d4   0x00000024   Code   RO         1477    i.HAL_NVIC_SystemReset  stm32f1xx_hal_cortex.o
    0x080018f8   0x080018f8   0x000000ec   Code   RO         1271    i.HAL_RCCEx_PeriphCLKConfig  stm32f1xx_hal_rcc_ex.o
    0x080019e4   0x080019e4   0x0000012c   Code   RO         1167    i.HAL_RCC_ClockConfig  stm32f1xx_hal_rcc.o
    0x08001b10   0x08001b10   0x00000020   Code   RO         1174    i.HAL_RCC_GetPCLK1Freq  stm32f1xx_hal_rcc.o
    0x08001b30   0x08001b30   0x00000020   Code   RO         1175    i.HAL_RCC_GetPCLK2Freq  stm32f1xx_hal_rcc.o
    0x08001b50   0x08001b50   0x0000004c   Code   RO         1176    i.HAL_RCC_GetSysClockFreq  stm32f1xx_hal_rcc.o
    0x08001b9c   0x08001b9c   0x00000320   Code   RO         1179    i.HAL_RCC_OscConfig  stm32f1xx_hal_rcc.o
    0x08001ebc   0x08001ebc   0x000000b2   Code   RO         2214    i.HAL_SPI_Init      stm32f1xx_hal_spi.o
    0x08001f6e   0x08001f6e   0x00000002   PAD
    0x08001f70   0x08001f70   0x00000070   Code   RO          341    i.HAL_SPI_MspInit   spi.o
    0x08001fe0   0x08001fe0   0x000001f0   Code   RO         2223    i.HAL_SPI_TransmitReceive  stm32f1xx_hal_spi.o
    0x080021d0   0x080021d0   0x00000028   Code   RO         1480    i.HAL_SYSTICK_Config  stm32f1xx_hal_cortex.o
    0x080021f8   0x080021f8   0x00000002   Code   RO         3231    i.HAL_TIMEx_BreakCallback  stm32f1xx_hal_tim_ex.o
    0x080021fa   0x080021fa   0x00000002   Code   RO         3232    i.HAL_TIMEx_CommutCallback  stm32f1xx_hal_tim_ex.o
    0x080021fc   0x080021fc   0x0000007c   Code   RO         3250    i.HAL_TIMEx_MasterConfigSynchronization  stm32f1xx_hal_tim_ex.o
    0x08002278   0x08002278   0x0000005a   Code   RO         2527    i.HAL_TIM_Base_Init  stm32f1xx_hal_tim.o
    0x080022d2   0x080022d2   0x00000002   PAD
    0x080022d4   0x080022d4   0x000000a0   Code   RO          383    i.HAL_TIM_Base_MspInit  tim.o
    0x08002374   0x08002374   0x0000006c   Code   RO         2532    i.HAL_TIM_Base_Start_IT  stm32f1xx_hal_tim.o
    0x080023e0   0x080023e0   0x000000dc   Code   RO         2536    i.HAL_TIM_ConfigClockSource  stm32f1xx_hal_tim.o
    0x080024bc   0x080024bc   0x00000002   Code   RO         2561    i.HAL_TIM_IC_CaptureCallback  stm32f1xx_hal_tim.o
    0x080024be   0x080024be   0x00000130   Code   RO         2575    i.HAL_TIM_IRQHandler  stm32f1xx_hal_tim.o
    0x080025ee   0x080025ee   0x00000002   PAD
    0x080025f0   0x080025f0   0x00000060   Code   RO          384    i.HAL_TIM_MspPostInit  tim.o
    0x08002650   0x08002650   0x00000002   Code   RO         2578    i.HAL_TIM_OC_DelayElapsedCallback  stm32f1xx_hal_tim.o
    0x08002652   0x08002652   0x000000cc   Code   RO         2599    i.HAL_TIM_PWM_ConfigChannel  stm32f1xx_hal_tim.o
    0x0800271e   0x0800271e   0x0000005a   Code   RO         2602    i.HAL_TIM_PWM_Init  stm32f1xx_hal_tim.o
    0x08002778   0x08002778   0x00000002   Code   RO         2604    i.HAL_TIM_PWM_MspInit  stm32f1xx_hal_tim.o
    0x0800277a   0x0800277a   0x00000002   Code   RO         2605    i.HAL_TIM_PWM_PulseFinishedCallback  stm32f1xx_hal_tim.o
    0x0800277c   0x0800277c   0x000000b4   Code   RO         2607    i.HAL_TIM_PWM_Start  stm32f1xx_hal_tim.o
    0x08002830   0x08002830   0x00000070   Code   RO           14    i.HAL_TIM_PeriodElapsedCallback  main.o
    0x080028a0   0x080028a0   0x00000002   Code   RO         2618    i.HAL_TIM_TriggerCallback  stm32f1xx_hal_tim.o
    0x080028a2   0x080028a2   0x00000002   Code   RO         3510    i.HAL_UARTEx_RxEventCallback  stm32f1xx_hal_uart.o
    0x080028a4   0x080028a4   0x00000002   Code   RO         3524    i.HAL_UART_ErrorCallback  stm32f1xx_hal_uart.o
    0x080028a6   0x080028a6   0x00000002   PAD
    0x080028a8   0x080028a8   0x0000026c   Code   RO         3527    i.HAL_UART_IRQHandler  stm32f1xx_hal_uart.o
    0x08002b14   0x08002b14   0x00000064   Code   RO         3528    i.HAL_UART_Init     stm32f1xx_hal_uart.o
    0x08002b78   0x08002b78   0x000001b8   Code   RO          449    i.HAL_UART_MspInit  usart.o
    0x08002d30   0x08002d30   0x00000002   Code   RO         3534    i.HAL_UART_RxCpltCallback  stm32f1xx_hal_uart.o
    0x08002d32   0x08002d32   0x000000a0   Code   RO         3536    i.HAL_UART_Transmit  stm32f1xx_hal_uart.o
    0x08002dd2   0x08002dd2   0x00000002   Code   RO         3539    i.HAL_UART_TxCpltCallback  stm32f1xx_hal_uart.o
    0x08002dd4   0x08002dd4   0x00000002   Code   RO          505    i.HardFault_Handler  stm32f1xx_it.o
    0x08002dd6   0x08002dd6   0x00000002   PAD
    0x08002dd8   0x08002dd8   0x0000004c   Code   RO          234    i.MX_ADC1_Init      adc.o
    0x08002e24   0x08002e24   0x00000044   Code   RO          276    i.MX_CAN_Init       can.o
    0x08002e68   0x08002e68   0x0000006c   Code   RO          316    i.MX_DMA_Init       dma.o
    0x08002ed4   0x08002ed4   0x000000f0   Code   RO          208    i.MX_GPIO_Init      gpio.o
    0x08002fc4   0x08002fc4   0x0000004c   Code   RO          342    i.MX_SPI1_Init      spi.o
    0x08003010   0x08003010   0x0000006c   Code   RO          385    i.MX_TIM1_Init      tim.o
    0x0800307c   0x0800307c   0x000000a4   Code   RO          386    i.MX_TIM2_Init      tim.o
    0x08003120   0x08003120   0x00000068   Code   RO          387    i.MX_TIM3_Init      tim.o
    0x08003188   0x08003188   0x00000068   Code   RO          388    i.MX_TIM4_Init      tim.o
    0x080031f0   0x080031f0   0x00000038   Code   RO          450    i.MX_USART1_UART_Init  usart.o
    0x08003228   0x08003228   0x00000038   Code   RO          451    i.MX_USART3_UART_Init  usart.o
    0x08003260   0x08003260   0x00000002   Code   RO          506    i.MemManage_Handler  stm32f1xx_it.o
    0x08003262   0x08003262   0x00000002   Code   RO          507    i.NMI_Handler       stm32f1xx_it.o
    0x08003264   0x08003264   0x00000002   Code   RO          508    i.PendSV_Handler    stm32f1xx_it.o
    0x08003266   0x08003266   0x00000034   Code   RO         2252    i.SPI_EndRxTxTransaction  stm32f1xx_hal_spi.o
    0x0800329a   0x0800329a   0x00000002   PAD
    0x0800329c   0x0800329c   0x000000b8   Code   RO         2257    i.SPI_WaitFlagStateUntilTimeout  stm32f1xx_hal_spi.o
    0x08003354   0x08003354   0x00000002   Code   RO          509    i.SVC_Handler       stm32f1xx_it.o
    0x08003356   0x08003356   0x00000002   PAD
    0x08003358   0x08003358   0x00000250   Code   RO         4247    i.S_CheckData       encoder_calibrator_usr.o
    0x080035a8   0x080035a8   0x000001a0   Code   RO         4248    i.S_GenerateTable   encoder_calibrator_usr.o
    0x08003748   0x08003748   0x0000001c   Code   RO         3901    i.S_SetLed          led_drv.o
    0x08003764   0x08003764   0x00000044   Code   RO         3969    i.S_SpiXfer16       mt6816_drv.o
    0x080037a8   0x080037a8   0x00000004   Code   RO          510    i.SysTick_Handler   stm32f1xx_it.o
    0x080037ac   0x080037ac   0x0000007a   Code   RO           15    i.SystemClock_Config  main.o
    0x08003826   0x08003826   0x00000002   Code   RO         3862    i.SystemInit        system_stm32f1xx.o
    0x08003828   0x08003828   0x0000000c   Code   RO          511    i.TIM1_UP_IRQHandler  stm32f1xx_it.o
    0x08003834   0x08003834   0x0000000c   Code   RO          512    i.TIM3_IRQHandler   stm32f1xx_it.o
    0x08003840   0x08003840   0x0000000c   Code   RO          513    i.TIM4_IRQHandler   stm32f1xx_it.o
    0x0800384c   0x0800384c   0x0000009c   Code   RO         2620    i.TIM_Base_SetConfig  stm32f1xx_hal_tim.o
    0x080038e8   0x080038e8   0x0000001a   Code   RO         2621    i.TIM_CCxChannelCmd  stm32f1xx_hal_tim.o
    0x08003902   0x08003902   0x00000014   Code   RO         2631    i.TIM_ETR_SetConfig  stm32f1xx_hal_tim.o
    0x08003916   0x08003916   0x00000010   Code   RO         2632    i.TIM_ITRx_SetConfig  stm32f1xx_hal_tim.o
    0x08003926   0x08003926   0x00000002   PAD
    0x08003928   0x08003928   0x00000060   Code   RO         2633    i.TIM_OC1_SetConfig  stm32f1xx_hal_tim.o
    0x08003988   0x08003988   0x0000006c   Code   RO         2634    i.TIM_OC2_SetConfig  stm32f1xx_hal_tim.o
    0x080039f4   0x080039f4   0x00000068   Code   RO         2635    i.TIM_OC3_SetConfig  stm32f1xx_hal_tim.o
    0x08003a5c   0x08003a5c   0x00000050   Code   RO         2636    i.TIM_OC4_SetConfig  stm32f1xx_hal_tim.o
    0x08003aac   0x08003aac   0x00000022   Code   RO         2638    i.TIM_TI1_ConfigInputStage  stm32f1xx_hal_tim.o
    0x08003ace   0x08003ace   0x00000024   Code   RO         2640    i.TIM_TI2_ConfigInputStage  stm32f1xx_hal_tim.o
    0x08003af2   0x08003af2   0x00000010   Code   RO         3541    i.UART_DMAAbortOnError  stm32f1xx_hal_uart.o
    0x08003b02   0x08003b02   0x0000004e   Code   RO         3551    i.UART_EndRxTransfer  stm32f1xx_hal_uart.o
    0x08003b50   0x08003b50   0x000000c2   Code   RO         3553    i.UART_Receive_IT   stm32f1xx_hal_uart.o
    0x08003c12   0x08003c12   0x00000002   PAD
    0x08003c14   0x08003c14   0x000000b8   Code   RO         3554    i.UART_SetConfig    stm32f1xx_hal_uart.o
    0x08003ccc   0x08003ccc   0x00000072   Code   RO         3557    i.UART_WaitOnFlagUntilTimeout  stm32f1xx_hal_uart.o
    0x08003d3e   0x08003d3e   0x00000002   PAD
    0x08003d40   0x08003d40   0x0000000c   Code   RO          514    i.USART1_IRQHandler  stm32f1xx_it.o
    0x08003d4c   0x08003d4c   0x0000000c   Code   RO          515    i.USART3_IRQHandler  stm32f1xx_it.o
    0x08003d58   0x08003d58   0x0000000c   Code   RO          516    i.USB_HP_CAN1_TX_IRQHandler  stm32f1xx_it.o
    0x08003d64   0x08003d64   0x0000000c   Code   RO          517    i.USB_LP_CAN1_RX0_IRQHandler  stm32f1xx_it.o
    0x08003d70   0x08003d70   0x00000044   Code   RO         4357    i.USR_Button_Init   button_usr.o
    0x08003db4   0x08003db4   0x0000000e   Code   RO         4358    i.USR_Button_IsPressed  button_usr.o
    0x08003dc2   0x08003dc2   0x00000002   PAD
    0x08003dc4   0x08003dc4   0x0000008c   Code   RO         4359    i.USR_Button_Tick   button_usr.o
    0x08003e50   0x08003e50   0x00000024   Code   RO         4322    i.USR_Cycle_Avg     cycle_usr.o
    0x08003e74   0x08003e74   0x00000042   Code   RO         4323    i.USR_Cycle_DataAvg  cycle_usr.o
    0x08003eb6   0x08003eb6   0x0000000c   Code   RO         4324    i.USR_Cycle_Mod     cycle_usr.o
    0x08003ec2   0x08003ec2   0x00000016   Code   RO         4325    i.USR_Cycle_Sub     cycle_usr.o
    0x08003ed8   0x08003ed8   0x00000020   Code   RO         4250    i.USR_EncoderCalibrator_Init  encoder_calibrator_usr.o
    0x08003ef8   0x08003ef8   0x00000198   Code   RO         4253    i.USR_EncoderCalibrator_Tick20kHz  encoder_calibrator_usr.o
    0x08004090   0x08004090   0x0000007c   Code   RO         4254    i.USR_EncoderCalibrator_TickMainLoop  encoder_calibrator_usr.o
    0x0800410c   0x0800410c   0x00000020   Code   RO         4255    i.USR_EncoderCalibrator_Trigger  encoder_calibrator_usr.o
    0x0800412c   0x0800412c   0x0000000c   Code   RO         4155    i.USR_MT6816_GetRawAngle  mt6816_usr.o
    0x08004138   0x08004138   0x0000001c   Code   RO         4157    i.USR_MT6816_Init   mt6816_usr.o
    0x08004154   0x08004154   0x00000030   Code   RO         4158    i.USR_MT6816_IsCalibrated  mt6816_usr.o
    0x08004184   0x08004184   0x0000000c   Code   RO         4159    i.USR_MT6816_SetCalibrationData  mt6816_usr.o
    0x08004190   0x08004190   0x00000034   Code   RO         4160    i.USR_MT6816_UpdateAngle  mt6816_usr.o
    0x080041c4   0x080041c4   0x00000004   Code   RO         4212    i.USR_TB67H450_Init  tb67h450_usr.o
    0x080041c8   0x080041c8   0x000000a8   Code   RO         4213    i.USR_TB67H450_SetFocCurrentVector  tb67h450_usr.o
    0x08004270   0x08004270   0x0000001e   Code   RO         4214    i.USR_TB67H450_Sleep  tb67h450_usr.o
    0x0800428e   0x0800428e   0x00000002   Code   RO          518    i.UsageFault_Handler  stm32f1xx_it.o
    0x08004290   0x08004290   0x00000020   Code   RO         1482    i.__NVIC_SetPriority  stm32f1xx_hal_cortex.o
    0x080042b0   0x080042b0   0x000000d4   Code   RO           16    i.main              main.o
    0x08004384   0x08004384   0x00000012   Data   RO         1180    .constdata          stm32f1xx_hal_rcc.o
    0x08004396   0x08004396   0x00000010   Data   RO         3863    .constdata          system_stm32f1xx.o
    0x080043a6   0x080043a6   0x00000008   Data   RO         3864    .constdata          system_stm32f1xx.o
    0x080043ae   0x080043ae   0x00000802   Data   RO         4199    .constdata          sin_form_usr.o
    0x08004bb0   0x08004bb0   0x00000020   Data   RO         4601    Region$$Table       anon$$obj.o


    Execution Region RW_IRAM1 (Exec base: 0x20000000, Load base: 0x08004bd0, Size: 0x00000df0, Max: 0x00010000, ABSOLUTE)

    Exec Addr    Load Addr    Size         Type   Attr      Idx    E Section Name        Object

    0x20000000   0x08004bd0   0x00000008   Data   RW           17    .data               main.o
    0x20000008   0x08004bd8   0x0000000c   Data   RW         1017    .data               stm32f1xx_hal.o
    0x20000014   0x08004be4   0x00000004   Data   RW         3865    .data               system_stm32f1xx.o
    0x20000018   0x08004be8   0x00000010   Data   RW         4053    .data               flash_drv.o
    0x20000028   0x08004bf8   0x00000008   Data   RW         4161    .data               mt6816_usr.o
    0x20000030   0x08004c00   0x0000000c   Data   RW         4215    .data               tb67h450_usr.o
    0x2000003c   0x08004c0c   0x00000020   Data   RW         4257    .data               encoder_calibrator_usr.o
    0x2000005c   0x08004c2c   0x0000000c   Data   RW         4361    .data               button_usr.o
    0x20000068        -       0x00000074   Zero   RW          235    .bss                adc.o
    0x200000dc        -       0x00000028   Zero   RW          277    .bss                can.o
    0x20000104        -       0x00000058   Zero   RW          343    .bss                spi.o
    0x2000015c        -       0x00000120   Zero   RW          389    .bss                tim.o
    0x2000027c        -       0x000001a0   Zero   RW          452    .bss                usart.o
    0x2000041c   0x08004c38   0x00000004   PAD
    0x20000420        -       0x00000020   Zero   RW         1723    .bss                stm32f1xx_hal_flash.o
    0x20000440        -       0x00000344   Zero   RW         4256    .bss                encoder_calibrator_usr.o
    0x20000784        -       0x0000000c   Zero   RW         4360    .bss                button_usr.o
    0x20000790        -       0x00000060   Zero   RW         4473    .bss                c_w.l(libspace.o)
    0x200007f0        -       0x00000200   Zero   RW            2    HEAP                startup_stm32f103xe.o
    0x200009f0        -       0x00000400   Zero   RW            1    STACK               startup_stm32f103xe.o


==============================================================================

Image component sizes


      Code (inc. data)   RO Data    RW Data    ZI Data      Debug   Object Name

       224         30          0          0        116       1747   adc.o
        40          4          0          0          0        601   button_drv.o
       222         18          0         12         12       2527   button_usr.o
       240         22          0          0         40       1679   can.o
       136          0          0          0          0       2948   cycle_usr.o
       108          4          0          0          0        790   dma.o
      1604        390          0         32        836       6000   encoder_calibrator_usr.o
       174          6          0         16          0       3646   flash_drv.o
       240         16          0          0          0        995   gpio.o
        54          6          0          0          0       1837   led_drv.o
       450         94          0          8          0     527800   main.o
       160         10          0          0          0       1995   mt6816_drv.o
       152         28          0          8          0       3414   mt6816_usr.o
         0          0       2050          0          0        552   sin_form_usr.o
       188         22          0          0         88       1661   spi.o
        64         26        304          0       1536        812   startup_stm32f103xe.o
       128         24          0         12          0       5905   stm32f1xx_hal.o
       626         28          0          0          0       3356   stm32f1xx_hal_adc.o
       816          0          0          0          0       9699   stm32f1xx_hal_can.o
       234         24          0          0          0      29514   stm32f1xx_hal_cortex.o
      1082         52          0          0          0       3519   stm32f1xx_hal_dma.o
       392         46          0          0         32       4726   stm32f1xx_hal_flash.o
       240         26          0          0          0       3245   stm32f1xx_hal_flash_ex.o
       524         42          0          0          0       3535   stm32f1xx_hal_gpio.o
        60          8          0          0          0        874   stm32f1xx_hal_msp.o
      1240         84         18          0          0       5112   stm32f1xx_hal_rcc.o
       236         12          0          0          0       1380   stm32f1xx_hal_rcc_ex.o
       910          4          0          0          0       4665   stm32f1xx_hal_spi.o
      1882         98          0          0          0      16330   stm32f1xx_hal_tim.o
       128         20          0          0          0       2401   stm32f1xx_hal_tim_ex.o
      1474         10          0          0          0      10092   stm32f1xx_hal_uart.o
       188         84          0          0          0      10051   stm32f1xx_it.o
         8          0          0          0          0        886   sys_drv.o
         2          0         24          4          0       1119   system_stm32f1xx.o
       136         22          0          0          0       2666   tb67h450_drv.o
       202          8          0         12          0       2620   tb67h450_usr.o
       736         64          0          0        288       4415   tim.o
        40          6          0          0          0       1462   uart_drv.o
       552         48          0          0        416       2759   usart.o

    ----------------------------------------------------------------------
     15924       1386       2428        104       3368     689335   Object Totals
         0          0         32          0          0          0   (incl. Generated)
        32          0          0          0          4          0   (incl. Padding)

    ----------------------------------------------------------------------

      Code (inc. data)   RO Data    RW Data    ZI Data      Debug   Library Member Name

         8          0          0          0          0         68   __main.o
       184          0          0          0          0         84   __printf_ss.o
         0          0          0          0          0          0   __rtentry.o
        12          0          0          0          0          0   __rtentry2.o
         6          0          0          0          0          0   __rtentry4.o
        52          8          0          0          0          0   __scatter.o
        26          0          0          0          0          0   __scatter_copy.o
        28          0          0          0          0          0   __scatter_zi.o
        48          6          0          0          0         96   _printf_char_common.o
         6          0          0          0          0          0   _printf_d.o
       120         16          0          0          0         92   _printf_dec.o
       178          0          0          0          0         88   _printf_intcommon.o
         0          0          0          0          0          0   _printf_percent.o
         4          0          0          0          0          0   _printf_percent_end.o
         6          0          0          0          0          0   _printf_u.o
        10          0          0          0          0         68   _sputc.o
        18          0          0          0          0         80   exit.o
         6          0          0          0          0        152   heapauxi.o
         0          0          0          0          0          0   indicate_semi.o
         2          0          0          0          0          0   libinit.o
         2          0          0          0          0          0   libinit2.o
         2          0          0          0          0          0   libshutdown.o
         2          0          0          0          0          0   libshutdown2.o
         8          4          0          0         96         68   libspace.o
        38          0          0          0          0         68   llushr.o
        40          6          0          0          0         84   noretval__2sprintf.o
        78          0          0          0          0         80   rt_memclr_w.o
         2          0          0          0          0          0   rtexit.o
        10          0          0          0          0          0   rtexit2.o
        62          0          0          0          0         76   strlen.o
        12          4          0          0          0         68   sys_exit.o
        74          0          0          0          0         80   sys_stackheap_outer.o
         2          0          0          0          0         68   use_no_semi.o

    ----------------------------------------------------------------------
      1056         44          0          0         96       1320   Library Totals
        10          0          0          0          0          0   (incl. Padding)

    ----------------------------------------------------------------------

      Code (inc. data)   RO Data    RW Data    ZI Data      Debug   Library Name

      1046         44          0          0         96       1320   c_w.l

    ----------------------------------------------------------------------
      1056         44          0          0         96       1320   Library Totals

    ----------------------------------------------------------------------

==============================================================================


      Code (inc. data)   RO Data    RW Data    ZI Data      Debug   

     16980       1430       2428        104       3464     681187   Grand Totals
     16980       1430       2428        104       3464     681187   ELF Image Totals
     16980       1430       2428        104          0          0   ROM Totals

==============================================================================

    Total RO  Size (Code + RO Data)                19408 (  18.95kB)
    Total RW  Size (RW Data + ZI Data)              3568 (   3.48kB)
    Total ROM Size (Code + RO Data + RW Data)      19512 (  19.05kB)

==============================================================================

