*** Using Compiler 'V5.06 update 7 (build 960)', folder: 'D:\keil5\ARM\ARM_Compiler_5.06u7\Bin'
Rebuild target 'ELA_StepMotor'
assembling startup_stm32f103xe.s...
compiling adc.c...
compiling usart.c...
compiling main.c...
../Core/Src/main.c(106): warning:  #223-D: function "elaco_main" declared implicitly
  	elaco_main();
../Core/Src/main.c: 1 warning, 0 errors
compiling stm32f1xx_it.c...
compiling stm32f1xx_hal_adc_ex.c...
compiling gpio.c...
compiling stm32f1xx_hal_rcc_ex.c...
compiling stm32f1xx_hal_rcc.c...
compiling stm32f1xx_hal_adc.c...
compiling can.c...
compiling spi.c...
compiling stm32f1xx_hal.c...
compiling stm32f1xx_hal_msp.c...
compiling tim.c...
compiling stm32f1xx_hal_gpio_ex.c...
compiling dma.c...
compiling ela_sinform.c...
compiling ela_uart_usr.c...
compiling system_stm32f1xx.c...
compiling stm32f1xx_hal_cortex.c...
compiling stm32f1xx_hal_can.c...
compiling stm32f1xx_hal_exti.c...
compiling stm32f1xx_hal_gpio.c...
compiling stm32f1xx_hal_spi.c...
compiling ela_can_queue.c...
compiling stm32f1xx_hal_dma.c...
compiling stm32f1xx_hal_pwr.c...
compiling ela_uart_queue.c...
compiling stm32f1xx_hal_flash_ex.c...
compiling stm32f1xx_hal_flash.c...
compiling stm32f1xx_hal_uart.c...
compiling elaco_main.c...
compiling ela_cyclecal.c...
compiling mb.c...
compiling mbascii.c...
compiling stm32f1xx_hal_tim.c...
compiling stm32f1xx_hal_tim_ex.c...
compiling ela_uart_drv.c...
compiling mbcrc.c...
compiling mbfunccoils.c...
compiling mbfuncdiag.c...
compiling mbfuncdisc.c...
compiling mbfuncholding.c...
compiling mbfuncinput.c...
compiling mbfuncother.c...
compiling mbrtu.c...
..\FreeModbus\modbus\mbrtu.c(152): warning:  #550-D: variable "xFrameReceived"  was set but never used
      BOOL            xFrameReceived = FALSE;
..\FreeModbus\modbus\mbrtu.c: 1 warning, 0 errors
compiling mbutils.c...
compiling mbtcp.c...
compiling port.c...
compiling portevent.c...
compiling ela_tb67h450_usr.c...
..\ELA_LIB\ela_tb67h450_usr.c(90): warning:  #177-D: function "tb67h450_usr_abs"  was declared but never referenced
  static short tb67h450_usr_abs(short val)
..\ELA_LIB\ela_tb67h450_usr.c: 1 warning, 0 errors
compiling ela_mt6816_drv.c...
compiling ela_stockfile_usr.c...
compiling ela_mt6816_usr.c...
compiling ela_stockfile_drv.c...
..\ELA_LIB\ela_stockfile_drv.c(51): warning:  #177-D: function "stockfile_drv_program_word"  was declared but never referenced
  static void stockfile_drv_program_word(uint32_t address,
..\ELA_LIB\ela_stockfile_drv.c(65): warning:  #177-D: function "stockfile_drv_program_dword"  was declared but never referenced
  static void stockfile_drv_program_dword(uint32_t address,
..\ELA_LIB\ela_stockfile_drv.c: 2 warnings, 0 errors
compiling ela_pow_det_usr.c...
compiling ela_tb67h450_drv.c...
compiling ela_pow_det_drv.c...
compiling ela_button_usr.c...
compiling ela_button_drv.c...
compiling elaco_calibration_usr.c...
compiling portserial.c...
compiling porttimer.c...
compiling test_mt6816.c...
compiling test_position_cl.c...
..\ModTest\test_position_cl.c(53): warning:  #177-D: variable "s_cl_tick"  was declared but never referenced
  static unsigned char s_cl_tick = 0;
..\ModTest\test_position_cl.c(54): warning:  #550-D: variable "s_cl_inband_cnt"  was set but never used
  static unsigned char s_cl_inband_cnt = 0;
..\ModTest\test_position_cl.c: 2 warnings, 0 errors
linking...
Program Size: Code=24436 RO-data=2488 RW-data=304 ZI-data=4424  
FromELF: creating hex file...
"ELA_StepMotor\ELA_StepMotor.axf" - 0 Error(s), 7 Warning(s).
Build Time Elapsed:  00:00:05
