*** Using Compiler 'V5.06 update 7 (build 960)', folder: 'D:\keil5\ARM\ARM_Compiler_5.06u7\Bin'
Build target 'ELA_StepMotor'
compiling stm32f1xx_hal_msp.c...
compiling main.c...
../Core/Src/main.c(106): warning:  #223-D: function "elaco_main" declared implicitly
  	elaco_main();
../Core/Src/main.c: 1 warning, 0 errors
compiling adc.c...
compiling stm32f1xx_it.c...
compiling dma.c...
compiling stm32f1xx_hal_rcc_ex.c...
compiling usart.c...
compiling stm32f1xx_hal.c...
compiling tim.c...
compiling stm32f1xx_hal_gpio_ex.c...
compiling gpio.c...
compiling stm32f1xx_hal_adc.c...
compiling spi.c...
compiling stm32f1xx_hal_adc_ex.c...
compiling can.c...
compiling ela_sinform.c...
compiling stm32f1xx_hal_rcc.c...
compiling stm32f1xx_hal_gpio.c...
compiling stm32f1xx_hal_cortex.c...
compiling system_stm32f1xx.c...
compiling stm32f1xx_hal_can.c...
compiling ela_can_queue.c...
compiling stm32f1xx_hal_exti.c...
compiling stm32f1xx_hal_dma.c...
compiling ela_uart_queue.c...
compiling stm32f1xx_hal_flash_ex.c...
compiling stm32f1xx_hal_spi.c...
compiling stm32f1xx_hal_flash.c...
compiling stm32f1xx_hal_pwr.c...
compiling elaco_main.c...
..\ELA_LIB\elaco_main.c(48): error:  #20: identifier "MOTION_RUN_TGT_0DEG" is undefined
          ela_motion_run_goto_target(MOTION_RUN_TGT_0DEG);
..\ELA_LIB\elaco_main.c: 0 warnings, 1 error
compiling ela_cyclecal.c...
compiling ela_uart_drv.c...
compiling stm32f1xx_hal_tim_ex.c...
compiling ela_uart_usr.c...
compiling stm32f1xx_hal_uart.c...
compiling mbascii.c...
compiling mb.c...
compiling stm32f1xx_hal_tim.c...
compiling mbcrc.c...
compiling mbfuncdisc.c...
compiling mbfuncdiag.c...
compiling mbfunccoils.c...
compiling mbfuncholding.c...
compiling mbfuncinput.c...
compiling mbrtu.c...
..\FreeModbus\modbus\mbrtu.c(152): warning:  #550-D: variable "xFrameReceived"  was set but never used
      BOOL            xFrameReceived = FALSE;
..\FreeModbus\modbus\mbrtu.c: 1 warning, 0 errors
compiling mbfuncother.c...
compiling ela_button_drv.c...
compiling ela_stockfile_drv.c...
..\ELA_LIB\ela_stockfile_drv.c(51): warning:  #177-D: function "stockfile_drv_program_word"  was declared but never referenced
  static void stockfile_drv_program_word(uint32_t address,
..\ELA_LIB\ela_stockfile_drv.c(65): warning:  #177-D: function "stockfile_drv_program_dword"  was declared but never referenced
  static void stockfile_drv_program_dword(uint32_t address,
..\ELA_LIB\ela_stockfile_drv.c: 2 warnings, 0 errors
compiling ela_stockfile_usr.c...
compiling ela_tb67h450_usr.c...
..\ELA_LIB\ela_tb67h450_usr.c(92): warning:  #177-D: function "tb67h450_usr_abs"  was declared but never referenced
  static short tb67h450_usr_abs(short val)
..\ELA_LIB\ela_tb67h450_usr.c: 1 warning, 0 errors
compiling mbtcp.c...
compiling ela_tb67h450_drv.c...
compiling ela_mt6816_usr.c...
compiling ela_mt6816_drv.c...
compiling mbutils.c...
compiling portevent.c...
compiling ela_pow_det_drv.c...
compiling port.c...
compiling ela_button_usr.c...
compiling ela_pow_det_usr.c...
compiling elaco_calibration_usr.c...
compiling ela_motion_run_usr.c...
compiling portserial.c...
compiling porttimer.c...
"ELA_StepMotor\ELA_StepMotor.axf" - 1 Error(s), 5 Warning(s).
Target not created.
Build Time Elapsed:  00:00:05
